08-21 11:25:10.801 V/fwling-MDMService( 1595): MQTT connect Failure!Unable to connect to server (32103) - java.net.ConnectException: failed to connect to /18.192.20.69 (port 1883) from /:: (port 0) after 30000ms: connect failed: ENETUNREACH (Network is unreachable)
08-21 11:25:10.803 I/chatty  (  505): uid=1000(system) /vendor/bin/connmgr expire 11 lines
08-21 11:25:11.477 D/checkNetWork---( 1595): false
08-21 11:25:13.336 I/chatty  (  767): uid=1000(system) WifiScanningSer expire 13 lines
08-21 11:25:14.521 D/checkNetWork---( 1595): false
08-21 11:25:14.656 I/chatty  (  989): uid=10043(com.android.systemui) expire 100 lines
08-21 11:25:14.657 I/收到广播--- logs::( 1595): android.intent.action.BATTERY_CHANGED
08-21 11:25:14.782 I/收到广播--- logs::( 1595): android.intent.action.BATTERY_CHANGED
08-21 11:25:16.918 I/chatty  (  493): uid=1000(system) watchdog expire 10 lines
08-21 11:25:17.567 D/checkNetWork---( 1595): false
08-21 11:25:19.654 I/chatty  (  492): uid=1000(system) /vendor/bin/thermald expire 10 lines
08-21 11:25:19.778 I/收到广播--- logs::( 1595): android.intent.action.BATTERY_CHANGED
08-21 11:25:19.896 I/收到广播--- logs::( 1595): android.intent.action.BATTERY_CHANGED
08-21 11:25:20.608 D/checkNetWork---( 1595): false
08-21 11:25:20.981 I/chatty  (  397): uid=0(root) power@4.0-servi expire 39 lines
08-21 11:25:20.985 I/chatty  (  371): uid=1041(audioserver) writer expire 15 lines
08-21 11:25:20.992 I/chatty  (  371): uid=1041(audioserver) Audio Stream Ro expire 41 lines
08-21 11:25:21.061 I/chatty  ( 1147): uid=1000(system) com.android.settings expire 15 lines
08-21 11:25:21.212 I/chatty  ( 1147): uid=1000(system) com.android.settings expire 2 lines
08-21 11:25:21.237 I/chatty  ( 1147): uid=1000(system) RenderThread expire 11 lines
08-21 11:25:21.238 I/chatty  (  377): uid=1000(system) HwBinder:377_3 expire 15 lines
08-21 11:25:21.287 I/LatinIME( 1240): Starting input. Cursor position = 0,0
08-21 11:25:21.322 E/DictionaryFacilitatorImpl( 1240): Cannot create dictionary: user
08-21 11:25:21.322 E/DictionaryFacilitatorImpl( 1240): java.lang.reflect.InvocationTargetException
08-21 11:25:21.322 E/DictionaryFacilitatorImpl( 1240): 	at java.lang.reflect.Method.invoke(Native Method)
08-21 11:25:21.322 E/DictionaryFacilitatorImpl( 1240): 	at com.android.inputmethod.latin.DictionaryFacilitatorImpl.getSubDict(DictionaryFacilitatorImpl.java:262)
08-21 11:25:21.322 E/DictionaryFacilitatorImpl( 1240): 	at com.android.inputmethod.latin.DictionaryFacilitatorImpl.resetDictionaries(DictionaryFacilitatorImpl.java:340)
08-21 11:25:21.322 E/DictionaryFacilitatorImpl( 1240): 	at com.android.inputmethod.latin.LatinIME.resetDictionaryFacilitator(LatinIME.java:710)
08-21 11:25:21.322 E/DictionaryFacilitatorImpl( 1240): 	at com.android.inputmethod.latin.LatinIME.loadSettings(LatinIME.java:652)
08-21 11:25:21.322 E/DictionaryFacilitatorImpl( 1240): 	at com.android.inputmethod.latin.LatinIME.onStartInputViewInternal(LatinIME.java:983)
08-21 11:25:21.322 E/DictionaryFacilitatorImpl( 1240): 	at com.android.inputmethod.latin.LatinIME$UIHandler.onStartInputView(LatinIME.java:511)
08-21 11:25:21.322 E/DictionaryFacilitatorImpl( 1240): 	at com.android.inputmethod.latin.LatinIME.onStartInputView(LatinIME.java:817)
08-21 11:25:21.322 E/DictionaryFacilitatorImpl( 1240): 	at android.inputmethodservice.InputMethodService.startViews(InputMethodService.java:1955)
08-21 11:25:21.322 E/DictionaryFacilitatorImpl( 1240): 	at android.inputmethodservice.InputMethodService.showWindow(InputMethodService.java:1884)
08-21 11:25:21.322 E/DictionaryFacilitatorImpl( 1240): 	at android.inputmethodservice.InputMethodService$InputMethodImpl.showSoftInput(InputMethodService.java:638)
08-21 11:25:21.322 E/DictionaryFacilitatorImpl( 1240): 	at android.inputmethodservice.IInputMethodWrapper.executeMessage(IInputMethodWrapper.java:220)
08-21 11:25:21.322 E/DictionaryFacilitatorImpl( 1240): 	at com.android.internal.os.HandlerCaller$MyHandler.handleMessage(HandlerCaller.java:44)
08-21 11:25:21.322 E/DictionaryFacilitatorImpl( 1240): 	at android.os.Handler.dispatchMessage(Handler.java:107)
08-21 11:25:21.322 E/DictionaryFacilitatorImpl( 1240): 	at android.os.Looper.loop(Looper.java:214)
08-21 11:25:21.322 E/DictionaryFacilitatorImpl( 1240): 	at android.app.ActivityThread.main(ActivityThread.java:7626)
08-21 11:25:21.322 E/DictionaryFacilitatorImpl( 1240): 	at java.lang.reflect.Method.invoke(Native Method)
08-21 11:25:21.322 E/DictionaryFacilitatorImpl( 1240): 	at com.android.internal.os.RuntimeInit$MethodAndArgsCaller.run(RuntimeInit.java:503)
08-21 11:25:21.322 E/DictionaryFacilitatorImpl( 1240): 	at com.android.internal.os.ZygoteInit.main(ZygoteInit.java:936)
08-21 11:25:21.322 E/DictionaryFacilitatorImpl( 1240): Caused by: java.lang.SecurityException: Failed to find provider user_dictionary for user 0; expected to find a valid ContentProvider for this authority
08-21 11:25:21.322 E/DictionaryFacilitatorImpl( 1240): 	at android.os.Parcel.createException(Parcel.java:2071)
08-21 11:25:21.322 E/DictionaryFacilitatorImpl( 1240): 	at android.os.Parcel.readException(Parcel.java:2039)
08-21 11:25:21.322 E/DictionaryFacilitatorImpl( 1240): 	at android.os.Parcel.readException(Parcel.java:1987)
08-21 11:25:21.322 E/DictionaryFacilitatorImpl( 1240): 	at android.content.IContentService$Stub$Proxy.registerContentObserver(IContentService.java:1234)
08-21 11:25:21.322 E/DictionaryFacilitatorImpl( 1240): 	at android.content.ContentResolver.registerContentObserver(ContentResolver.java:2263)
08-21 11:25:21.322 E/DictionaryFacilitatorImpl( 1240): 	at android.content.ContentResolver.registerContentObserver(ContentResolver.java:2251)
08-21 11:25:21.322 E/DictionaryFacilitatorImpl( 1240): 	at com.android.inputmethod.latin.UserBinaryDictionary.<init>(UserBinaryDictionary.java:92)
08-21 11:25:21.322 E/DictionaryFacilitatorImpl( 1240): 	at com.android.inputmethod.latin.UserBinaryDictionary.getDictionary(UserBinaryDictionary.java:101)
08-21 11:25:21.322 E/DictionaryFacilitatorImpl( 1240): 	... 19 more
08-21 11:25:21.322 E/DictionaryFacilitatorImpl( 1240): Caused by: android.os.RemoteException: Remote stack trace:
08-21 11:25:21.322 E/DictionaryFacilitatorImpl( 1240): 	at com.android.server.content.ContentService.registerContentObserver(ContentService.java:344)
08-21 11:25:21.322 E/DictionaryFacilitatorImpl( 1240): 	at android.content.IContentService$Stub.onTransact(IContentService.java:482)
08-21 11:25:21.322 E/DictionaryFacilitatorImpl( 1240): 	at android.os.Binder.execTransactInternal(Binder.java:1045)
08-21 11:25:21.322 E/DictionaryFacilitatorImpl( 1240): 	at android.os.Binder.execTransact(Binder.java:1018)
08-21 11:25:21.322 E/DictionaryFacilitatorImpl( 1240): 
08-21 11:25:21.339 D/mali_winsys( 1240): EGLint new_window_surface(egl_winsys_display *, void *, EGLSurface, EGLConfig, egl_winsys_surface **, EGLBoolean) returns 0x3000
08-21 11:25:21.343 I/chatty  (  378): uid=1000(system) composer@2.1-se expire 12 lines
08-21 11:25:21.354 I/gralloc ( 1240): gralloc_register hnd=0x936c0640, share_fd=64, format=1, internal_format=0x1, byte_stride=1920, flags=4, usage=0xb00, size=1570560, width=480, height=818, internalWidth=480, internalHeight=818, stride=480, base=0x7f0ca000, writeOwner=0, min_pgsz=4096
08-21 11:25:21.354 E/        ( 1240): Shared attribute region not available to be mapped
08-21 11:25:21.740 I/chatty  (  408): uid=1000(system) /system/bin/surfaceflinger expire 11 lines
08-21 11:25:22.594 I/gralloc ( 1240): gralloc_register hnd=0x7fe47840, share_fd=66, format=1, internal_format=0x1, byte_stride=1920, flags=4, usage=0xb00, size=1570560, width=480, height=818, internalWidth=480, internalHeight=818, stride=480, base=0x7ef4a000, writeOwner=0, min_pgsz=4096
08-21 11:25:22.594 E/        ( 1240): Shared attribute region not available to be mapped
08-21 11:25:23.653 D/checkNetWork---( 1595): false
08-21 11:25:24.717 I/chatty  (  371): uid=1041(audioserver) audio@2.0-servi expire 6 lines
08-21 11:25:24.890 I/收到广播--- logs::( 1595): android.intent.action.BATTERY_CHANGED
08-21 11:25:25.006 I/收到广播--- logs::( 1595): android.intent.action.BATTERY_CHANGED
08-21 11:25:26.168 I/gralloc ( 1240): gralloc_register hnd=0x7fe47b40, share_fd=67, format=1, internal_format=0x1, byte_stride=1920, flags=4, usage=0xb00, size=1570560, width=480, height=818, internalWidth=480, internalHeight=818, stride=480, base=0x7edca000, writeOwner=0, min_pgsz=4096
08-21 11:25:26.168 E/        ( 1240): Shared attribute region not available to be mapped
08-21 11:25:26.174 I/chatty  (  408): uid=1000(system) Binder:408_3 expire 8 lines
08-21 11:25:26.697 D/checkNetWork---( 1595): false
08-21 11:25:27.435 I/chatty  (  767): uid=1000(system) InputReader expire 22 lines
08-21 11:25:29.740 D/checkNetWork---( 1595): false
08-21 11:25:30.012 I/收到广播--- logs::( 1595): android.intent.action.BATTERY_CHANGED
08-21 11:25:30.128 I/收到广播--- logs::( 1595): android.intent.action.BATTERY_CHANGED
08-21 11:25:32.777 D/checkNetWork---( 1595): false
08-21 11:25:33.544 I/chatty  (  397): uid=0(root) power@4.0-servi expire 18 lines
08-21 11:25:35.133 I/chatty  (  989): uid=10043(com.android.systemui) expire 44 lines
08-21 11:25:35.134 I/收到广播--- logs::( 1595): android.intent.action.BATTERY_CHANGED
08-21 11:25:35.257 I/收到广播--- logs::( 1595): android.intent.action.BATTERY_CHANGED
08-21 11:25:35.767 I/chatty  (  691): uid=0(root) /vendor/bin/cp_diskserver expire 6 lines
08-21 11:25:35.817 D/checkNetWork---( 1595): false
08-21 11:25:36.541 I/chatty  (  397): uid=0(root) power@4.0-servi expire 52 lines
08-21 11:25:36.920 I/chatty  (  493): uid=1000(system) watchdog expire 10 lines
08-21 11:25:37.806 I/chatty  (  767): uid=1000(system) InputReader expire 24 lines
08-21 11:25:38.857 D/checkNetWork---( 1595): false
08-21 11:25:40.251 I/收到广播--- logs::( 1595): android.intent.action.BATTERY_CHANGED
08-21 11:25:40.366 I/收到广播--- logs::( 1595): android.intent.action.BATTERY_CHANGED
08-21 11:25:41.327 I/chatty  (  505): uid=1000(system) /vendor/bin/connmgr expire 10 lines
08-21 11:25:41.898 D/checkNetWork---( 1595): false
08-21 11:25:44.942 D/checkNetWork---( 1595): false
08-21 11:25:45.259 I/chatty  (  492): uid=1000(system) /vendor/bin/thermald expire 10 lines
08-21 11:25:45.377 I/chatty  (  989): uid=10043(com.android.systemui) expire 23 lines
08-21 11:25:45.379 I/收到广播--- logs::( 1595): android.intent.action.BATTERY_CHANGED
08-21 11:25:47.978 D/checkNetWork---( 1595): false
08-21 11:25:48.014 I/chatty  (  767): uid=1000(system) InputReader expire 13 lines
08-21 11:25:48.757 I/chatty  (  397): uid=0(root) power@4.0-servi expire 4 lines
08-21 11:25:48.830 I/chatty  (  767): uid=1000(system) SRecogCollector expire 20 lines
08-21 11:25:48.835 I/chatty  (  371): uid=1041(audioserver) Audio Stream Ro expire 74 lines
08-21 11:25:48.865 D/keymaster_worker(  448): start begin
08-21 11:25:48.867 D/keymaster_worker(  448): begin hidl cb called
08-21 11:25:48.867 D/keymaster_worker(  448): finish begin
08-21 11:25:48.867 D/keymaster_worker(  448): callback called
08-21 11:25:48.868 D/keymaster_worker(  448): start update
08-21 11:25:48.868 D/android.hardware.keymaster@4.0-impl.unisoc.trusty(  327): There have 1st rounds to send, left:20, total:20
08-21 11:25:48.869 D/keymaster_worker(  448): finish update
08-21 11:25:48.870 D/keymaster_worker(  448): start finish
08-21 11:25:48.871 D/keymaster_worker(  448): finish finihs
08-21 11:25:48.880 D/keymaster_worker(  448): start addRngEntropy
08-21 11:25:48.881 D/keymaster_worker(  448): finish addRngEntropy
08-21 11:25:48.881 D/keymaster_worker(  448): start begin
08-21 11:25:48.882 D/keymaster_worker(  448): begin hidl cb called
08-21 11:25:48.882 D/keymaster_worker(  448): finish begin
08-21 11:25:48.882 D/keymaster_worker(  448): callback called
08-21 11:25:48.883 D/keymaster_worker(  448): start update
08-21 11:25:48.883 D/android.hardware.keymaster@4.0-impl.unisoc.trusty(  327): There have 1st rounds to send, left:32, total:32
08-21 11:25:48.883 D/keymaster_worker(  448): finish update
08-21 11:25:48.884 D/keymaster_worker(  448): start finish
08-21 11:25:48.885 D/keymaster_worker(  448): finish finihs
08-21 11:25:48.898 D/keymaster_worker(  448): start addRngEntropy
08-21 11:25:48.898 D/keymaster_worker(  448): finish addRngEntropy
08-21 11:25:48.898 D/keymaster_worker(  448): start begin
08-21 11:25:48.899 D/keymaster_worker(  448): begin hidl cb called
08-21 11:25:48.899 D/keymaster_worker(  448): finish begin
08-21 11:25:48.899 D/keymaster_worker(  448): callback called
08-21 11:25:48.900 D/keymaster_worker(  448): start update
08-21 11:25:48.901 D/android.hardware.keymaster@4.0-impl.unisoc.trusty(  327): There have 1st rounds to send, left:32, total:32
08-21 11:25:48.901 D/keymaster_worker(  448): finish update
08-21 11:25:48.902 D/keymaster_worker(  448): start finish
08-21 11:25:48.903 D/keymaster_worker(  448): finish finihs
08-21 11:25:48.919 D/keymaster_worker(  448): start addRngEntropy
08-21 11:25:48.919 D/keymaster_worker(  448): finish addRngEntropy
08-21 11:25:48.920 D/keymaster_worker(  448): start begin
08-21 11:25:48.920 D/keymaster_worker(  448): begin hidl cb called
08-21 11:25:48.921 D/keymaster_worker(  448): finish begin
08-21 11:25:48.921 D/keymaster_worker(  448): callback called
08-21 11:25:48.923 D/keymaster_worker(  448): start update
08-21 11:25:48.923 D/android.hardware.keymaster@4.0-impl.unisoc.trusty(  327): There have 1st rounds to send, left:32, total:32
08-21 11:25:48.925 D/keymaster_worker(  448): finish update
08-21 11:25:48.926 D/keymaster_worker(  448): start finish
08-21 11:25:48.927 D/keymaster_worker(  448): finish finihs
08-21 11:25:48.933 D/keymaster_worker(  448): start addRngEntropy
08-21 11:25:48.934 D/keymaster_worker(  448): finish addRngEntropy
08-21 11:25:48.934 D/keymaster_worker(  448): start begin
08-21 11:25:48.934 D/keymaster_worker(  448): begin hidl cb called
08-21 11:25:48.935 D/keymaster_worker(  448): finish begin
08-21 11:25:48.935 D/keymaster_worker(  448): callback called
08-21 11:25:48.936 D/keymaster_worker(  448): start update
08-21 11:25:48.936 D/android.hardware.keymaster@4.0-impl.unisoc.trusty(  327): There have 1st rounds to send, left:32, total:32
08-21 11:25:48.937 D/keymaster_worker(  448): finish update
08-21 11:25:48.938 D/keymaster_worker(  448): start finish
08-21 11:25:48.939 D/keymaster_worker(  448): finish finihs
08-21 11:25:48.949 D/keymaster_worker(  448): start addRngEntropy
08-21 11:25:48.950 D/keymaster_worker(  448): finish addRngEntropy
08-21 11:25:48.950 D/keymaster_worker(  448): start begin
08-21 11:25:48.951 D/keymaster_worker(  448): begin hidl cb called
08-21 11:25:48.952 D/keymaster_worker(  448): finish begin
08-21 11:25:48.952 D/keymaster_worker(  448): callback called
08-21 11:25:48.954 D/keymaster_worker(  448): start update
08-21 11:25:48.955 D/android.hardware.keymaster@4.0-impl.unisoc.trusty(  327): There have 1st rounds to send, left:32, total:32
08-21 11:25:48.955 D/keymaster_worker(  448): finish update
08-21 11:25:48.956 D/keymaster_worker(  448): start finish
08-21 11:25:48.957 D/keymaster_worker(  448): finish finihs
08-21 11:25:48.967 D/keymaster_worker(  448): start addRngEntropy
08-21 11:25:48.967 D/keymaster_worker(  448): finish addRngEntropy
08-21 11:25:48.967 D/keymaster_worker(  448): start begin
08-21 11:25:48.968 D/keymaster_worker(  448): begin hidl cb called
08-21 11:25:48.968 D/keymaster_worker(  448): finish begin
08-21 11:25:48.969 D/keymaster_worker(  448): callback called
08-21 11:25:48.971 D/keymaster_worker(  448): start update
08-21 11:25:48.972 D/android.hardware.keymaster@4.0-impl.unisoc.trusty(  327): There have 1st rounds to send, left:32, total:32
08-21 11:25:48.972 D/keymaster_worker(  448): finish update
08-21 11:25:48.973 D/keymaster_worker(  448): start finish
08-21 11:25:48.976 D/keymaster_worker(  448): finish finihs
08-21 11:25:48.988 I/chatty  (  767): uid=1000(system) android.fg expire 12 lines
08-21 11:25:48.994 I/chatty  (  767): uid=1000(system) ClientModeImpl expire 16 lines
08-21 11:25:49.020 I/chatty  ( 2311): uid=0(root) expire 1 line
08-21 11:25:49.048 I/chatty  ( 2312): uid=0(root) expire 1 line
08-21 11:25:49.076 I/chatty  ( 2313): uid=0(root) expire 1 line
08-21 11:25:49.101 I/chatty  ( 2314): uid=0(root) expire 1 line
08-21 11:25:49.127 D/ip_monitor-445( 2315): 24: wlan0: <NO-CARRIER,BROADCAST,MULTICAST,UP> mtu 1500 qdisc pfifo_fast state DOWN group default
08-21 11:25:49.151 D/ip_monitor-445( 2316): link/ether 9e:ac:e7:b8:43:b8 brd ff:ff:ff:ff:ff:ff
08-21 11:25:49.232 I/netd    (  366): interfaceGetCfg("wlan0") <3.43ms>
08-21 11:25:49.233 I/netd    (  366): interfaceGetCfg("wlan0") <0.26ms>
08-21 11:25:49.233 I/netd    (  366): interfaceGetCfg("wlan0") <0.27ms>
08-21 11:25:49.267 I/chatty  ( 1147): uid=1000(system) RenderThread expire 33 lines
08-21 11:25:49.273 I/chatty  ( 1147): uid=1000(system) com.android.settings expire 2 lines
08-21 11:25:49.277 I/chatty  (  377): uid=1000(system) HwBinder:377_3 expire 27 lines
08-21 11:25:49.287 I/chatty  (  408): uid=1000(system) Binder:408_4 expire 10 lines
08-21 11:25:49.318 D/PowerHAL(  397): ###Enter interaction_other scene bgn###
08-21 11:25:49.318 D/PowerHAL(  397): ###Enter interaction_other scene end###
08-21 11:25:49.321 I/gralloc ( 1240): gralloc_unregister hnd=0x7fe47b40, share_fd=67, format=1, internal_format=0x1, byte_stride=1920, flags=4, usage=0xb00, size=1570560, width=480, height=818, internalWidth=480, internalHeight=818, stride=480, base=0x7edca000, writeOwner=0, min_pgsz=4096
08-21 11:25:49.324 I/gralloc ( 1240): gralloc_unregister hnd=0x936c0640, share_fd=64, format=1, internal_format=0x1, byte_stride=1920, flags=4, usage=0xb00, size=1570560, width=480, height=818, internalWidth=480, internalHeight=818, stride=480, base=0x7f0ca000, writeOwner=0, min_pgsz=4096
08-21 11:25:49.325 I/gralloc ( 1240): gralloc_unregister hnd=0x7fe47840, share_fd=66, format=1, internal_format=0x1, byte_stride=1920, flags=4, usage=0xb00, size=1570560, width=480, height=818, internalWidth=480, internalHeight=818, stride=480, base=0x7ef4a000, writeOwner=0, min_pgsz=4096
08-21 11:25:49.328 W/libEGL  ( 1240): EGLNativeWindowType 0x9f3b42e8 disconnect failed
08-21 11:25:49.335 D/PowerHAL(  397): ###Enter interaction_other scene bgn###
08-21 11:25:49.335 D/PowerHAL(  397): ###Enter interaction_other scene end###
08-21 11:25:49.337 I/chatty  (  378): uid=1000(system) composer@2.1-se expire 26 lines
08-21 11:25:49.734 I/chatty  (  408): uid=1000(system) Binder:408_1 expire 7 lines
08-21 11:25:50.571 D/Power-HealthInfoCallback(  397): Update charge status to: 0
08-21 11:25:50.694 D/Power-HealthInfoCallback(  397): Update charge status to: 0
08-21 11:25:50.699 I/收到广播--- logs::( 1595): android.intent.action.BATTERY_CHANGED
08-21 11:25:51.020 D/checkNetWork---( 1595): false
08-21 11:25:54.062 D/checkNetWork---( 1595): false
08-21 11:25:54.216 D/PowerHAL(  397): ###Enter interaction_other scene bgn###
08-21 11:25:54.216 D/PowerHAL(  397): ###Enter interaction_other scene end###
08-21 11:25:54.216 D/PowerHAL(  397): ###Enter interaction_other scene bgn###
08-21 11:25:54.216 D/PowerHAL(  397): ###Enter interaction_other scene end###
08-21 11:25:54.316 D/PowerHAL(  397): ###Enter launch scene bgn###
08-21 11:25:54.316 D/PowerHAL(  397): ###Enter launch scene end###
08-21 11:25:54.368 D/audio_pga(  371): 'headphone-spk-l' apply
08-21 11:25:54.369 D/audio_pga(  371): 'headphone-spk-r' apply
08-21 11:25:54.369 D/audio_pga(  371): 'cg-pga-gain-l' apply
08-21 11:25:54.369 D/audio_pga(  371): 'cg-pga-gain-r' apply
08-21 11:25:54.369 I/audio_hw_primary(  371): SetAudio_gain_by_devices out, out_devices:0xa, in_devices:0x0
08-21 11:25:54.369 V/audio_hw_primary(  371): do_select_devices X
08-21 11:25:54.369 I/audio_hw_primary(  371): stream_routing_thread looping done.
08-21 11:25:54.369 I/audio_hw_primary(  371): stream_routing_thread looping now...
08-21 11:25:54.458 I/chatty  ( 1147): uid=1000(system) com.android.settings expire 4 lines
08-21 11:25:54.513 D/PowerHAL(  397): ###Enter interaction_other scene bgn###
08-21 11:25:54.513 D/PowerHAL(  397): ###Enter interaction_other scene end###
08-21 11:25:54.544 I/APM_AudioPolicyManagerSPRD(  404): stopOutput portId 15
08-21 11:25:55.686 D/Power-HealthInfoCallback(  397): Update charge status to: 0
08-21 11:25:55.690 I/chatty  (  989): uid=10043(com.android.systemui) expire 57 lines
08-21 11:25:55.691 I/收到广播--- logs::( 1595): android.intent.action.BATTERY_CHANGED
08-21 11:25:55.802 D/Power-HealthInfoCallback(  397): Update charge status to: 0
08-21 11:25:55.806 I/收到广播--- logs::( 1595): android.intent.action.BATTERY_CHANGED
08-21 11:25:56.317 D/PowerHAL(  397): ###Exit launch scene bgn###
08-21 11:25:56.317 D/PowerHAL(  397): ###Exit launch scene end###
08-21 11:25:56.652 D/PowerHAL(  397): ###Enter interaction_other scene bgn###
08-21 11:25:56.652 D/PowerHAL(  397): ###Enter interaction_other scene end###
08-21 11:25:56.652 D/PowerHAL(  397): ###Enter interaction_other scene bgn###
08-21 11:25:56.653 D/PowerHAL(  397): ###Enter interaction_other scene end###
08-21 11:25:56.738 I/APM_AudioPolicyManager(  404): getOutput() stream 1 selected devices {type:0x8,@:}, output 13
08-21 11:25:56.740 I/APM_AudioPolicyManager(  404): getOutput() stream 1 selected devices {type:0x8,@:}, output 13
08-21 11:25:56.740 V/APM_AudioPolicyManagerSPRD(  404): startOutput portId 15
08-21 11:25:56.741 D/PowerHAL(  397): ###Enter launch scene bgn###
08-21 11:25:56.741 D/PowerHAL(  397): ###Enter launch scene end###
08-21 11:25:56.758 I/chatty  ( 1147): uid=1000(system) com.android.settings expire 36 lines
08-21 11:25:56.896 I/APM_AudioPolicyManagerSPRD(  404): stopOutput portId 15
08-21 11:25:56.919 I/chatty  ( 1147): uid=1000(system) com.android.settings expire 1 line
08-21 11:25:56.921 I/chatty  (  493): uid=1000(system) watchdog expire 10 lines
08-21 11:25:57.019 D/PowerHAL(  397): ###Enter interaction_other scene bgn###
08-21 11:25:57.019 D/PowerHAL(  397): ###Enter interaction_other scene end###
08-21 11:25:57.091 I/chatty  (  408): uid=1000(system) Binder:408_2 expire 10 lines
08-21 11:25:57.109 D/checkNetWork---( 1595): false
08-21 11:25:58.441 D/PowerHAL(  397): ###Enter interaction_other scene bgn###
08-21 11:25:58.441 D/PowerHAL(  397): ###Enter interaction_other scene end###
08-21 11:25:58.441 D/PowerHAL(  397): ###Enter interaction_other scene bgn###
08-21 11:25:58.441 D/PowerHAL(  397): ###Enter interaction_other scene end###
08-21 11:25:58.499 I/APM_AudioPolicyManager(  404): getOutput() stream 1 selected devices {type:0x8,@:}, output 13
08-21 11:25:58.500 I/APM_AudioPolicyManager(  404): getOutput() stream 1 selected devices {type:0x8,@:}, output 13
08-21 11:25:58.500 V/APM_AudioPolicyManagerSPRD(  404): startOutput portId 15
08-21 11:25:58.507 D/keymaster_worker(  448): start addRngEntropy
08-21 11:25:58.508 D/keymaster_worker(  448): finish addRngEntropy
08-21 11:25:58.508 D/keymaster_worker(  448): start begin
08-21 11:25:58.509 D/keymaster_worker(  448): begin hidl cb called
08-21 11:25:58.509 D/keymaster_worker(  448): finish begin
08-21 11:25:58.509 D/keymaster_worker(  448): callback called
08-21 11:25:58.510 D/keymaster_worker(  448): start update
08-21 11:25:58.510 D/android.hardware.keymaster@4.0-impl.unisoc.trusty(  327): There have 1st rounds to send, left:32, total:32
08-21 11:25:58.511 D/keymaster_worker(  448): finish update
08-21 11:25:58.513 D/keymaster_worker(  448): start finish
08-21 11:25:58.519 D/keymaster_worker(  448): finish finihs
08-21 11:25:58.534 D/keymaster_worker(  448): start addRngEntropy
08-21 11:25:58.535 D/keymaster_worker(  448): finish addRngEntropy
08-21 11:25:58.535 D/keymaster_worker(  448): start begin
08-21 11:25:58.536 D/keymaster_worker(  448): begin hidl cb called
08-21 11:25:58.536 D/keymaster_worker(  448): finish begin
08-21 11:25:58.536 D/keymaster_worker(  448): callback called
08-21 11:25:58.538 D/keymaster_worker(  448): start update
08-21 11:25:58.538 D/android.hardware.keymaster@4.0-impl.unisoc.trusty(  327): There have 1st rounds to send, left:32, total:32
08-21 11:25:58.539 D/keymaster_worker(  448): finish update
08-21 11:25:58.540 D/keymaster_worker(  448): start finish
08-21 11:25:58.540 D/keymaster_worker(  448): finish finihs
08-21 11:25:58.552 D/keymaster_worker(  448): start addRngEntropy
08-21 11:25:58.553 D/keymaster_worker(  448): finish addRngEntropy
08-21 11:25:58.553 D/keymaster_worker(  448): start begin
08-21 11:25:58.553 D/keymaster_worker(  448): begin hidl cb called
08-21 11:25:58.554 D/keymaster_worker(  448): finish begin
08-21 11:25:58.554 D/keymaster_worker(  448): callback called
08-21 11:25:58.554 D/keymaster_worker(  448): start update
08-21 11:25:58.555 D/android.hardware.keymaster@4.0-impl.unisoc.trusty(  327): There have 1st rounds to send, left:32, total:32
08-21 11:25:58.555 D/keymaster_worker(  448): finish update
08-21 11:25:58.556 D/keymaster_worker(  448): start finish
08-21 11:25:58.556 D/keymaster_worker(  448): finish finihs
08-21 11:25:58.566 D/keymaster_worker(  448): start addRngEntropy
08-21 11:25:58.566 D/keymaster_worker(  448): finish addRngEntropy
08-21 11:25:58.567 D/keymaster_worker(  448): start begin
08-21 11:25:58.568 D/keymaster_worker(  448): begin hidl cb called
08-21 11:25:58.568 D/keymaster_worker(  448): finish begin
08-21 11:25:58.568 D/keymaster_worker(  448): callback called
08-21 11:25:58.569 D/keymaster_worker(  448): start update
08-21 11:25:58.569 D/android.hardware.keymaster@4.0-impl.unisoc.trusty(  327): There have 1st rounds to send, left:32, total:32
08-21 11:25:58.569 D/keymaster_worker(  448): finish update
08-21 11:25:58.570 D/keymaster_worker(  448): start finish
08-21 11:25:58.571 D/keymaster_worker(  448): finish finihs
08-21 11:25:58.658 I/APM_AudioPolicyManagerSPRD(  404): stopOutput portId 15
08-21 11:25:58.743 D/PowerHAL(  397): ###Exit launch scene bgn###
08-21 11:25:58.744 D/PowerHAL(  397): ###Exit launch scene end###
08-21 11:26:00.147 D/checkNetWork---( 1595): false
08-21 11:26:00.808 D/Power-HealthInfoCallback(  397): Update charge status to: 0
08-21 11:26:00.813 I/收到广播--- logs::( 1595): android.intent.action.BATTERY_CHANGED
08-21 11:26:00.923 D/Power-HealthInfoCallback(  397): Update charge status to: 0
08-21 11:26:00.928 I/收到广播--- logs::( 1595): android.intent.action.BATTERY_CHANGED
08-21 11:26:01.640 V/audio_hw_primary(  371): do_output_standby in 0
08-21 11:26:01.647 W/audio_hw_primary(  371): do_output_standby.mode:0 
08-21 11:26:01.647 V/audio_hw_primary(  371): do_output_standby in out
08-21 11:26:03.189 D/checkNetWork---( 1595): false
08-21 11:26:05.779 D/sprd_halo_cali(  691): : @@@###start halo_ctrl_verify_license !!!
08-21 11:26:05.779 D/sprd_halo_cali(  691): : @@@###start halo_ctrl_verify_license !!!
08-21 11:26:05.779 D/sprd_halo_cali(  691): :  [tid:711]###@@@@ halo go halo_pipe_call
08-21 11:26:05.779 D/sprd_halo_cali(  691): 
08-21 11:26:05.779 D/sprd_halo_cali(  691): :  [tid:711]###@@@@ halo go out halo_pipe_call
08-21 11:26:05.779 D/sprd_halo_cali(  691): 
08-21 11:26:05.792 D/sprd_halo_cali(  691): : period halo_ctrl_verify_license ret [0x01]
08-21 11:26:05.792 D/sprd_halo_cali(  691): : period check ok [1]
08-21 11:26:05.925 D/Power-HealthInfoCallback(  397): Update charge status to: 0
08-21 11:26:05.929 I/收到广播--- logs::( 1595): android.intent.action.BATTERY_CHANGED
08-21 11:26:05.930 I/chatty  (  989): uid=10043(com.android.systemui) expire 45 lines
08-21 11:26:06.040 D/Power-HealthInfoCallback(  397): Update charge status to: 0
08-21 11:26:06.044 I/收到广播--- logs::( 1595): android.intent.action.BATTERY_CHANGED
08-21 11:26:06.228 D/checkNetWork---( 1595): false
08-21 11:26:06.846 I/chatty  (  505): uid=1000(system) /vendor/bin/connmgr expire 10 lines
08-21 11:26:08.540 I/chatty  ( 1147): uid=1000(system) RenderThread expire 12 lines
08-21 11:26:08.541 I/chatty  (  377): uid=1000(system) HwBinder:377_3 expire 21 lines
08-21 11:26:08.552 D/PowerHAL(  397): ###Enter interaction_other scene bgn###
08-21 11:26:08.552 D/PowerHAL(  397): ###Enter interaction_other scene end###
08-21 11:26:09.271 D/checkNetWork---( 1595): false
08-21 11:26:10.506 I/chatty  (  408): uid=1000(system) Binder:408_5 expire 12 lines
08-21 11:26:10.508 D/PowerHAL(  397): ###Enter interaction_other scene bgn###
08-21 11:26:10.509 D/PowerHAL(  397): ###Enter interaction_other scene end###
08-21 11:26:10.839 V/fwling-MDMService( 1595): MQTT connMqttBroken Start!
08-21 11:26:10.839 V/fwling-MDMService( 1595): MQTT connect Start!
08-21 11:26:10.850 W/System.err( 1595): Unable to connect to server (32103) - java.net.ConnectException: failed to connect to /18.192.20.69 (port 1883) from /:: (port 0) after 30000ms: connect failed: ENETUNREACH (Network is unreachable)
08-21 11:26:10.850 W/System.err( 1595): 	at org.eclipse.paho.client.mqttv3.internal.TCPNetworkModule.start(TCPNetworkModule.java:80)
08-21 11:26:10.851 W/System.err( 1595): 	at org.eclipse.paho.client.mqttv3.internal.ClientComms$ConnectBG.run(ClientComms.java:724)
08-21 11:26:10.851 W/System.err( 1595): 	at java.lang.Thread.run(Thread.java:919)
08-21 11:26:10.851 W/System.err( 1595): Caused by: java.net.ConnectException: failed to connect to /18.192.20.69 (port 1883) from /:: (port 0) after 30000ms: connect failed: ENETUNREACH (Network is unreachable)
08-21 11:26:10.851 W/System.err( 1595): 	at libcore.io.IoBridge.connect(IoBridge.java:143)
08-21 11:26:10.851 W/System.err( 1595): 	at java.net.PlainSocketImpl.socketConnect(PlainSocketImpl.java:142)
08-21 11:26:10.851 W/System.err( 1595): 	at java.net.AbstractPlainSocketImpl.doConnect(AbstractPlainSocketImpl.java:390)
08-21 11:26:10.851 W/System.err( 1595): 	at java.net.AbstractPlainSocketImpl.connectToAddress(AbstractPlainSocketImpl.java:230)
08-21 11:26:10.851 W/System.err( 1595): 	at java.net.AbstractPlainSocketImpl.connect(AbstractPlainSocketImpl.java:212)
08-21 11:26:10.851 W/System.err( 1595): 	at java.net.SocksSocketImpl.connect(SocksSocketImpl.java:436)
08-21 11:26:10.851 W/System.err( 1595): 	at java.net.Socket.connect(Socket.java:621)
08-21 11:26:10.851 W/System.err( 1595): 	at org.eclipse.paho.client.mqttv3.internal.TCPNetworkModule.start(TCPNetworkModule.java:74)
08-21 11:26:10.851 W/System.err( 1595): 	... 2 more
08-21 11:26:10.852 W/System.err( 1595): Caused by: android.system.ErrnoException: connect failed: ENETUNREACH (Network is unreachable)
08-21 11:26:10.852 W/System.err( 1595): 	at libcore.io.Linux.connect(Native Method)
08-21 11:26:10.852 W/System.err( 1595): 	at libcore.io.ForwardingOs.connect(ForwardingOs.java:95)
08-21 11:26:10.852 W/System.err( 1595): 	at libcore.io.BlockGuardOs.connect(BlockGuardOs.java:136)
08-21 11:26:10.852 W/System.err( 1595): 	at libcore.io.ForwardingOs.connect(ForwardingOs.java:95)
08-21 11:26:10.852 W/System.err( 1595): 	at libcore.io.IoBridge.connectErrno(IoBridge.java:174)
08-21 11:26:10.852 W/System.err( 1595): 	at libcore.io.IoBridge.connect(IoBridge.java:135)
08-21 11:26:10.852 W/System.err( 1595): 	... 9 more
08-21 11:26:10.852 V/fwling-MDMService( 1595): MQTT connect Failure!Unable to connect to server (32103) - java.net.ConnectException: failed to connect to /18.192.20.69 (port 1883) from /:: (port 0) after 30000ms: connect failed: ENETUNREACH (Network is unreachable)
08-21 11:26:10.934 I/chatty  (  492): uid=1000(system) /vendor/bin/thermald expire 7 lines
08-21 11:26:11.042 D/PowerHAL(  397): ###Enter interaction_other scene bgn###
08-21 11:26:11.042 D/PowerHAL(  397): ###Enter interaction_other scene end###
08-21 11:26:11.053 D/Power-HealthInfoCallback(  397): Update charge status to: 0
08-21 11:26:11.060 I/收到广播--- logs::( 1595): android.intent.action.BATTERY_CHANGED
08-21 11:26:11.171 D/Power-HealthInfoCallback(  397): Update charge status to: 0
08-21 11:26:11.176 I/收到广播--- logs::( 1595): android.intent.action.BATTERY_CHANGED
08-21 11:26:11.420 D/PowerHAL(  397): ###Enter interaction_other scene bgn###
08-21 11:26:11.420 D/PowerHAL(  397): ###Enter interaction_other scene end###
08-21 11:26:11.420 D/PowerHAL(  397): ###Enter interaction_other scene bgn###
08-21 11:26:11.420 D/PowerHAL(  397): ###Enter interaction_other scene end###
08-21 11:26:11.434 I/chatty  (  767): uid=1000(system) SRecogCollector expire 10 lines
08-21 11:26:11.490 I/chatty  (  767): uid=1000(system) ClientModeImpl expire 10 lines
08-21 11:26:11.491 I/APM_AudioPolicyManager(  404): getOutput() stream 1 selected devices {type:0x8,@:}, output 13
08-21 11:26:11.493 I/APM_AudioPolicyManager(  404): getOutput() stream 1 selected devices {type:0x8,@:}, output 13
08-21 11:26:11.494 I/chatty  (  767): uid=1000(system) AudioService expire 12 lines
08-21 11:26:11.494 V/APM_AudioPolicyManagerSPRD(  404): startOutput portId 15
08-21 11:26:11.496 D/audio_hw_primary(  371): start output stream mode:0 devices:a call_start:0, call_connected:0, is_voip:0, voip_state:0, is_bt_sco:0,out->audio_app_type:0
08-21 11:26:11.496 I/audio_hw_primary(  371): select_devices_signal starting... adev->out_devices 0xa adev->in_devices 0x0
08-21 11:26:11.496 I/audio_hw_primary(  371): select_devices_signal finished.
08-21 11:26:11.496 V/audio_hw_primary(  371): do_select_devices E
08-21 11:26:11.496 I/audio_hw_primary(  371): start_output_stream open s_tinycard in
08-21 11:26:11.500 D/keymaster_worker(  448): start addRngEntropy
08-21 11:26:11.500 D/keymaster_worker(  448): finish addRngEntropy
08-21 11:26:11.500 D/keymaster_worker(  448): start begin
08-21 11:26:11.501 D/keymaster_worker(  448): begin hidl cb called
08-21 11:26:11.501 D/keymaster_worker(  448): finish begin
08-21 11:26:11.501 D/keymaster_worker(  448): callback called
08-21 11:26:11.502 D/keymaster_worker(  448): start update
08-21 11:26:11.502 D/android.hardware.keymaster@4.0-impl.unisoc.trusty(  327): There have 1st rounds to send, left:32, total:32
08-21 11:26:11.503 I/audio_hw_primary(  371): start_output_stream open s_tinycard successfully
08-21 11:26:11.503 D/keymaster_worker(  448): finish update
08-21 11:26:11.503 I/audio_hw_primary(  371): cache_mute=0 ,mastermute=0
08-21 11:26:11.503 I/audio_hw_primary(  371): Not to change mute: 0
08-21 11:26:11.503 I/audio_hw_primary(  371): Changing out_devices: from (0xfffffff5) to (0x0000000a), Changing in_devices: from (0x00000000) to (0x00000000)
08-21 11:26:11.503 I/audio_hw_primary(  371): GetAudio_PaConfig_nv hp_pa_delay_config 0x0 pa_config:0x202(0x202, 0), 0x0(fm)(0x0, 0),  hpPaConfig:0x53100(0x3100, 5), 0x0(fm)(0x0, 0)
08-21 11:26:11.503 I/audio_hw_primary(  371): SetAudio_PaConfig_by_devices out, out_devices:0xa, in_devices:0x0
08-21 11:26:11.503 V/audio_hw_primary(  371): Set 'SPKL Mixer DACLSPKL Switch'.0 to 1
08-21 11:26:11.503 V/audio_hw_primary(  371): Set 'Speaker Function'.0 to 1
08-21 11:26:11.503 I/audio_hw_primary(  371): Set 'HPL EAR Sel' to 'HPL'
08-21 11:26:11.503 V/audio_hw_primary(  371): Set 'HPL Mixer DACLHPL Switch'.0 to 1
08-21 11:26:11.503 V/audio_hw_primary(  371): Set 'HPR Mixer DACRHPR Switch'.0 to 1
08-21 11:26:11.503 V/audio_hw_primary(  371): Set 'HeadPhone Function'.0 to 1
08-21 11:26:11.503 V/audio_hw_primary(  371): Set 'Mic Function'.0 to 0
08-21 11:26:11.503 V/audio_hw_primary(  371): Set 'ADCL Mixer MainMICADCL Switch'.0 to 0
08-21 11:26:11.504 I/audio_hw_primary(  371): Set 'ADC1 LRCLK Select' to 'normal'
08-21 11:26:11.504 I/audio_hw_primary(  371): Set 'ADC LRCLK Select' to 'normal'
08-21 11:26:11.504 V/audio_hw_primary(  371): Set 'Aux Mic Function'.0 to 0
08-21 11:26:11.504 V/audio_hw_primary(  371): Set 'ADCR Mixer AuxMICADCR Switch'.0 to 0
08-21 11:26:11.504 V/audio_hw_primary(  371): Set 'HP Mic Function'.0 to 0
08-21 11:26:11.504 V/audio_hw_primary(  371): Set 'ADCL Mixer HPMICADCL Switch'.0 to 0
08-21 11:26:11.504 V/audio_hw_primary(  371): Set 'ADCR Mixer HPMICADCR Switch'.0 to 0
08-21 11:26:11.505 V/audio_hw_primary(  371): Set 'Digital FM Function'.0 to 0
08-21 11:26:11.506 V/audio_hw_primary(  371): Set 'DA0 ADDST MUX'.0 to 0
08-21 11:26:11.506 V/audio_hw_primary(  371): Set 'DA1 ADDST MUX'.0 to 0
08-21 11:26:11.506 V/audio_hw_primary(  371): Set 'DA0 ADDFM MUX'.0 to 0
08-21 11:26:11.506 V/audio_hw_primary(  371): Set 'DA1 ADDFM MUX'.0 to 0
08-21 11:26:11.506 V/audio_hw_primary(  371): Set 'Earpiece Function'.0 to 0
08-21 11:26:11.506 V/audio_hw_primary(  371): Set 'EAR Mixer DACLEAR Switch'.0 to 0
08-21 11:26:11.506 I/vb_effect_v2(  371): cur_mode(1)
08-21 11:26:11.506 I/audio_hw_primary(  371): GetAudio_gain_by_devices, outmode:1 inmode:3,indev:0x0, outdev:0xa
08-21 11:26:11.506 W/audio_hw_primary(  371): vb_control_parameters.c pa_config:0x202(0x202, 0), 0x0(fm)(0x0, 0),  hpPaConfig:0x53100(0x3100, 5), 0x0(fm)(0x0, 0)
08-21 11:26:11.506 W/audio_hw_primary(  371): vb_control_parameters.c GetAudio_outpga_nv, dac_pga_gain_l:0x80192251 fm_pga_gain_l:0xc7 fm_pga_gain_r:0xc7 vol_level:0x1 
08-21 11:26:11.506 W/audio_hw_primary(  371): GetAudio_inpga_nv, adc_pga_gain_l:0x982f device:0x0 vol_level:0x1
08-21 11:26:11.506 D/audio_pga(  371): 'headphone-spk-l' apply
08-21 11:26:11.506 D/audio_pga(  371): 'headphone-spk-r' apply
08-21 11:26:11.506 D/audio_pga(  371): 'cg-pga-gain-l' apply
08-21 11:26:11.506 D/audio_pga(  371): 'cg-pga-gain-r' apply
08-21 11:26:11.506 I/audio_hw_primary(  371): SetAudio_gain_by_devices out, out_devices:0xa, in_devices:0x0
08-21 11:26:11.507 V/audio_hw_primary(  371): do_select_devices X
08-21 11:26:11.507 I/audio_hw_primary(  371): stream_routing_thread looping done.
08-21 11:26:11.507 I/audio_hw_primary(  371): stream_routing_thread looping now...
08-21 11:26:11.513 D/keymaster_worker(  448): start finish
08-21 11:26:11.514 D/keymaster_worker(  448): finish finihs
08-21 11:26:11.528 D/keymaster_worker(  448): start addRngEntropy
08-21 11:26:11.529 D/keymaster_worker(  448): finish addRngEntropy
08-21 11:26:11.529 D/keymaster_worker(  448): start begin
08-21 11:26:11.531 D/keymaster_worker(  448): begin hidl cb called
08-21 11:26:11.531 D/keymaster_worker(  448): finish begin
08-21 11:26:11.531 D/keymaster_worker(  448): callback called
08-21 11:26:11.532 D/keymaster_worker(  448): start update
08-21 11:26:11.532 D/android.hardware.keymaster@4.0-impl.unisoc.trusty(  327): There have 1st rounds to send, left:32, total:32
08-21 11:26:11.533 D/keymaster_worker(  448): finish update
08-21 11:26:11.534 D/keymaster_worker(  448): start finish
08-21 11:26:11.534 D/keymaster_worker(  448): finish finihs
08-21 11:26:11.556 D/keymaster_worker(  448): start addRngEntropy
08-21 11:26:11.556 D/keymaster_worker(  448): finish addRngEntropy
08-21 11:26:11.556 D/keymaster_worker(  448): start begin
08-21 11:26:11.560 D/keymaster_worker(  448): begin hidl cb called
08-21 11:26:11.560 D/keymaster_worker(  448): finish begin
08-21 11:26:11.560 D/keymaster_worker(  448): callback called
08-21 11:26:11.562 D/keymaster_worker(  448): start update
08-21 11:26:11.562 D/android.hardware.keymaster@4.0-impl.unisoc.trusty(  327): There have 1st rounds to send, left:32, total:32
08-21 11:26:11.562 D/keymaster_worker(  448): finish update
08-21 11:26:11.563 D/keymaster_worker(  448): start finish
08-21 11:26:11.564 D/keymaster_worker(  448): finish finihs
08-21 11:26:11.571 D/keymaster_worker(  448): start addRngEntropy
08-21 11:26:11.574 D/keymaster_worker(  448): finish addRngEntropy
08-21 11:26:11.574 D/keymaster_worker(  448): start begin
08-21 11:26:11.575 D/keymaster_worker(  448): begin hidl cb called
08-21 11:26:11.575 D/keymaster_worker(  448): finish begin
08-21 11:26:11.576 D/keymaster_worker(  448): callback called
08-21 11:26:11.577 D/keymaster_worker(  448): start update
08-21 11:26:11.577 D/android.hardware.keymaster@4.0-impl.unisoc.trusty(  327): There have 1st rounds to send, left:32, total:32
08-21 11:26:11.577 D/keymaster_worker(  448): finish update
08-21 11:26:11.578 D/keymaster_worker(  448): start finish
08-21 11:26:11.579 D/keymaster_worker(  448): finish finihs
08-21 11:26:12.237 W/AudioFlinger(  404): write blocked for 394 msecs, 2 delayed writes, thread 13
08-21 11:26:12.308 D/checkNetWork---( 1595): false
08-21 11:26:12.402 I/APM_AudioPolicyManagerSPRD(  404): stopOutput portId 15
08-21 11:26:15.350 D/checkNetWork---( 1595): false
08-21 11:26:15.363 V/audio_hw_primary(  371): do_output_standby in 0
08-21 11:26:15.369 W/audio_hw_primary(  371): do_output_standby.mode:0 
08-21 11:26:15.369 V/audio_hw_primary(  371): do_output_standby in out
08-21 11:26:16.168 D/Power-HealthInfoCallback(  397): Update charge status to: 0
08-21 11:26:16.171 I/chatty  (  989): uid=10043(com.android.systemui) expire 44 lines
08-21 11:26:16.172 I/收到广播--- logs::( 1595): android.intent.action.BATTERY_CHANGED
08-21 11:26:16.289 D/Power-HealthInfoCallback(  397): Update charge status to: 0
08-21 11:26:16.293 I/收到广播--- logs::( 1595): android.intent.action.BATTERY_CHANGED
08-21 11:26:16.923 I/chatty  (  493): uid=1000(system) watchdog expire 10 lines
08-21 11:26:18.388 D/checkNetWork---( 1595): false
08-21 11:26:21.286 D/Power-HealthInfoCallback(  397): Update charge status to: 0
08-21 11:26:21.291 I/收到广播--- logs::( 1595): android.intent.action.BATTERY_CHANGED
08-21 11:26:21.402 D/Power-HealthInfoCallback(  397): Update charge status to: 0
08-21 11:26:21.433 D/checkNetWork---( 1595): false
08-21 11:26:21.437 I/收到广播--- logs::( 1595): android.intent.action.BATTERY_CHANGED
08-21 11:26:21.489 I/chatty  ( 1147): uid=1000(system) com.android.settings expire 21 lines
08-21 11:26:21.538 I/chatty  (  377): uid=1000(system) HwBinder:377_1 expire 10 lines
08-21 11:26:21.561 D/PowerHAL(  397): ###Enter interaction_other scene bgn###
08-21 11:26:21.561 D/PowerHAL(  397): ###Enter interaction_other scene end###
08-21 11:26:21.595 I/chatty  (  378): uid=1000(system) composer@2.1-se expire 19 lines
08-21 11:26:23.503 D/PowerHAL(  397): ###Enter interaction_other scene bgn###
08-21 11:26:23.503 D/PowerHAL(  397): ###Enter interaction_other scene end###
08-21 11:26:23.915 D/PowerHAL(  397): ###Enter interaction_other scene bgn###
08-21 11:26:23.915 D/PowerHAL(  397): ###Enter interaction_other scene end###
08-21 11:26:23.915 D/PowerHAL(  397): ###Enter interaction_other scene bgn###
08-21 11:26:23.915 D/PowerHAL(  397): ###Enter interaction_other scene end###
08-21 11:26:24.007 I/APM_AudioPolicyManager(  404): getOutput() stream 1 selected devices {type:0x8,@:}, output 13
08-21 11:26:24.008 I/APM_AudioPolicyManager(  404): getOutput() stream 1 selected devices {type:0x8,@:}, output 13
08-21 11:26:24.008 V/APM_AudioPolicyManagerSPRD(  404): startOutput portId 15
08-21 11:26:24.010 D/audio_hw_primary(  371): start output stream mode:0 devices:a call_start:0, call_connected:0, is_voip:0, voip_state:0, is_bt_sco:0,out->audio_app_type:0
08-21 11:26:24.010 I/audio_hw_primary(  371): select_devices_signal starting... adev->out_devices 0xa adev->in_devices 0x0
08-21 11:26:24.010 I/audio_hw_primary(  371): select_devices_signal finished.
08-21 11:26:24.010 V/audio_hw_primary(  371): do_select_devices E
08-21 11:26:24.010 I/audio_hw_primary(  371): start_output_stream open s_tinycard in
08-21 11:26:24.017 I/audio_hw_primary(  371): start_output_stream open s_tinycard successfully
08-21 11:26:24.018 I/audio_hw_primary(  371): cache_mute=0 ,mastermute=0
08-21 11:26:24.018 I/audio_hw_primary(  371): Not to change mute: 0
08-21 11:26:24.018 I/audio_hw_primary(  371): Changing out_devices: from (0xfffffff5) to (0x0000000a), Changing in_devices: from (0x00000000) to (0x00000000)
08-21 11:26:24.018 I/audio_hw_primary(  371): GetAudio_PaConfig_nv hp_pa_delay_config 0x0 pa_config:0x202(0x202, 0), 0x0(fm)(0x0, 0),  hpPaConfig:0x53100(0x3100, 5), 0x0(fm)(0x0, 0)
08-21 11:26:24.018 I/audio_hw_primary(  371): SetAudio_PaConfig_by_devices out, out_devices:0xa, in_devices:0x0
08-21 11:26:24.018 V/audio_hw_primary(  371): Set 'SPKL Mixer DACLSPKL Switch'.0 to 1
08-21 11:26:24.018 V/audio_hw_primary(  371): Set 'Speaker Function'.0 to 1
08-21 11:26:24.019 I/audio_hw_primary(  371): Set 'HPL EAR Sel' to 'HPL'
08-21 11:26:24.019 V/audio_hw_primary(  371): Set 'HPL Mixer DACLHPL Switch'.0 to 1
08-21 11:26:24.019 V/audio_hw_primary(  371): Set 'HPR Mixer DACRHPR Switch'.0 to 1
08-21 11:26:24.019 V/audio_hw_primary(  371): Set 'HeadPhone Function'.0 to 1
08-21 11:26:24.019 V/audio_hw_primary(  371): Set 'Mic Function'.0 to 0
08-21 11:26:24.019 V/audio_hw_primary(  371): Set 'ADCL Mixer MainMICADCL Switch'.0 to 0
08-21 11:26:24.019 I/audio_hw_primary(  371): Set 'ADC1 LRCLK Select' to 'normal'
08-21 11:26:24.020 I/audio_hw_primary(  371): Set 'ADC LRCLK Select' to 'normal'
08-21 11:26:24.020 V/audio_hw_primary(  371): Set 'Aux Mic Function'.0 to 0
08-21 11:26:24.020 V/audio_hw_primary(  371): Set 'ADCR Mixer AuxMICADCR Switch'.0 to 0
08-21 11:26:24.021 V/audio_hw_primary(  371): Set 'HP Mic Function'.0 to 0
08-21 11:26:24.021 V/audio_hw_primary(  371): Set 'ADCL Mixer HPMICADCL Switch'.0 to 0
08-21 11:26:24.021 V/audio_hw_primary(  371): Set 'ADCR Mixer HPMICADCR Switch'.0 to 0
08-21 11:26:24.021 V/audio_hw_primary(  371): Set 'Digital FM Function'.0 to 0
08-21 11:26:24.021 V/audio_hw_primary(  371): Set 'DA0 ADDST MUX'.0 to 0
08-21 11:26:24.021 V/audio_hw_primary(  371): Set 'DA1 ADDST MUX'.0 to 0
08-21 11:26:24.021 V/audio_hw_primary(  371): Set 'DA0 ADDFM MUX'.0 to 0
08-21 11:26:24.021 V/audio_hw_primary(  371): Set 'DA1 ADDFM MUX'.0 to 0
08-21 11:26:24.021 V/audio_hw_primary(  371): Set 'Earpiece Function'.0 to 0
08-21 11:26:24.021 V/audio_hw_primary(  371): Set 'EAR Mixer DACLEAR Switch'.0 to 0
08-21 11:26:24.021 I/vb_effect_v2(  371): cur_mode(1)
08-21 11:26:24.021 I/audio_hw_primary(  371): GetAudio_gain_by_devices, outmode:1 inmode:3,indev:0x0, outdev:0xa
08-21 11:26:24.021 W/audio_hw_primary(  371): vb_control_parameters.c pa_config:0x202(0x202, 0), 0x0(fm)(0x0, 0),  hpPaConfig:0x53100(0x3100, 5), 0x0(fm)(0x0, 0)
08-21 11:26:24.021 W/audio_hw_primary(  371): vb_control_parameters.c GetAudio_outpga_nv, dac_pga_gain_l:0x80192251 fm_pga_gain_l:0xc7 fm_pga_gain_r:0xc7 vol_level:0x1 
08-21 11:26:24.021 W/audio_hw_primary(  371): GetAudio_inpga_nv, adc_pga_gain_l:0x982f device:0x0 vol_level:0x1
08-21 11:26:24.021 D/audio_pga(  371): 'headphone-spk-l' apply
08-21 11:26:24.022 D/audio_pga(  371): 'headphone-spk-r' apply
08-21 11:26:24.022 D/audio_pga(  371): 'cg-pga-gain-l' apply
08-21 11:26:24.022 D/audio_pga(  371): 'cg-pga-gain-r' apply
08-21 11:26:24.022 I/audio_hw_primary(  371): SetAudio_gain_by_devices out, out_devices:0xa, in_devices:0x0
08-21 11:26:24.022 V/audio_hw_primary(  371): do_select_devices X
08-21 11:26:24.022 I/audio_hw_primary(  371): stream_routing_thread looping done.
08-21 11:26:24.022 I/audio_hw_primary(  371): stream_routing_thread looping now...
08-21 11:26:24.028 D/keymaster_worker(  448): start addRngEntropy
08-21 11:26:24.031 D/keymaster_worker(  448): finish addRngEntropy
08-21 11:26:24.031 D/keymaster_worker(  448): start begin
08-21 11:26:24.034 D/keymaster_worker(  448): begin hidl cb called
08-21 11:26:24.034 D/keymaster_worker(  448): finish begin
08-21 11:26:24.039 D/keymaster_worker(  448): callback called
08-21 11:26:24.041 D/keymaster_worker(  448): start update
08-21 11:26:24.042 D/android.hardware.keymaster@4.0-impl.unisoc.trusty(  327): There have 1st rounds to send, left:32, total:32
08-21 11:26:24.043 D/keymaster_worker(  448): finish update
08-21 11:26:24.044 D/PowerHAL(  397): ###Enter interaction_other scene bgn###
08-21 11:26:24.044 D/PowerHAL(  397): ###Enter interaction_other scene end###
08-21 11:26:24.044 D/keymaster_worker(  448): start finish
08-21 11:26:24.045 D/keymaster_worker(  448): finish finihs
08-21 11:26:24.057 D/keymaster_worker(  448): start addRngEntropy
08-21 11:26:24.057 D/keymaster_worker(  448): finish addRngEntropy
08-21 11:26:24.057 D/keymaster_worker(  448): start begin
08-21 11:26:24.058 D/keymaster_worker(  448): begin hidl cb called
08-21 11:26:24.058 D/keymaster_worker(  448): finish begin
08-21 11:26:24.058 D/keymaster_worker(  448): callback called
08-21 11:26:24.059 D/keymaster_worker(  448): start update
08-21 11:26:24.060 D/android.hardware.keymaster@4.0-impl.unisoc.trusty(  327): There have 1st rounds to send, left:32, total:32
08-21 11:26:24.060 D/keymaster_worker(  448): finish update
08-21 11:26:24.061 D/keymaster_worker(  448): start finish
08-21 11:26:24.062 D/keymaster_worker(  448): finish finihs
08-21 11:26:24.063 I/chatty  (  767): uid=1000(system) ClientModeImpl expire 10 lines
08-21 11:26:24.075 D/keymaster_worker(  448): start addRngEntropy
08-21 11:26:24.075 D/keymaster_worker(  448): finish addRngEntropy
08-21 11:26:24.075 D/keymaster_worker(  448): start begin
08-21 11:26:24.076 D/keymaster_worker(  448): begin hidl cb called
08-21 11:26:24.076 D/keymaster_worker(  448): finish begin
08-21 11:26:24.076 D/keymaster_worker(  448): callback called
08-21 11:26:24.077 D/keymaster_worker(  448): start update
08-21 11:26:24.077 D/android.hardware.keymaster@4.0-impl.unisoc.trusty(  327): There have 1st rounds to send, left:32, total:32
08-21 11:26:24.078 D/keymaster_worker(  448): finish update
08-21 11:26:24.079 D/keymaster_worker(  448): start finish
08-21 11:26:24.079 D/keymaster_worker(  448): finish finihs
08-21 11:26:24.090 D/keymaster_worker(  448): start addRngEntropy
08-21 11:26:24.090 D/keymaster_worker(  448): finish addRngEntropy
08-21 11:26:24.090 D/keymaster_worker(  448): start begin
08-21 11:26:24.091 D/keymaster_worker(  448): begin hidl cb called
08-21 11:26:24.091 D/keymaster_worker(  448): finish begin
08-21 11:26:24.091 D/keymaster_worker(  448): callback called
08-21 11:26:24.092 D/keymaster_worker(  448): start update
08-21 11:26:24.093 D/android.hardware.keymaster@4.0-impl.unisoc.trusty(  327): There have 1st rounds to send, left:32, total:32
08-21 11:26:24.093 D/keymaster_worker(  448): finish update
08-21 11:26:24.094 D/keymaster_worker(  448): start finish
08-21 11:26:24.094 D/keymaster_worker(  448): finish finihs
08-21 11:26:24.124 I/Cam3HWI (  373): 2018, flush: :hal3: E camId=0
08-21 11:26:24.124 I/cmr_sensor(  373): 851, cmr_sns_thread_proc: evt 524548
