08-21 11:28:47.158 I/NetHttpOperater( 1595): 请求地址:https://www.telpopaas.com/login?account=telpodevices&password=telpodevices%40123456&sn=C39P008D00300721
08-21 11:28:47.161 I/NetHttpOperater( 1595): 返回数据:{"code":1,"data":{"id":39,"group_code":"01F6H94C7QJVRKQGM01MHR810A","image":"","image_md5":"","account":"telpodevices","password":"a9a7adb43234bcee1658cc727f50b85f","expire":"2048544000","terminal_limit":"2147483647","type":"1","login_time":"1724236127","space_used":"315902991","space_max":"1048576000","allow_platforms":"{\"mdm\":\"1643760000-1769817600\"}","regist_time":"","region":"","name":"","contact":"","headcompany":"","sales_email":""},"mqttserver":"http://18.192.20.69:1883","msg":"login success！","token":"eyJhbGciOiJIUzI1NiIsInR5cCI6IkpXVCJ9.eyJpZCI6MzksImdyb3VwX2NvZGUiOiIwMUY2SDk0QzdRSlZSS1FHTTAxTUhSODEwQSIsImFjY291bnQiOiJ0ZWxwb2RldmljZXMiLCJleHBpcmUiOiIyMDQ4NTQ0MDAwIiwidGVybWluYWxfbGltaXQiOiIyMTQ3NDgzNjQ3IiwidHlwZSI6IjEiLCJleHAiOjE3MjQyNzkzMjcsImlzcyI6IlRlbHBvTWlsbGxlUGxhdGZvcm0iLCJuYmYiOjE3MjQyMzUxMjd9.2F0SdHfNJudTcppAdfP98pHO_EaWfKLcKtSzIk0NsLs","token_expire_time":1724840927}
08-21 11:28:47.171 I/chatty  (  378): uid=1000(system) composer@2.1-se expire 35 lines
08-21 11:28:47.180 V/fwling  ( 1595): login-onSuccess
08-21 11:28:47.189 E/dologin---( 1595): start to set alarm 
08-21 11:28:47.194 E/Alarm   ( 1595): setRepeatTaskAlarm apiID = 1
08-21 11:28:47.198 V/fwling  ( 1595): MDMService-onStartCommand
08-21 11:28:47.200 V/getsn---( 1595): getSerialNumber = C39P008D00300721
08-21 11:28:47.202 V/getsn---( 1595): getSerialNumber = C39P008D00300721
08-21 11:28:47.213 E/fwling-MDMService( 1595): start to run alarm true
08-21 11:28:47.419 V/getsn---( 1595): getSerialNumber = C39P008D00300721
08-21 11:28:47.422 V/getsn---( 1595): getSerialNumber = C39P008D00300721
08-21 11:28:47.422 V/fwling  ( 1595): Constants.SN:C39P008D00300721
08-21 11:28:47.428 V/getsn---( 1595): getSerialNumber = C39P008D00300721
08-21 11:28:47.430 V/getsn---( 1595): getSerialNumber = C39P008D00300721
08-21 11:28:47.431 E/getSP   ( 1595): sn:C39P008D00300721
08-21 11:28:47.437 D/HandledSubscribe( 1595): checkNetWork-----true
08-21 11:28:47.589 I/chatty  ( 1147): uid=1000(system) RenderThread expire 17 lines
08-21 11:28:47.590 I/chatty  (  767): uid=1000(system) RenderThread expire 6 lines
08-21 11:28:47.667 I/NetHttpOperater( 1595): 请求地址:https://www.telpopaas.com/login?account=telpodevices&password=telpodevices%40123456&sn=C39P008D00300721
08-21 11:28:47.669 I/NetHttpOperater( 1595): 返回数据:{"code":1,"data":{"id":39,"group_code":"01F6H94C7QJVRKQGM01MHR810A","image":"","image_md5":"","account":"telpodevices","password":"a9a7adb43234bcee1658cc727f50b85f","expire":"2048544000","terminal_limit":"2147483647","type":"1","login_time":"1724236128","space_used":"315902991","space_max":"1048576000","allow_platforms":"{\"mdm\":\"1643760000-1769817600\"}","regist_time":"","region":"","name":"","contact":"","headcompany":"","sales_email":""},"mqttserver":"http://18.192.20.69:1883","msg":"login success！","token":"eyJhbGciOiJIUzI1NiIsInR5cCI6IkpXVCJ9.eyJpZCI6MzksImdyb3VwX2NvZGUiOiIwMUY2SDk0QzdRSlZSS1FHTTAxTUhSODEwQSIsImFjY291bnQiOiJ0ZWxwb2RldmljZXMiLCJleHBpcmUiOiIyMDQ4NTQ0MDAwIiwidGVybWluYWxfbGltaXQiOiIyMTQ3NDgzNjQ3IiwidHlwZSI6IjEiLCJleHAiOjE3MjQyNzkzMjgsImlzcyI6IlRlbHBvTWlsbGxlUGxhdGZvcm0iLCJuYmYiOjE3MjQyMzUxMjh9.T8A-9lRDXAOfupyv5Vj6zGVx04s8usIHgYp0rxy62KQ","token_expire_time":1724840928}
08-21 11:28:47.680 V/fwling  ( 1595): login-onSuccess
08-21 11:28:47.686 V/fwling  ( 1595): MDMService-onStartCommand
08-21 11:28:47.688 V/getsn---( 1595): getSerialNumber = C39P008D00300721
08-21 11:28:47.690 V/getsn---( 1595): getSerialNumber = C39P008D00300721
08-21 11:28:47.694 W/System.err( 1595): Connect already in progress (32110)
08-21 11:28:47.696 W/System.err( 1595): 	at org.eclipse.paho.client.mqttv3.MqttAsyncClient.reconnect(MqttAsyncClient.java:1399)
08-21 11:28:47.696 W/System.err( 1595): 	at org.eclipse.paho.client.mqttv3.MqttClient.reconnect(MqttClient.java:711)
08-21 11:28:47.697 W/System.err( 1595): 	at com.pos.aimdm.service.MDMService$6.run(MDMService.java:521)
08-21 11:28:47.697 W/System.err( 1595): 	at java.lang.Thread.run(Thread.java:919)
08-21 11:28:47.983 D/HandledSubscribe( 1595): checkNetWork-----true
08-21 11:28:47.991 V/getsn---( 1595): getSerialNumber = C39P008D00300721
08-21 11:28:47.994 V/getsn---( 1595): getSerialNumber = C39P008D00300721
08-21 11:28:47.997 E/getSP   ( 1595): sn:C39P008D00300721
08-21 11:28:48.153 I/NetHttpOperater( 1595): 请求地址:https://www.telpopaas.com/uploadTerminalStatue?statue=1&sn=C39P008D00300721
08-21 11:28:48.155 I/NetHttpOperater( 1595): 返回数据:{"code":1,"data":{},"msg":"update Terminals statue success"}
08-21 11:28:48.159 V/fwling-MDMService( 1595): updateDeviceStatus-Success
08-21 11:28:48.161 V/fwling-MDMService( 1595): isStartOnlineAlarm = false
08-21 11:28:48.459 E/OtherUtil( 1595): wholeversion = 20230913.214734
08-21 11:28:48.462 V/fwling  ( 1595): 3-SIGNAL_STRENGTH:wifi:75
08-21 11:28:48.462 V/fwling  ( 1595): 1-SIGNAL_STRENGTH:0
08-21 11:28:48.471 D/HandledSubscribe( 1595): checkNetWork-----true
08-21 11:28:48.491 I/BaiduApiAuth( 1595): BaiduApiAuth SDK Version:1.0.24
08-21 11:28:48.592 W/CuidBuddyInfoManager( 1595): galaxy lib host missing meta-data,make sure you know the right way to integrate galaxy
08-21 11:28:48.593 I/chatty  ( 1595): uid=10031(com.pos.aimdm) identical 1 line
08-21 11:28:48.593 W/CuidBuddyInfoManager( 1595): galaxy lib host missing meta-data,make sure you know the right way to integrate galaxy
08-21 11:28:48.653 V/getsn---( 1595): getSerialNumber = C39P008D00300721
08-21 11:28:48.655 D/NetworkSecurityConfig( 1595): Using Network Security Config from resource network_security_config debugBuild: false
08-21 11:28:48.656 V/getsn---( 1595): getSerialNumber = C39P008D00300721
08-21 11:28:48.658 E/getSP   ( 1595): sn:C39P008D00300721
08-21 11:28:48.662 D/Zygote  (  367): Forked child process 2509
08-21 11:28:48.668 I/Zygote  ( 2509): seccomp disabled by setenforce 0
08-21 11:28:48.669 I/NetHttpOperater( 1595): 请求地址:https://www.telpopaas.com/uploadTerminalInfo?sn=C39P008D00300721&locked=0&apps=&battery=27&gps=0.0%2C0.0&connect_way=wifi&signal=75&system_version=V1.0.1_20230913.214734
08-21 11:28:48.671 I/NetHttpOperater( 1595): 返回数据:{"code":1,"data":{},"msg":"update Terminals info success"}
08-21 11:28:48.674 W/os.aimdm:remot( 2509): Using default instruction set features for ARM CPU variant (generic) using conservative defaults
08-21 11:28:48.679 E/os.aimdm:remot( 2509): Not starting debugger since process cannot load the jdwp agent.
08-21 11:28:48.680 V/fwling  ( 1595): uploadTerminalInfo-exec-success
08-21 11:28:48.690 D/HandledSubscribe( 1595): checkNetWork-----true
08-21 11:28:48.694 E/ResolverController(  366): No valid NAT64 prefix (100, <unspecified>/0)
08-21 11:28:48.711 D/TAG     ( 1595): wirelessModule = su806
08-21 11:28:48.720 D/ApplicationLoaders( 2509): Returning zygote-cached class loader: /system/framework/android.hidl.base-V1.0-java.jar
08-21 11:28:48.720 D/ApplicationLoaders( 2509): Returning zygote-cached class loader: /system/framework/android.hidl.manager-V1.0-java.jar
08-21 11:28:48.720 D/ApplicationLoaders( 2509): Returning zygote-cached class loader: /system/framework/android.hidl.base-V1.0-java.jar
08-21 11:28:48.723 I/os.aimdm:remot( 2509): The ClassLoaderContext is a special shared library.
08-21 11:28:48.725 D/HandledSubscribe( 1595): checkNetWork-----true
08-21 11:28:48.729 I/os.aimdm:remote( 2509): type=1400 audit(0.0:267): avc: denied { open } for path="/dev/__properties__/u:object_r:serialno_prop:s0" dev="tmpfs" ino=11918 scontext=u:r:platform_app:s0:c512,c768 tcontext=u:object_r:serialno_prop:s0 tclass=file permissive=1 app=com.pos.aimdm
08-21 11:28:48.729 I/os.aimdm:remote( 2509): type=1400 audit(0.0:268): avc: denied { getattr } for path="/dev/__properties__/u:object_r:serialno_prop:s0" dev="tmpfs" ino=11918 scontext=u:r:platform_app:s0:c512,c768 tcontext=u:object_r:serialno_prop:s0 tclass=file permissive=1 app=com.pos.aimdm
08-21 11:28:48.729 I/os.aimdm:remote( 2509): type=1400 audit(0.0:269): avc: denied { map } for path="/dev/__properties__/u:object_r:serialno_prop:s0" dev="tmpfs" ino=11918 scontext=u:r:platform_app:s0:c512,c768 tcontext=u:object_r:serialno_prop:s0 tclass=file permissive=1 app=com.pos.aimdm
08-21 11:28:48.730 I/os.aimdm:remot( 2509): The ClassLoaderContext is a special shared library.
08-21 11:28:48.731 V/fwling-MDMService( 1595): getTerminalConfigs:GetWhiteList
08-21 11:28:48.734 V/getsn---( 1595): getSerialNumber = C39P008D00300721
08-21 11:28:48.736 V/getsn---( 1595): getSerialNumber = C39P008D00300721
08-21 11:28:48.738 E/getSP   ( 1595): sn:C39P008D00300721
08-21 11:28:48.742 D/HandledSubscribe( 1595): checkNetWork-----true
08-21 11:28:48.745 E/ResolverController(  366): No valid NAT64 prefix (100, <unspecified>/0)
08-21 11:28:48.750 D/PowerHAL(  397): ###Exit launch scene bgn###
08-21 11:28:48.751 V/getsn---( 2509): getSerialNumber = C39P008D00300721
08-21 11:28:48.751 D/PowerHAL(  397): ###Exit launch scene end###
08-21 11:28:48.754 V/fwling  ( 2509): BootApplication-init()-token
08-21 11:28:48.757 D/baidu_location_service( 2509): baidu location service start1 ...20201104_1...2509
08-21 11:28:48.759 I/BaiduApiAuth( 2509): BaiduApiAuth SDK Version:1.0.24
08-21 11:28:48.761 D/baidu_location_client( 1595): baidu location connected ...
08-21 11:28:48.802 E/SharedPreferencesImpl( 2509): Couldn't create directory for SharedPreferences file /data/user/0/com.pos.aimdm/shared_prefs/authStatus_com.pos.aimdm:remote����������������������������������������������������������������������������������������������������������������.xml
08-21 11:28:48.854 I/NetHttpOperater( 1595): 请求地址:https://www.telpopaas.com/checkAppUpgrade?sn=C39P008D00300721
08-21 11:28:48.856 I/NetHttpOperater( 1595): 返回数据:{"code":1,"data":{},"msg":"success"}
08-21 11:28:48.869 V/fwling-MDMService( 1595): isStartAppAlarm = false
08-21 11:28:48.875 W/CuidBuddyInfoManager( 2509): galaxy lib host missing meta-data,make sure you know the right way to integrate galaxy
08-21 11:28:48.875 I/chatty  ( 2509): uid=10031(com.pos.aimdm) ServiceStartArg identical 1 line
08-21 11:28:48.875 W/CuidBuddyInfoManager( 2509): galaxy lib host missing meta-data,make sure you know the right way to integrate galaxy
08-21 11:28:48.908 I/chatty  (  767): uid=1000(system) Binder:767_5 expire 10 lines
08-21 11:28:48.910 D/NetworkSecurityConfig( 2509): Using Network Security Config from resource network_security_config debugBuild: false
08-21 11:28:48.936 D/baidu_location_service( 2509): start gps...
08-21 11:28:48.942 E/ResolverController(  366): No valid NAT64 prefix (100, <unspecified>/0)
08-21 11:28:48.944 D/GNSSMGT (  493): watchdog: PowerState[UNKOWN STATE], gps_flag[4], readcount[0], idle time = 0, HeartCount = 0
08-21 11:28:48.984 W/System.err( 2509): load vdr indoor lib success.
08-21 11:28:48.984 I/indoorJNI( 2509): indoor lib loadJniSuccess:true
08-21 11:28:49.002 W/Settings( 2509): Setting airplane_mode_on has moved from android.provider.Settings.System to android.provider.Settings.Global, returning read-only value.
08-21 11:28:49.077 E/ResolverController(  366): No valid NAT64 prefix (100, <unspecified>/0)
08-21 11:28:49.362 I/NetHttpOperater( 1595): 请求地址:https://www.telpopaas.com/checkOtaUpgrade?sn=C39P008D00300721&model=P8&wireless_module=su806&firmware=10&version=1.0.1
08-21 11:28:49.364 I/NetHttpOperater( 1595): 返回数据:{"code":-1,"data":{},"msg":"The device does not exist"}
08-21 11:28:49.398 I/NetHttpOperater( 1595): 请求地址:https://www.telpopaas.com/getTerminalConfigs?sn=C39P008D00300721
08-21 11:28:49.401 I/NetHttpOperater( 1595): 返回数据:{"code":1,"data":{},"msg":"success"}
08-21 11:28:49.414 V/fwling  ( 1595): getTerminalConfigs-onSuccess
08-21 11:28:49.646 D/PowerHAL(  397): ###Enter interaction_other scene bgn###
08-21 11:28:49.648 D/PowerHAL(  397): ###Enter interaction_other scene end###
08-21 11:28:49.648 D/PowerHAL(  397): ###Enter interaction_other scene bgn###
08-21 11:28:49.648 D/PowerHAL(  397): ###Enter interaction_other scene end###
08-21 11:28:49.726 I/gralloc ( 1474): gralloc_register hnd=0x936c0c40, share_fd=65, format=1, internal_format=0x1, byte_stride=1920, flags=4, usage=0xb00, size=1639680, width=480, height=854, internalWidth=480, internalHeight=854, stride=480, base=0x7ce3b000, writeOwner=0, min_pgsz=4096
08-21 11:28:49.726 E/        ( 1474): Shared attribute region not available to be mapped
08-21 11:28:49.728 I/APM_AudioPolicyManager(  404): getOutput() stream 1 selected devices {type:0x8,@:}, output 13
08-21 11:28:49.728 I/APM_AudioPolicyManager(  404): getOutput() stream 1 selected devices {type:0x8,@:}, output 13
08-21 11:28:49.729 V/APM_AudioPolicyManagerSPRD(  404): startOutput portId 15
08-21 11:28:49.732 D/PowerHAL(  397): ###Enter launch scene bgn###
08-21 11:28:49.733 D/PowerHAL(  397): ###Enter launch scene end###
08-21 11:28:49.737 D/audio_hw_primary(  371): start output stream mode:0 devices:a call_start:0, call_connected:0, is_voip:0, voip_state:0, is_bt_sco:0,out->audio_app_type:0
08-21 11:28:49.737 I/audio_hw_primary(  371): select_devices_signal starting... adev->out_devices 0xa adev->in_devices 0x0
08-21 11:28:49.737 I/audio_hw_primary(  371): select_devices_signal finished.
08-21 11:28:49.737 V/audio_hw_primary(  371): do_select_devices E
08-21 11:28:49.737 I/audio_hw_primary(  371): start_output_stream open s_tinycard in
08-21 11:28:49.744 I/audio_hw_primary(  371): start_output_stream open s_tinycard successfully
08-21 11:28:49.744 I/audio_hw_primary(  371): cache_mute=0 ,mastermute=0
08-21 11:28:49.744 I/audio_hw_primary(  371): Not to change mute: 0
08-21 11:28:49.744 I/audio_hw_primary(  371): Changing out_devices: from (0xfffffff5) to (0x0000000a), Changing in_devices: from (0x00000000) to (0x00000000)
08-21 11:28:49.744 I/audio_hw_primary(  371): GetAudio_PaConfig_nv hp_pa_delay_config 0x0 pa_config:0x202(0x202, 0), 0x0(fm)(0x0, 0),  hpPaConfig:0x53100(0x3100, 5), 0x0(fm)(0x0, 0)
08-21 11:28:49.745 I/audio_hw_primary(  371): SetAudio_PaConfig_by_devices out, out_devices:0xa, in_devices:0x0
08-21 11:28:49.745 V/audio_hw_primary(  371): Set 'SPKL Mixer DACLSPKL Switch'.0 to 1
08-21 11:28:49.745 V/audio_hw_primary(  371): Set 'Speaker Function'.0 to 1
08-21 11:28:49.745 I/audio_hw_primary(  371): Set 'HPL EAR Sel' to 'HPL'
08-21 11:28:49.745 V/audio_hw_primary(  371): Set 'HPL Mixer DACLHPL Switch'.0 to 1
08-21 11:28:49.745 V/audio_hw_primary(  371): Set 'HPR Mixer DACRHPR Switch'.0 to 1
08-21 11:28:49.745 V/audio_hw_primary(  371): Set 'HeadPhone Function'.0 to 1
08-21 11:28:49.745 V/audio_hw_primary(  371): Set 'Mic Function'.0 to 0
08-21 11:28:49.745 V/audio_hw_primary(  371): Set 'ADCL Mixer MainMICADCL Switch'.0 to 0
08-21 11:28:49.745 I/audio_hw_primary(  371): Set 'ADC1 LRCLK Select' to 'normal'
08-21 11:28:49.745 I/audio_hw_primary(  371): Set 'ADC LRCLK Select' to 'normal'
08-21 11:28:49.745 V/audio_hw_primary(  371): Set 'Aux Mic Function'.0 to 0
08-21 11:28:49.745 V/audio_hw_primary(  371): Set 'ADCR Mixer AuxMICADCR Switch'.0 to 0
08-21 11:28:49.745 V/audio_hw_primary(  371): Set 'HP Mic Function'.0 to 0
08-21 11:28:49.745 V/audio_hw_primary(  371): Set 'ADCL Mixer HPMICADCL Switch'.0 to 0
08-21 11:28:49.745 V/audio_hw_primary(  371): Set 'ADCR Mixer HPMICADCR Switch'.0 to 0
08-21 11:28:49.745 V/audio_hw_primary(  371): Set 'Digital FM Function'.0 to 0
08-21 11:28:49.746 V/audio_hw_primary(  371): Set 'DA0 ADDST MUX'.0 to 0
08-21 11:28:49.746 V/audio_hw_primary(  371): Set 'DA1 ADDST MUX'.0 to 0
08-21 11:28:49.746 V/audio_hw_primary(  371): Set 'DA0 ADDFM MUX'.0 to 0
08-21 11:28:49.746 V/audio_hw_primary(  371): Set 'DA1 ADDFM MUX'.0 to 0
08-21 11:28:49.746 V/audio_hw_primary(  371): Set 'Earpiece Function'.0 to 0
08-21 11:28:49.746 V/audio_hw_primary(  371): Set 'EAR Mixer DACLEAR Switch'.0 to 0
08-21 11:28:49.746 D/android.hardware.power@4.0-impl(  397): Enter getSceneIdByName: sceneName:com.android.settings
08-21 11:28:49.746 I/vb_effect_v2(  371): cur_mode(1)
08-21 11:28:49.746 I/audio_hw_primary(  371): GetAudio_gain_by_devices, outmode:1 inmode:3,indev:0x0, outdev:0xa
08-21 11:28:49.746 W/audio_hw_primary(  371): vb_control_parameters.c pa_config:0x202(0x202, 0), 0x0(fm)(0x0, 0),  hpPaConfig:0x53100(0x3100, 5), 0x0(fm)(0x0, 0)
08-21 11:28:49.746 W/audio_hw_primary(  371): vb_control_parameters.c GetAudio_outpga_nv, dac_pga_gain_l:0x80192251 fm_pga_gain_l:0xc7 fm_pga_gain_r:0xc7 vol_level:0x1 
08-21 11:28:49.746 W/audio_hw_primary(  371): GetAudio_inpga_nv, adc_pga_gain_l:0x982f device:0x0 vol_level:0x1
08-21 11:28:49.746 D/audio_pga(  371): 'headphone-spk-l' apply
08-21 11:28:49.746 D/audio_pga(  371): 'headphone-spk-r' apply
08-21 11:28:49.746 D/audio_pga(  371): 'cg-pga-gain-l' apply
08-21 11:28:49.746 D/audio_pga(  371): 'cg-pga-gain-r' apply
08-21 11:28:49.746 I/audio_hw_primary(  371): SetAudio_gain_by_devices out, out_devices:0xa, in_devices:0x0
08-21 11:28:49.746 V/audio_hw_primary(  371): do_select_devices X
08-21 11:28:49.746 I/audio_hw_primary(  371): stream_routing_thread looping done.
08-21 11:28:49.746 I/audio_hw_primary(  371): stream_routing_thread looping now...
08-21 11:28:49.762 I/gralloc ( 1474): gralloc_register hnd=0x936c0d00, share_fd=66, format=1, internal_format=0x1, byte_stride=1920, flags=4, usage=0xb00, size=1639680, width=480, height=854, internalWidth=480, internalHeight=854, stride=480, base=0x7ccaa000, writeOwner=0, min_pgsz=4096
08-21 11:28:49.762 E/        ( 1474): Shared attribute region not available to be mapped
08-21 11:28:49.801 I/chatty  (  408): uid=1000(system) Binder:408_2 expire 13 lines
08-21 11:28:49.825 D/PowerHAL(  397): ###Enter interaction_other scene bgn###
08-21 11:28:49.825 D/PowerHAL(  397): ###Enter interaction_other scene end###
08-21 11:28:49.925 D/PowerHAL(  397): ###Enter interaction_other scene bgn###
08-21 11:28:49.925 D/PowerHAL(  397): ###Enter interaction_other scene end###
08-21 11:28:49.947 I/netd    (  366): trafficSwapActiveStatsMap() <41.99ms>
08-21 11:28:49.950 I/netd    (  366): tetherGetStats() <1.81ms>
08-21 11:28:50.048 I/netd    (  366): trafficSwapActiveStatsMap() <44.99ms>
08-21 11:28:50.051 I/netd    (  366): tetherGetStats() <2.05ms>
08-21 11:28:50.051 I/chatty  ( 1147): uid=1000(system) pool-1-thread-1 expire 24 lines
08-21 11:28:50.191 D/WCND    (  505): is_cp2_alive_ok: open polling interface: /proc/mdbg/loopcheck, fd = 12
08-21 11:28:50.191 I/chatty  (  378): uid=1000(system) HwBinder:378_3 expire 47 lines
08-21 11:28:50.291 D/WCND    (  505): is_cp2_alive_ok: loop: /proc/mdbg/loopcheck is OK
08-21 11:28:50.327 I/netd    (  366): trafficSwapActiveStatsMap() <110.06ms>
08-21 11:28:50.330 I/netd    (  366): tetherGetStats() <1.92ms>
08-21 11:28:50.440 I/gralloc ( 1474): gralloc_unregister hnd=0x936c0a00, share_fd=63, format=1, internal_format=0x1, byte_stride=1920, flags=4, usage=0xb00, size=1639680, width=480, height=854, internalWidth=480, internalHeight=854, stride=480, base=0x7d0d5000, writeOwner=0, min_pgsz=4096
08-21 11:28:50.441 I/gralloc ( 1474): gralloc_unregister hnd=0x936c0c40, share_fd=65, format=1, internal_format=0x1, byte_stride=1920, flags=4, usage=0xb00, size=1639680, width=480, height=854, internalWidth=480, internalHeight=854, stride=480, base=0x7ce3b000, writeOwner=0, min_pgsz=4096
08-21 11:28:50.442 I/gralloc ( 1474): gralloc_unregister hnd=0x936c0d00, share_fd=66, format=1, internal_format=0x1, byte_stride=1920, flags=4, usage=0xb00, size=1639680, width=480, height=854, internalWidth=480, internalHeight=854, stride=480, base=0x7ccaa000, writeOwner=0, min_pgsz=4096
08-21 11:28:50.442 W/libEGL  ( 1474): EGLNativeWindowType 0x9f3b3848 disconnect failed
08-21 11:28:50.448 I/chatty  ( 1147): uid=1000(system) HeapTaskDaemon expire 3 lines
08-21 11:28:50.464 W/AudioFlinger(  404): write blocked for 381 msecs, 4 delayed writes, thread 13
08-21 11:28:50.614 E/SharedPreferencesImpl( 2509): Couldn't create directory for SharedPreferences file /data/user/0/com.pos.aimdm/shared_prefs/authStatus_com.pos.aimdm:remote����������������������������������������������������������������������������������������������������������������.xml
08-21 11:28:50.615 I/baidu_location_service( 2509): LocationAuthManager Authentication Error errorcode = 230 , msg = {"status":230,"message":"APP Mcode码校验失败","user_permission":0,"ak_permission":0,"up":-1,"ap":-1}
08-21 11:28:50.620 I/APM_AudioPolicyManagerSPRD(  404): stopOutput portId 15
08-21 11:28:50.621 I/chatty  (  767): uid=1000(system) SRecogCollector expire 15 lines
08-21 11:28:50.622 I/ThermalChargeDetect(  492): charge status: Discharging
08-21 11:28:50.729 D/baidu_location_service( 2509): baidu location service stop ...
08-21 11:28:50.745 D/Power-HealthInfoCallback(  397): Update charge status to: 0
08-21 11:28:50.749 I/收到广播--- logs::( 1595): android.intent.action.BATTERY_CHANGED
08-21 11:28:50.750 D/BatteryMeterDrawable(  989): onBatteryLevelChanged level=27,pluggedIn=false,charging=false
08-21 11:28:50.750 D/BatteryMeterDrawable(  989): onBatteryLevelChanged level=27,pluggedIn=false,charging=false
08-21 11:28:50.754 I/ThermalChargeDetect(  492): charge status: Discharging
08-21 11:28:50.755 D/BatteryMeterDrawable(  989): onReceive action=android.intent.action.BATTERY_CHANGED
08-21 11:28:50.755 D/BatteryMeterDrawable(  989): onReceive level=27,plugType=0,status=3
08-21 11:28:50.755 D/BatteryMeterDrawable(  989): BatteryMeterViewAnimationShow level should be =27
08-21 11:28:50.755 D/BatteryMeterDrawable(  989): onReceive action=android.intent.action.BATTERY_CHANGED
08-21 11:28:50.755 D/BatteryMeterDrawable(  989): onReceive level=27,plugType=0,status=3
08-21 11:28:50.755 D/BatteryMeterDrawable(  989): BatteryMeterViewAnimationShow level should be =27
08-21 11:28:50.756 D/BatteryMeterDrawable(  989): onReceive action=android.intent.action.BATTERY_CHANGED
08-21 11:28:50.756 D/BatteryMeterDrawable(  989): onReceive level=27,plugType=0,status=3
08-21 11:28:50.756 D/BatteryMeterDrawable(  989): BatteryMeterViewAnimationShow level should be =27
08-21 11:28:50.773 E/ResolverController(  366): No valid NAT64 prefix (100, <unspecified>/0)
08-21 11:28:50.787 I/Zygote  (  367): Process 1783 exited due to signal 9 (Killed)
08-21 11:28:50.818 I/chatty  (  767): uid=1000(system) ActivityManager expire 1 line
08-21 11:28:50.836 I/chatty  (  767): uid=1000(system) Binder:767_B expire 4 lines
08-21 11:28:50.849 W/MessageQueue( 2509): Handler (com.baidu.location.c.i) {1d0b6e} sending message to a Handler on a dead thread
08-21 11:28:50.849 W/MessageQueue( 2509): java.lang.IllegalStateException: Handler (com.baidu.location.c.i) {1d0b6e} sending message to a Handler on a dead thread
08-21 11:28:50.849 W/MessageQueue( 2509): 	at android.os.MessageQueue.enqueueMessage(MessageQueue.java:558)
08-21 11:28:50.849 W/MessageQueue( 2509): 	at android.os.Handler.enqueueMessage(Handler.java:754)
08-21 11:28:50.849 W/MessageQueue( 2509): 	at android.os.Handler.sendMessageAtTime(Handler.java:703)
08-21 11:28:50.849 W/MessageQueue( 2509): 	at android.os.Handler.sendMessageDelayed(Handler.java:673)
08-21 11:28:50.849 W/MessageQueue( 2509): 	at android.os.Handler.sendEmptyMessageDelayed(Handler.java:638)
08-21 11:28:50.849 W/MessageQueue( 2509): 	at android.os.Handler.sendEmptyMessage(Handler.java:623)
08-21 11:28:50.849 W/MessageQueue( 2509): 	at com.baidu.location.c.h.c(Unknown Source:19)
08-21 11:28:50.849 W/MessageQueue( 2509): 	at com.baidu.location.b.y.handleMessage(Unknown Source:50)
08-21 11:28:50.849 W/MessageQueue( 2509): 	at android.os.Handler.dispatchMessage(Handler.java:107)
08-21 11:28:50.849 W/MessageQueue( 2509): 	at android.os.Looper.loop(Looper.java:214)
08-21 11:28:50.849 W/MessageQueue( 2509): 	at android.os.HandlerThread.run(HandlerThread.java:67)
08-21 11:28:50.850 D/baidu_location_service( 2509): baidu location service has stoped ...
08-21 11:28:50.857 I/netd    (  366): trafficSwapActiveStatsMap() <87.53ms>
08-21 11:28:50.860 I/netd    (  366): tetherGetStats() <1.76ms>
08-21 11:28:50.875 D/Power-HealthInfoCallback(  397): Update charge status to: 0
08-21 11:28:50.879 D/BatteryMeterDrawable(  989): onBatteryLevelChanged level=27,pluggedIn=false,charging=false
08-21 11:28:50.880 D/BatteryMeterDrawable(  989): onBatteryLevelChanged level=27,pluggedIn=false,charging=false
08-21 11:28:50.881 D/BatteryMeterDrawable(  989): onReceive action=android.intent.action.BATTERY_CHANGED
08-21 11:28:50.881 D/BatteryMeterDrawable(  989): onReceive level=27,plugType=0,status=3
08-21 11:28:50.881 D/BatteryMeterDrawable(  989): BatteryMeterViewAnimationShow level should be =27
08-21 11:28:50.881 I/收到广播--- logs::( 1595): android.intent.action.BATTERY_CHANGED
08-21 11:28:50.888 D/BatteryMeterDrawable(  989): onReceive action=android.intent.action.BATTERY_CHANGED
08-21 11:28:50.888 D/BatteryMeterDrawable(  989): onReceive level=27,plugType=0,status=3
08-21 11:28:50.888 D/BatteryMeterDrawable(  989): BatteryMeterViewAnimationShow level should be =27
08-21 11:28:50.888 D/BatteryMeterDrawable(  989): onReceive action=android.intent.action.BATTERY_CHANGED
08-21 11:28:50.889 D/BatteryMeterDrawable(  989): onReceive level=27,plugType=0,status=3
08-21 11:28:50.889 D/BatteryMeterDrawable(  989): BatteryMeterViewAnimationShow level should be =27
08-21 11:28:50.944 D/GNSSMGT (  493): watchdog: PowerState[UNKOWN STATE], gps_flag[4], readcount[0], idle time = 0, HeartCount = 0
08-21 11:28:51.007 I/netd    (  366): trafficSwapActiveStatsMap() <56.20ms>
08-21 11:28:51.010 I/netd    (  366): tetherGetStats() <1.67ms>
08-21 11:28:51.182 D/PowerHAL(  397): ###Enter interaction_other scene bgn###
08-21 11:28:51.182 D/PowerHAL(  397): ###Enter interaction_other scene end###
08-21 11:28:51.182 D/PowerHAL(  397): ###Enter interaction_other scene bgn###
08-21 11:28:51.182 D/PowerHAL(  397): ###Enter interaction_other scene end###
08-21 11:28:51.258 V/StatusBar(  989): mStatusBarWindow: com.android.systemui.statusbar.phone.StatusBarWindowView{552d7a9 V.E...... ........ 0,0-480,36} canPanelBeCollapsed(): false expandheight: 0.0
08-21 11:28:51.259 D/PowerHAL(  397): ###Enter interaction_other scene bgn###
08-21 11:28:51.259 D/PowerHAL(  397): ###Enter interaction_other scene end###
08-21 11:28:51.270 D/android.hardware.power@4.0-impl(  397): Enter getSceneIdByName: sceneName:com.telpo.tpui
08-21 11:28:51.325 D/mali_winsys( 1474): EGLint new_window_surface(egl_winsys_display *, void *, EGLSurface, EGLConfig, egl_winsys_surface **, EGLBoolean) returns 0x3000
08-21 11:28:51.329 I/gralloc ( 1474): gralloc_register hnd=0x936c0880, share_fd=44, format=1, internal_format=0x1, byte_stride=1920, flags=4, usage=0xb00, size=1639680, width=480, height=854, internalWidth=480, internalHeight=854, stride=480, base=0x80fb9000, writeOwner=0, min_pgsz=4096
08-21 11:28:51.329 E/        ( 1474): Shared attribute region not available to be mapped
08-21 11:28:51.346 I/chatty  (  408): uid=1000(system) /system/bin/surfaceflinger expire 10 lines
08-21 11:28:51.352 D/PowerHAL(  397): ###Enter interaction_other scene bgn###
08-21 11:28:51.352 D/PowerHAL(  397): ###Enter interaction_other scene end###
08-21 11:28:51.358 I/gralloc (  989): gralloc_register hnd=0x7e7f6380, share_fd=108, format=1, internal_format=0x1, byte_stride=192, flags=4, usage=0x366, size=16320, width=48, height=85, internalWidth=48, internalHeight=85, stride=48, base=0xa78a5000, writeOwner=0, min_pgsz=4096
08-21 11:28:51.379 I/gralloc (  989): gralloc_register hnd=0x7e7f6680, share_fd=110, format=1, internal_format=0x1, byte_stride=192, flags=4, usage=0x366, size=16320, width=48, height=85, internalWidth=48, internalHeight=85, stride=48, base=0xa7859000, writeOwner=0, min_pgsz=4096
08-21 11:28:52.267 D/HandledSubscribe( 1595): checkNetWork-----true
08-21 11:28:52.482 I/NetHttpOperater( 1595): 请求地址:https://www.telpopaas.com/uploadTerminalStatue?statue=1&sn=C39P008D00300721
08-21 11:28:52.484 I/NetHttpOperater( 1595): 返回数据:{"code":1,"data":{},"msg":"update Terminals statue success"}
08-21 11:28:52.489 V/fwling-MDMService( 1595): updateDeviceStatus-Success
08-21 11:28:52.491 V/fwling-MDMService( 1595): isStartOnlineAlarm = false
08-21 11:28:52.746 D/HandledSubscribe( 1595): checkNetWork-----true
08-21 11:28:52.945 D/GNSSMGT (  493): watchdog: PowerState[UNKOWN STATE], gps_flag[4], readcount[0], idle time = 0, HeartCount = 0
08-21 11:28:52.992 I/NetHttpOperater( 1595): 请求地址:https://www.telpopaas.com/uploadTerminalStatue?statue=1&sn=C39P008D00300721
08-21 11:28:52.993 I/NetHttpOperater( 1595): 返回数据:{"code":1,"data":{},"msg":"update Terminals statue success"}
08-21 11:28:52.998 V/fwling-MDMService( 1595): updateDeviceStatus-Success
08-21 11:28:53.000 V/fwling-MDMService( 1595): isStartOnlineAlarm = false
08-21 11:28:53.260 D/PowerHAL(  397): ###Exit launch scene bgn###
08-21 11:28:53.261 D/PowerHAL(  397): ###Exit launch scene end###
08-21 11:28:53.591 V/audio_hw_primary(  371): do_output_standby in 0
08-21 11:28:53.597 W/audio_hw_primary(  371): do_output_standby.mode:0 
08-21 11:28:53.597 V/audio_hw_primary(  371): do_output_standby in out
08-21 11:28:53.769 I/os.aimdm:remot( 2509): Waiting for a blocking GC ProfileSaver
08-21 11:28:53.781 I/os.aimdm:remot( 2509): WaitForGcToComplete blocked ProfileSaver on ClassLinker for 12.323ms
08-21 11:28:53.960 I/chatty  (  767): uid=1000(system) InputReader expire 10 lines
08-21 11:28:53.961 D/PowerHAL(  397): ###Enter interaction_other scene bgn###
08-21 11:28:53.962 D/PowerHAL(  397): ###Enter interaction_other scene end###
08-21 11:28:53.962 D/PowerHAL(  397): ###Enter interaction_other scene bgn###
08-21 11:28:53.962 D/PowerHAL(  397): ###Enter interaction_other scene end###
08-21 11:28:54.024 I/gralloc ( 1474): gralloc_register hnd=0x936c0ac0, share_fd=46, format=1, internal_format=0x1, byte_stride=1920, flags=4, usage=0xb00, size=1639680, width=480, height=854, internalWidth=480, internalHeight=854, stride=480, base=0x80e28000, writeOwner=0, min_pgsz=4096
08-21 11:28:54.025 E/        ( 1474): Shared attribute region not available to be mapped
08-21 11:28:54.026 D/PowerHAL(  397): ###Enter launch scene bgn###
08-21 11:28:54.027 D/PowerHAL(  397): ###Enter launch scene end###
08-21 11:28:54.028 I/APM_AudioPolicyManager(  404): getOutput() stream 1 selected devices {type:0x8,@:}, output 13
08-21 11:28:54.028 I/APM_AudioPolicyManager(  404): getOutput() stream 1 selected devices {type:0x8,@:}, output 13
08-21 11:28:54.029 V/APM_AudioPolicyManagerSPRD(  404): startOutput portId 15
08-21 11:28:54.031 D/audio_hw_primary(  371): start output stream mode:0 devices:a call_start:0, call_connected:0, is_voip:0, voip_state:0, is_bt_sco:0,out->audio_app_type:0
08-21 11:28:54.031 I/audio_hw_primary(  371): select_devices_signal starting... adev->out_devices 0xa adev->in_devices 0x0
08-21 11:28:54.031 I/audio_hw_primary(  371): select_devices_signal finished.
08-21 11:28:54.032 V/audio_hw_primary(  371): do_select_devices E
08-21 11:28:54.032 I/audio_hw_primary(  371): start_output_stream open s_tinycard in
08-21 11:28:54.038 I/audio_hw_primary(  371): start_output_stream open s_tinycard successfully
08-21 11:28:54.039 I/audio_hw_primary(  371): cache_mute=0 ,mastermute=0
08-21 11:28:54.039 I/audio_hw_primary(  371): Not to change mute: 0
08-21 11:28:54.039 I/audio_hw_primary(  371): Changing out_devices: from (0xfffffff5) to (0x0000000a), Changing in_devices: from (0x00000000) to (0x00000000)
08-21 11:28:54.039 I/audio_hw_primary(  371): GetAudio_PaConfig_nv hp_pa_delay_config 0x0 pa_config:0x202(0x202, 0), 0x0(fm)(0x0, 0),  hpPaConfig:0x53100(0x3100, 5), 0x0(fm)(0x0, 0)
08-21 11:28:54.044 I/chatty  (  767): uid=1000(system) WifiNetworkMoni expire 12 lines
08-21 11:28:54.046 D/android.hardware.power@4.0-impl(  397): Enter getSceneIdByName: sceneName:com.android.settings
08-21 11:28:54.059 I/gralloc ( 1474): gralloc_register hnd=0x936c0b80, share_fd=56, format=1, internal_format=0x1, byte_stride=1920, flags=4, usage=0xb00, size=1639680, width=480, height=854, internalWidth=480, internalHeight=854, stride=480, base=0x80c97000, writeOwner=0, min_pgsz=4096
08-21 11:28:54.060 E/        ( 1474): Shared attribute region not available to be mapped
08-21 11:28:54.071 I/chatty  ( 1147): uid=1000(system) com.android.settings expire 38 lines
08-21 11:28:54.077 I/audio_hw_primary(  371): SetAudio_PaConfig_by_devices out, out_devices:0xa, in_devices:0x0
08-21 11:28:54.077 V/audio_hw_primary(  371): Set 'SPKL Mixer DACLSPKL Switch'.0 to 1
08-21 11:28:54.077 V/audio_hw_primary(  371): Set 'Speaker Function'.0 to 1
08-21 11:28:54.077 I/audio_hw_primary(  371): Set 'HPL EAR Sel' to 'HPL'
08-21 11:28:54.077 V/audio_hw_primary(  371): Set 'HPL Mixer DACLHPL Switch'.0 to 1
08-21 11:28:54.077 V/audio_hw_primary(  371): Set 'HPR Mixer DACRHPR Switch'.0 to 1
08-21 11:28:54.077 V/audio_hw_primary(  371): Set 'HeadPhone Function'.0 to 1
08-21 11:28:54.077 V/audio_hw_primary(  371): Set 'Mic Function'.0 to 0
08-21 11:28:54.077 V/audio_hw_primary(  371): Set 'ADCL Mixer MainMICADCL Switch'.0 to 0
08-21 11:28:54.077 I/audio_hw_primary(  371): Set 'ADC1 LRCLK Select' to 'normal'
08-21 11:28:54.077 I/audio_hw_primary(  371): Set 'ADC LRCLK Select' to 'normal'
08-21 11:28:54.077 V/audio_hw_primary(  371): Set 'Aux Mic Function'.0 to 0
08-21 11:28:54.078 V/audio_hw_primary(  371): Set 'ADCR Mixer AuxMICADCR Switch'.0 to 0
08-21 11:28:54.078 V/audio_hw_primary(  371): Set 'HP Mic Function'.0 to 0
08-21 11:28:54.078 V/audio_hw_primary(  371): Set 'ADCL Mixer HPMICADCL Switch'.0 to 0
08-21 11:28:54.078 V/audio_hw_primary(  371): Set 'ADCR Mixer HPMICADCR Switch'.0 to 0
08-21 11:28:54.078 V/audio_hw_primary(  371): Set 'Digital FM Function'.0 to 0
08-21 11:28:54.078 V/audio_hw_primary(  371): Set 'DA0 ADDST MUX'.0 to 0
08-21 11:28:54.078 V/audio_hw_primary(  371): Set 'DA1 ADDST MUX'.0 to 0
08-21 11:28:54.078 V/audio_hw_primary(  371): Set 'DA0 ADDFM MUX'.0 to 0
08-21 11:28:54.078 V/audio_hw_primary(  371): Set 'DA1 ADDFM MUX'.0 to 0
08-21 11:28:54.078 V/audio_hw_primary(  371): Set 'Earpiece Function'.0 to 0
08-21 11:28:54.078 V/audio_hw_primary(  371): Set 'EAR Mixer DACLEAR Switch'.0 to 0
08-21 11:28:54.078 I/vb_effect_v2(  371): cur_mode(1)
08-21 11:28:54.078 I/audio_hw_primary(  371): GetAudio_gain_by_devices, outmode:1 inmode:3,indev:0x0, outdev:0xa
08-21 11:28:54.078 W/audio_hw_primary(  371): vb_control_parameters.c pa_config:0x202(0x202, 0), 0x0(fm)(0x0, 0),  hpPaConfig:0x53100(0x3100, 5), 0x0(fm)(0x0, 0)
08-21 11:28:54.078 W/audio_hw_primary(  371): vb_control_parameters.c GetAudio_outpga_nv, dac_pga_gain_l:0x80192251 fm_pga_gain_l:0xc7 fm_pga_gain_r:0xc7 vol_level:0x1 
08-21 11:28:54.078 W/audio_hw_primary(  371): GetAudio_inpga_nv, adc_pga_gain_l:0x982f device:0x0 vol_level:0x1
08-21 11:28:54.078 D/audio_pga(  371): 'headphone-spk-l' apply
08-21 11:28:54.078 D/audio_pga(  371): 'headphone-spk-r' apply
08-21 11:28:54.078 D/audio_pga(  371): 'cg-pga-gain-l' apply
08-21 11:28:54.078 D/audio_pga(  371): 'cg-pga-gain-r' apply
08-21 11:28:54.078 I/audio_hw_primary(  371): SetAudio_gain_by_devices out, out_devices:0xa, in_devices:0x0
08-21 11:28:54.079 V/audio_hw_primary(  371): do_select_devices X
08-21 11:28:54.079 I/audio_hw_primary(  371): stream_routing_thread looping done.
08-21 11:28:54.079 I/audio_hw_primary(  371): stream_routing_thread looping now...
08-21 11:28:54.123 D/PowerHAL(  397): ###Enter interaction_other scene bgn###
08-21 11:28:54.123 D/PowerHAL(  397): ###Enter interaction_other scene end###
08-21 11:28:54.167 I/netd    (  366): trafficSwapActiveStatsMap() <67.45ms>
08-21 11:28:54.170 I/netd    (  366): tetherGetStats() <1.72ms>
08-21 11:28:54.246 I/APM_AudioPolicyManagerSPRD(  404): stopOutput portId 15
08-21 11:28:54.257 I/netd    (  366): trafficSwapActiveStatsMap() <51.51ms>
08-21 11:28:54.263 I/netd    (  366): tetherGetStats() <4.49ms>
08-21 11:28:54.426 I/chatty  (  767): uid=1000(system) FinalizerDaemon expire 2 lines
08-21 11:28:54.517 I/netd    (  366): trafficSwapActiveStatsMap() <81.20ms>
08-21 11:28:54.520 I/netd    (  366): tetherGetStats() <1.67ms>
08-21 11:28:54.740 I/gralloc ( 1474): gralloc_unregister hnd=0x936c0880, share_fd=44, format=1, internal_format=0x1, byte_stride=1920, flags=4, usage=0xb00, size=1639680, width=480, height=854, internalWidth=480, internalHeight=854, stride=480, base=0x80fb9000, writeOwner=0, min_pgsz=4096
08-21 11:28:54.741 I/gralloc ( 1474): gralloc_unregister hnd=0x936c0ac0, share_fd=46, format=1, internal_format=0x1, byte_stride=1920, flags=4, usage=0xb00, size=1639680, width=480, height=854, internalWidth=480, internalHeight=854, stride=480, base=0x80e28000, writeOwner=0, min_pgsz=4096
08-21 11:28:54.741 I/gralloc ( 1474): gralloc_unregister hnd=0x936c0b80, share_fd=56, format=1, internal_format=0x1, byte_stride=1920, flags=4, usage=0xb00, size=1639680, width=480, height=854, internalWidth=480, internalHeight=854, stride=480, base=0x80c97000, writeOwner=0, min_pgsz=4096
08-21 11:28:54.742 W/libEGL  ( 1474): EGLNativeWindowType 0x9f3b38e8 disconnect failed
08-21 11:28:54.945 D/GNSSMGT (  493): watchdog: PowerState[UNKOWN STATE], gps_flag[4], readcount[0], idle time = 0, HeartCount = 0
08-21 11:28:55.297 D/WCND    (  505): is_cp2_alive_ok: open polling interface: /proc/mdbg/loopcheck, fd = 12
08-21 11:28:55.397 D/WCND    (  505): is_cp2_alive_ok: loop: /proc/mdbg/loopcheck is OK
08-21 11:28:55.811 I/ThermalChargeDetect(  492): charge status: Discharging
08-21 11:28:55.929 D/Power-HealthInfoCallback(  397): Update charge status to: 0
08-21 11:28:55.930 I/ThermalChargeDetect(  492): charge status: Discharging
08-21 11:28:55.933 D/BatteryMeterDrawable(  989): onBatteryLevelChanged level=27,pluggedIn=false,charging=false
08-21 11:28:55.934 D/BatteryMeterDrawable(  989): onBatteryLevelChanged level=27,pluggedIn=false,charging=false
08-21 11:28:55.934 I/收到广播--- logs::( 1595): android.intent.action.BATTERY_CHANGED
08-21 11:28:55.934 D/BatteryMeterDrawable(  989): onReceive action=android.intent.action.BATTERY_CHANGED
08-21 11:28:55.934 D/BatteryMeterDrawable(  989): onReceive level=27,plugType=0,status=3
08-21 11:28:55.935 D/BatteryMeterDrawable(  989): BatteryMeterViewAnimationShow level should be =27
08-21 11:28:55.935 D/BatteryMeterDrawable(  989): onReceive action=android.intent.action.BATTERY_CHANGED
08-21 11:28:55.935 D/BatteryMeterDrawable(  989): onReceive level=27,plugType=0,status=3
08-21 11:28:55.935 D/BatteryMeterDrawable(  989): BatteryMeterViewAnimationShow level should be =27
08-21 11:28:55.948 D/BatteryMeterDrawable(  989): onReceive action=android.intent.action.BATTERY_CHANGED
08-21 11:28:55.948 D/BatteryMeterDrawable(  989): onReceive level=27,plugType=0,status=3
08-21 11:28:55.948 D/BatteryMeterDrawable(  989): BatteryMeterViewAnimationShow level should be =27
08-21 11:28:56.027 D/PowerHAL(  397): ###Exit launch scene bgn###
08-21 11:28:56.028 D/PowerHAL(  397): ###Exit launch scene end###
08-21 11:28:56.047 D/Power-HealthInfoCallback(  397): Update charge status to: 0
08-21 11:28:56.051 D/BatteryMeterDrawable(  989): onBatteryLevelChanged level=27,pluggedIn=false,charging=false
08-21 11:28:56.051 D/BatteryMeterDrawable(  989): onBatteryLevelChanged level=27,pluggedIn=false,charging=false
08-21 11:28:56.052 I/收到广播--- logs::( 1595): android.intent.action.BATTERY_CHANGED
08-21 11:28:56.052 D/BatteryMeterDrawable(  989): onReceive action=android.intent.action.BATTERY_CHANGED
08-21 11:28:56.052 D/BatteryMeterDrawable(  989): onReceive level=27,plugType=0,status=3
08-21 11:28:56.052 D/BatteryMeterDrawable(  989): BatteryMeterViewAnimationShow level should be =27
08-21 11:28:56.057 I/netd    (  366): trafficSwapActiveStatsMap() <105.40ms>
08-21 11:28:56.060 I/netd    (  366): tetherGetStats() <2.03ms>
08-21 11:28:56.065 D/BatteryMeterDrawable(  989): onReceive action=android.intent.action.BATTERY_CHANGED
08-21 11:28:56.065 D/BatteryMeterDrawable(  989): onReceive level=27,plugType=0,status=3
08-21 11:28:56.065 D/BatteryMeterDrawable(  989): BatteryMeterViewAnimationShow level should be =27
08-21 11:28:56.066 D/BatteryMeterDrawable(  989): onReceive action=android.intent.action.BATTERY_CHANGED
08-21 11:28:56.066 D/BatteryMeterDrawable(  989): onReceive level=27,plugType=0,status=3
08-21 11:28:56.066 D/BatteryMeterDrawable(  989): BatteryMeterViewAnimationShow level should be =27
08-21 11:28:56.088 D/PowerHAL(  397): ###Enter interaction_other scene bgn###
08-21 11:28:56.088 D/PowerHAL(  397): ###Enter interaction_other scene end###
08-21 11:28:56.088 D/PowerHAL(  397): ###Enter interaction_other scene bgn###
08-21 11:28:56.088 D/PowerHAL(  397): ###Enter interaction_other scene end###
08-21 11:28:56.181 D/PowerHAL(  397): ###Enter interaction_other scene bgn###
08-21 11:28:56.182 D/PowerHAL(  397): ###Enter interaction_other scene end###
08-21 11:28:56.184 D/PowerHAL(  397): ###Enter launch scene bgn###
08-21 11:28:56.184 D/PowerHAL(  397): ###Enter launch scene end###
08-21 11:28:56.184 V/StatusBar(  989): mStatusBarWindow: com.android.systemui.statusbar.phone.StatusBarWindowView{552d7a9 V.E...... ........ 0,0-480,36} canPanelBeCollapsed(): false expandheight: 0.0
08-21 11:28:56.194 D/android.hardware.power@4.0-impl(  397): Enter getSceneIdByName: sceneName:com.telpo.tpui
08-21 11:28:56.267 I/netd    (  366): trafficSwapActiveStatsMap() <101.33ms>
08-21 11:28:56.271 I/netd    (  366): tetherGetStats() <2.39ms>
08-21 11:28:56.312 D/mali_winsys( 1474): EGLint new_window_surface(egl_winsys_display *, void *, EGLSurface, EGLConfig, egl_winsys_surface **, EGLBoolean) returns 0x3000
08-21 11:28:56.317 I/gralloc ( 1474): gralloc_register hnd=0x7d3598c0, share_fd=63, format=1, internal_format=0x1, byte_stride=1920, flags=4, usage=0xb00, size=1639680, width=480, height=854, internalWidth=480, internalHeight=854, stride=480, base=0x7d0d5000, writeOwner=0, min_pgsz=4096
08-21 11:28:56.318 E/        ( 1474): Shared attribute region not available to be mapped
08-21 11:28:56.346 D/PowerHAL(  397): ###Enter interaction_other scene bgn###
08-21 11:28:56.346 D/PowerHAL(  397): ###Enter interaction_other scene end###
08-21 11:28:56.351 I/gralloc (  989): gralloc_register hnd=0x7cdecb40, share_fd=115, format=1, internal_format=0x1, byte_stride=192, flags=4, usage=0x366, size=16320, width=48, height=85, internalWidth=48, internalHeight=85, stride=48, base=0x9ef4a000, writeOwner=0, min_pgsz=4096
08-21 11:28:56.357 I/gralloc (  989): gralloc_register hnd=0x7cdeca80, share_fd=114, format=1, internal_format=0x1, byte_stride=192, flags=4, usage=0x366, size=16320, width=48, height=85, internalWidth=48, internalHeight=85, stride=48, base=0x9ef02000, writeOwner=0, min_pgsz=4096
08-21 11:28:56.945 D/GNSSMGT (  493): watchdog: PowerState[UNKOWN STATE], gps_flag[4], readcount[0], idle time = 0, HeartCount = 0
08-21 11:28:57.055 I/chatty  (  767): uid=1000(system) WifiRssiLinkSpe expire 10 lines
08-21 11:28:57.083 D/PowerHAL(  397): ###Enter interaction_other scene bgn###
08-21 11:28:57.083 D/PowerHAL(  397): ###Enter interaction_other scene end###
08-21 11:28:57.083 D/PowerHAL(  397): ###Enter interaction_other scene bgn###
08-21 11:28:57.084 D/PowerHAL(  397): ###Enter interaction_other scene end###
08-21 11:28:57.161 I/gralloc ( 1474): gralloc_register hnd=0x9f347ec0, share_fd=44, format=1, internal_format=0x1, byte_stride=1920, flags=4, usage=0xb00, size=1639680, width=480, height=854, internalWidth=480, internalHeight=854, stride=480, base=0x80fb9000, writeOwner=0, min_pgsz=4096
08-21 11:28:57.161 E/        ( 1474): Shared attribute region not available to be mapped
08-21 11:28:57.177 I/gralloc ( 1474): gralloc_register hnd=0x936be3c0, share_fd=45, format=1, internal_format=0x1, byte_stride=1920, flags=4, usage=0xb00, size=1639680, width=480, height=854, internalWidth=480, internalHeight=854, stride=480, base=0x80e28000, writeOwner=0, min_pgsz=4096
08-21 11:28:57.177 E/        ( 1474): Shared attribute region not available to be mapped
08-21 11:28:57.196 D/PowerHAL(  397): ###Enter interaction_other scene bgn###
08-21 11:28:57.196 D/PowerHAL(  397): ###Enter interaction_other scene end###
08-21 11:28:57.196 D/PowerHAL(  397): ###Enter interaction_other scene bgn###
08-21 11:28:57.197 D/PowerHAL(  397): ###Enter interaction_other scene end###
08-21 11:28:57.225 V/audio_hw_primary(  371): do_output_standby in 0
08-21 11:28:57.233 W/audio_hw_primary(  371): do_output_standby.mode:0 
08-21 11:28:57.233 V/audio_hw_primary(  371): do_output_standby in out
08-21 11:28:57.270 D/PowerHAL(  397): ###Enter interaction_other scene bgn###
08-21 11:28:57.270 D/PowerHAL(  397): ###Enter interaction_other scene end###
08-21 11:28:58.186 D/PowerHAL(  397): ###Exit launch scene bgn###
08-21 11:28:58.186 D/PowerHAL(  397): ###Exit launch scene end###
08-21 11:28:58.945 D/GNSSMGT (  493): watchdog: PowerState[UNKOWN STATE], gps_flag[4], readcount[0], idle time = 0, HeartCount = 0
08-21 11:29:00.002 D/KeyguardStatusView(  989): refeshFormat mClockView.getText() = 11:28 AM
08-21 11:29:00.005 D/KeyguardStatusView(  989): refreshTime mClockView.getText() = 11:29 AM
08-21 11:29:00.402 D/WCND    (  505): is_cp2_alive_ok: open polling interface: /proc/mdbg/loopcheck, fd = 12
08-21 11:29:00.503 D/WCND    (  505): is_cp2_alive_ok: loop: /proc/mdbg/loopcheck is OK
08-21 11:29:00.930 I/ThermalChargeDetect(  492): charge status: Discharging
08-21 11:29:00.946 D/GNSSMGT (  493): watchdog: PowerState[UNKOWN STATE], gps_flag[4], readcount[0], idle time = 0, HeartCount = 0
08-21 11:29:01.045 I/ThermalChargeDetect(  492): charge status: Discharging
08-21 11:29:01.045 D/Power-HealthInfoCallback(  397): Update charge status to: 0
08-21 11:29:01.049 I/收到广播--- logs::( 1595): android.intent.action.BATTERY_CHANGED
08-21 11:29:01.050 D/BatteryMeterDrawable(  989): onBatteryLevelChanged level=27,pluggedIn=false,charging=false
08-21 11:29:01.050 D/BatteryMeterDrawable(  989): onBatteryLevelChanged level=27,pluggedIn=false,charging=false
08-21 11:29:01.051 D/BatteryMeterDrawable(  989): onReceive action=android.intent.action.BATTERY_CHANGED
08-21 11:29:01.051 D/BatteryMeterDrawable(  989): onReceive level=27,plugType=0,status=3
08-21 11:29:01.051 D/BatteryMeterDrawable(  989): BatteryMeterViewAnimationShow level should be =27
08-21 11:29:01.051 D/BatteryMeterDrawable(  989): onReceive action=android.intent.action.BATTERY_CHANGED
08-21 11:29:01.051 D/BatteryMeterDrawable(  989): onReceive level=27,plugType=0,status=3
08-21 11:29:01.051 D/BatteryMeterDrawable(  989): BatteryMeterViewAnimationShow level should be =27
08-21 11:29:01.052 D/BatteryMeterDrawable(  989): onReceive action=android.intent.action.BATTERY_CHANGED
08-21 11:29:01.052 D/BatteryMeterDrawable(  989): onReceive level=27,plugType=0,status=3
08-21 11:29:01.052 D/BatteryMeterDrawable(  989): BatteryMeterViewAnimationShow level should be =27
08-21 11:29:01.165 D/Power-HealthInfoCallback(  397): Update charge status to: 0
08-21 11:29:01.169 D/BatteryMeterDrawable(  989): onBatteryLevelChanged level=27,pluggedIn=false,charging=false
08-21 11:29:01.170 D/BatteryMeterDrawable(  989): onBatteryLevelChanged level=27,pluggedIn=false,charging=false
08-21 11:29:01.170 I/收到广播--- logs::( 1595): android.intent.action.BATTERY_CHANGED
08-21 11:29:01.170 D/BatteryMeterDrawable(  989): onReceive action=android.intent.action.BATTERY_CHANGED
08-21 11:29:01.170 D/BatteryMeterDrawable(  989): onReceive level=27,plugType=0,status=3
08-21 11:29:01.171 D/BatteryMeterDrawable(  989): BatteryMeterViewAnimationShow level should be =27
08-21 11:29:01.171 D/BatteryMeterDrawable(  989): onReceive action=android.intent.action.BATTERY_CHANGED
08-21 11:29:01.171 D/BatteryMeterDrawable(  989): onReceive level=27,plugType=0,status=3
08-21 11:29:01.171 D/BatteryMeterDrawable(  989): BatteryMeterViewAnimationShow level should be =27
08-21 11:29:01.175 D/BatteryMeterDrawable(  989): onReceive action=android.intent.action.BATTERY_CHANGED
08-21 11:29:01.175 D/BatteryMeterDrawable(  989): onReceive level=27,plugType=0,status=3
08-21 11:29:01.175 D/BatteryMeterDrawable(  989): BatteryMeterViewAnimationShow level should be =27
08-21 11:29:02.946 D/GNSSMGT (  493): watchdog: PowerState[UNKOWN STATE], gps_flag[4], readcount[0], idle time = 0, HeartCount = 0
08-21 11:29:04.858 D/PowerHAL(  397): ###Enter interaction_other scene bgn###
08-21 11:29:04.859 D/PowerHAL(  397): ###Enter interaction_other scene end###
08-21 11:29:04.859 D/PowerHAL(  397): ###Enter interaction_other scene bgn###
08-21 11:29:04.859 D/PowerHAL(  397): ###Enter interaction_other scene end###
08-21 11:29:04.928 D/PowerHAL(  397): ###Enter launch scene bgn###
08-21 11:29:04.928 D/PowerHAL(  397): ###Enter launch scene end###
08-21 11:29:04.929 I/APM_AudioPolicyManager(  404): getOutput() stream 1 selected devices {type:0x8,@:}, output 13
08-21 11:29:04.929 I/APM_AudioPolicyManager(  404): getOutput() stream 1 selected devices {type:0x8,@:}, output 13
08-21 11:29:04.930 V/APM_AudioPolicyManagerSPRD(  404): startOutput portId 15
08-21 11:29:04.932 D/audio_hw_primary(  371): start output stream mode:0 devices:a call_start:0, call_connected:0, is_voip:0, voip_state:0, is_bt_sco:0,out->audio_app_type:0
08-21 11:29:04.932 I/audio_hw_primary(  371): select_devices_signal starting... adev->out_devices 0xa adev->in_devices 0x0
08-21 11:29:04.932 I/audio_hw_primary(  371): select_devices_signal finished.
08-21 11:29:04.932 V/audio_hw_primary(  371): do_select_devices E
08-21 11:29:04.932 I/audio_hw_primary(  371): start_output_stream open s_tinycard in
08-21 11:29:04.932 I/chatty  (  767): uid=1000(system) SRecogCollector expire 24 lines
08-21 11:29:04.939 I/audio_hw_primary(  371): start_output_stream open s_tinycard successfully
08-21 11:29:04.939 I/audio_hw_primary(  371): cache_mute=0 ,mastermute=0
08-21 11:29:04.939 I/audio_hw_primary(  371): Not to change mute: 0
08-21 11:29:04.939 I/audio_hw_primary(  371): Changing out_devices: from (0xfffffff5) to (0x0000000a), Changing in_devices: from (0x00000000) to (0x00000000)
