08-21 11:29:24.173 I/audio_hw_primary(  371): cache_mute=0 ,mastermute=0
08-21 11:29:24.173 I/audio_hw_primary(  371): Not to change mute: 0
08-21 11:29:24.173 I/audio_hw_primary(  371): Changing out_devices: from (0xfffffff5) to (0x0000000a), Changing in_devices: from (0x00000000) to (0x00000000)
08-21 11:29:24.173 I/audio_hw_primary(  371): GetAudio_PaConfig_nv hp_pa_delay_config 0x0 pa_config:0x202(0x202, 0), 0x0(fm)(0x0, 0),  hpPaConfig:0x53100(0x3100, 5), 0x0(fm)(0x0, 0)
08-21 11:29:24.207 I/audio_hw_primary(  371): SetAudio_PaConfig_by_devices out, out_devices:0xa, in_devices:0x0
08-21 11:29:24.207 V/audio_hw_primary(  371): Set 'SPKL Mixer DACLSPKL Switch'.0 to 1
08-21 11:29:24.207 V/audio_hw_primary(  371): Set 'Speaker Function'.0 to 1
08-21 11:29:24.207 I/audio_hw_primary(  371): Set 'HPL EAR Sel' to 'HPL'
08-21 11:29:24.207 V/audio_hw_primary(  371): Set 'HPL Mixer DACLHPL Switch'.0 to 1
08-21 11:29:24.207 V/audio_hw_primary(  371): Set 'HPR Mixer DACRHPR Switch'.0 to 1
08-21 11:29:24.207 V/audio_hw_primary(  371): Set 'HeadPhone Function'.0 to 1
08-21 11:29:24.207 V/audio_hw_primary(  371): Set 'Mic Function'.0 to 0
08-21 11:29:24.208 V/audio_hw_primary(  371): Set 'ADCL Mixer MainMICADCL Switch'.0 to 0
08-21 11:29:24.208 I/audio_hw_primary(  371): Set 'ADC1 LRCLK Select' to 'normal'
08-21 11:29:24.208 I/audio_hw_primary(  371): Set 'ADC LRCLK Select' to 'normal'
08-21 11:29:24.208 V/audio_hw_primary(  371): Set 'Aux Mic Function'.0 to 0
08-21 11:29:24.208 V/audio_hw_primary(  371): Set 'ADCR Mixer AuxMICADCR Switch'.0 to 0
08-21 11:29:24.208 V/audio_hw_primary(  371): Set 'HP Mic Function'.0 to 0
08-21 11:29:24.208 V/audio_hw_primary(  371): Set 'ADCL Mixer HPMICADCL Switch'.0 to 0
08-21 11:29:24.208 V/audio_hw_primary(  371): Set 'ADCR Mixer HPMICADCR Switch'.0 to 0
08-21 11:29:24.208 V/audio_hw_primary(  371): Set 'Digital FM Function'.0 to 0
08-21 11:29:24.208 V/audio_hw_primary(  371): Set 'DA0 ADDST MUX'.0 to 0
08-21 11:29:24.208 V/audio_hw_primary(  371): Set 'DA1 ADDST MUX'.0 to 0
08-21 11:29:24.208 V/audio_hw_primary(  371): Set 'DA0 ADDFM MUX'.0 to 0
08-21 11:29:24.208 V/audio_hw_primary(  371): Set 'DA1 ADDFM MUX'.0 to 0
08-21 11:29:24.208 V/audio_hw_primary(  371): Set 'Earpiece Function'.0 to 0
08-21 11:29:24.208 V/audio_hw_primary(  371): Set 'EAR Mixer DACLEAR Switch'.0 to 0
08-21 11:29:24.208 I/vb_effect_v2(  371): cur_mode(1)
08-21 11:29:24.208 I/audio_hw_primary(  371): GetAudio_gain_by_devices, outmode:1 inmode:3,indev:0x0, outdev:0xa
08-21 11:29:24.208 W/audio_hw_primary(  371): vb_control_parameters.c pa_config:0x202(0x202, 0), 0x0(fm)(0x0, 0),  hpPaConfig:0x53100(0x3100, 5), 0x0(fm)(0x0, 0)
08-21 11:29:24.208 W/audio_hw_primary(  371): vb_control_parameters.c GetAudio_outpga_nv, dac_pga_gain_l:0x80192251 fm_pga_gain_l:0xc7 fm_pga_gain_r:0xc7 vol_level:0x1 
08-21 11:29:24.208 W/audio_hw_primary(  371): GetAudio_inpga_nv, adc_pga_gain_l:0x982f device:0x0 vol_level:0x1
08-21 11:29:24.208 D/audio_pga(  371): 'headphone-spk-l' apply
08-21 11:29:24.208 D/audio_pga(  371): 'headphone-spk-r' apply
08-21 11:29:24.209 D/audio_pga(  371): 'cg-pga-gain-l' apply
08-21 11:29:24.209 D/audio_pga(  371): 'cg-pga-gain-r' apply
08-21 11:29:24.209 I/audio_hw_primary(  371): SetAudio_gain_by_devices out, out_devices:0xa, in_devices:0x0
08-21 11:29:24.209 V/audio_hw_primary(  371): do_select_devices X
08-21 11:29:24.209 I/audio_hw_primary(  371): stream_routing_thread looping done.
08-21 11:29:24.209 I/audio_hw_primary(  371): stream_routing_thread looping now...
08-21 11:29:24.244 D/mali_winsys( 2569): EGLint new_window_surface(egl_winsys_display *, void *, EGLSurface, EGLConfig, egl_winsys_surface **, EGLBoolean) returns 0x3000
08-21 11:29:24.250 I/chatty  (  377): uid=1000(system) HwBinder:377_1 expire 9 lines
08-21 11:29:24.252 I/gralloc ( 2569): gralloc_register hnd=0x7e588380, share_fd=69, format=1, internal_format=0x1, byte_stride=2304, flags=4, usage=0xb00, size=771840, width=576, height=335, internalWidth=576, internalHeight=335, stride=576, base=0x7eadd000, writeOwner=0, min_pgsz=4096
08-21 11:29:24.252 E/        ( 2569): Shared attribute region not available to be mapped
08-21 11:29:24.270 I/gralloc ( 2569): gralloc_register hnd=0x7e588740, share_fd=70, format=1, internal_format=0x1, byte_stride=2304, flags=4, usage=0xb00, size=771840, width=576, height=335, internalWidth=576, internalHeight=335, stride=576, base=0x7ea20000, writeOwner=0, min_pgsz=4096
08-21 11:29:24.270 E/        ( 2569): Shared attribute region not available to be mapped
08-21 11:29:24.273 D/PowerHAL(  397): ###Enter interaction_other scene bgn###
08-21 11:29:24.275 D/PowerHAL(  397): ###Enter interaction_other scene end###
08-21 11:29:24.275 D/PowerHAL(  397): ###Enter interaction_other scene bgn###
08-21 11:29:24.275 D/PowerHAL(  397): ###Enter interaction_other scene end###
08-21 11:29:24.309 I/chatty  (  378): uid=1000(system) composer@2.1-se expire 33 lines
08-21 11:29:24.391 I/APM_AudioPolicyManagerSPRD(  404): stopOutput portId 15
08-21 11:29:24.949 D/GNSSMGT (  493): watchdog: PowerState[UNKOWN STATE], gps_flag[4], readcount[0], idle time = 0, HeartCount = 0
08-21 11:29:25.170 D/PowerHAL(  397): ###Enter interaction_other scene bgn###
08-21 11:29:25.171 D/PowerHAL(  397): ###Enter interaction_other scene end###
08-21 11:29:25.171 D/PowerHAL(  397): ###Enter interaction_other scene bgn###
08-21 11:29:25.171 D/PowerHAL(  397): ###Enter interaction_other scene end###
08-21 11:29:25.221 I/gralloc ( 2569): gralloc_register hnd=0x7e588980, share_fd=65, format=1, internal_format=0x1, byte_stride=2304, flags=4, usage=0xb00, size=771840, width=576, height=335, internalWidth=576, internalHeight=335, stride=576, base=0x7dbdd000, writeOwner=0, min_pgsz=4096
08-21 11:29:25.221 E/        ( 2569): Shared attribute region not available to be mapped
08-21 11:29:25.223 I/APM_AudioPolicyManager(  404): getOutput() stream 1 selected devices {type:0x8,@:}, output 13
08-21 11:29:25.224 I/APM_AudioPolicyManager(  404): getOutput() stream 1 selected devices {type:0x8,@:}, output 13
08-21 11:29:25.225 V/APM_AudioPolicyManagerSPRD(  404): startOutput portId 15
08-21 11:29:25.264 I/chatty  (  408): uid=1000(system) Binder:408_2 expire 2 lines
08-21 11:29:25.265 I/gralloc ( 2569): gralloc_unregister hnd=0x7e588980, share_fd=65, format=1, internal_format=0x1, byte_stride=2304, flags=4, usage=0xb00, size=771840, width=576, height=335, internalWidth=576, internalHeight=335, stride=576, base=0x7dbdd000, writeOwner=0, min_pgsz=4096
08-21 11:29:25.265 I/gralloc ( 2569): gralloc_unregister hnd=0x7e588380, share_fd=69, format=1, internal_format=0x1, byte_stride=2304, flags=4, usage=0xb00, size=771840, width=576, height=335, internalWidth=576, internalHeight=335, stride=576, base=0x7eadd000, writeOwner=0, min_pgsz=4096
08-21 11:29:25.265 I/gralloc ( 2569): gralloc_unregister hnd=0x7e588740, share_fd=70, format=1, internal_format=0x1, byte_stride=2304, flags=4, usage=0xb00, size=771840, width=576, height=335, internalWidth=576, internalHeight=335, stride=576, base=0x7ea20000, writeOwner=0, min_pgsz=4096
08-21 11:29:25.266 W/libEGL  ( 2569): EGLNativeWindowType 0x7f4ad3a8 disconnect failed
08-21 11:29:25.266 D/OpenGLRenderer( 2569): endAllActiveAnimators on 0x7e695f00 (RippleDrawable) with handle 0x7e691b50
08-21 11:29:25.274 D/Zygote  (  367): Forked child process 2679
08-21 11:29:25.279 I/Zygote  ( 2679): seccomp disabled by setenforce 0
08-21 11:29:25.290 D/PowerHAL(  397): ###Enter interaction_other scene bgn###
08-21 11:29:25.290 D/PowerHAL(  397): ###Enter interaction_other scene end###
08-21 11:29:25.290 D/PowerHAL(  397): ###Enter interaction_other scene bgn###
08-21 11:29:25.290 D/PowerHAL(  397): ###Enter interaction_other scene end###
08-21 11:29:25.297 W/entsui.service( 2679): Using default instruction set features for ARM CPU variant (generic) using conservative defaults
08-21 11:29:25.311 E/entsui.service( 2679): Not starting debugger since process cannot load the jdwp agent.
08-21 11:29:25.333 I/oid.documentsu( 2569): NativeAlloc concurrent copying GC freed 21952(989KB) AllocSpace objects, 0(0B) LOS objects, 47% free, 3455KB/6527KB, paused 78us total 124.161ms
08-21 11:29:25.367 D/ApplicationLoaders( 2679): Returning zygote-cached class loader: /system/framework/android.hidl.base-V1.0-java.jar
08-21 11:29:25.367 D/ApplicationLoaders( 2679): Returning zygote-cached class loader: /system/framework/android.hidl.manager-V1.0-java.jar
08-21 11:29:25.367 D/ApplicationLoaders( 2679): Returning zygote-cached class loader: /system/framework/android.hidl.base-V1.0-java.jar
08-21 11:29:25.379 I/entsui.service( 2679): The ClassLoaderContext is a special shared library.
08-21 11:29:25.403 I/APM_AudioPolicyManagerSPRD(  404): stopOutput portId 15
08-21 11:29:25.554 D/DocumentsApplication( 2679): OverlayManager.setEnabled() result: true
08-21 11:29:25.621 I/chatty  (  767): uid=1000(system) notification-sq expire 1 line
08-21 11:29:25.643 W/System  (  989): ClassLoader referenced unknown path: 
08-21 11:29:25.813 D/NotificationMediaManager(  989): finishUpdateMediaMetaData metaDataChanged =false,allowEnterAnimation =true
08-21 11:29:25.814 D/NotificationMediaManager(  989): finishUpdateMediaMetaData need to hide the album art
08-21 11:29:25.927 D/WCND    (  505): is_cp2_alive_ok: open polling interface: /proc/mdbg/loopcheck, fd = 12
08-21 11:29:26.027 D/WCND    (  505): is_cp2_alive_ok: loop: /proc/mdbg/loopcheck is OK
08-21 11:29:26.610 I/ThermalChargeDetect(  492): charge status: Discharging
08-21 11:29:26.729 I/ThermalChargeDetect(  492): charge status: Discharging
08-21 11:29:26.730 D/Power-HealthInfoCallback(  397): Update charge status to: 0
08-21 11:29:26.734 D/BatteryMeterDrawable(  989): onBatteryLevelChanged level=27,pluggedIn=false,charging=false
08-21 11:29:26.734 D/BatteryMeterDrawable(  989): onBatteryLevelChanged level=27,pluggedIn=false,charging=false
08-21 11:29:26.735 I/收到广播--- logs::( 1595): android.intent.action.BATTERY_CHANGED
08-21 11:29:26.735 D/BatteryMeterDrawable(  989): onBatteryLevelChanged level=27,pluggedIn=false,charging=false
08-21 11:29:26.735 D/BatteryMeterDrawable(  989): onReceive action=android.intent.action.BATTERY_CHANGED
08-21 11:29:26.736 D/BatteryMeterDrawable(  989): onReceive level=27,plugType=0,status=3
08-21 11:29:26.736 D/BatteryMeterDrawable(  989): BatteryMeterViewAnimationShow level should be =27
08-21 11:29:26.736 D/BatteryMeterDrawable(  989): onReceive action=android.intent.action.BATTERY_CHANGED
08-21 11:29:26.736 D/BatteryMeterDrawable(  989): onReceive level=27,plugType=0,status=3
08-21 11:29:26.736 D/BatteryMeterDrawable(  989): BatteryMeterViewAnimationShow level should be =27
08-21 11:29:26.746 D/BatteryMeterDrawable(  989): onReceive action=android.intent.action.BATTERY_CHANGED
08-21 11:29:26.746 D/BatteryMeterDrawable(  989): onReceive level=27,plugType=0,status=3
08-21 11:29:26.746 D/BatteryMeterDrawable(  989): BatteryMeterViewAnimationShow level should be =27
08-21 11:29:26.847 D/Power-HealthInfoCallback(  397): Update charge status to: 0
08-21 11:29:26.851 D/BatteryMeterDrawable(  989): onBatteryLevelChanged level=27,pluggedIn=false,charging=false
08-21 11:29:26.851 D/BatteryMeterDrawable(  989): onBatteryLevelChanged level=27,pluggedIn=false,charging=false
08-21 11:29:26.852 D/BatteryMeterDrawable(  989): onReceive action=android.intent.action.BATTERY_CHANGED
08-21 11:29:26.852 D/BatteryMeterDrawable(  989): onReceive level=27,plugType=0,status=3
08-21 11:29:26.852 I/收到广播--- logs::( 1595): android.intent.action.BATTERY_CHANGED
08-21 11:29:26.852 D/BatteryMeterDrawable(  989): BatteryMeterViewAnimationShow level should be =27
08-21 11:29:26.862 D/BatteryMeterDrawable(  989): onReceive action=android.intent.action.BATTERY_CHANGED
08-21 11:29:26.862 D/BatteryMeterDrawable(  989): onReceive level=27,plugType=0,status=3
08-21 11:29:26.862 D/BatteryMeterDrawable(  989): BatteryMeterViewAnimationShow level should be =27
08-21 11:29:26.862 D/BatteryMeterDrawable(  989): onReceive action=android.intent.action.BATTERY_CHANGED
08-21 11:29:26.862 D/BatteryMeterDrawable(  989): onReceive level=27,plugType=0,status=3
08-21 11:29:26.862 D/BatteryMeterDrawable(  989): BatteryMeterViewAnimationShow level should be =27
08-21 11:29:26.949 D/GNSSMGT (  493): watchdog: PowerState[UNKOWN STATE], gps_flag[4], readcount[0], idle time = 0, HeartCount = 0
08-21 11:29:27.044 I/chatty  (  767): uid=1000(system) InputReader expire 2 lines
08-21 11:29:27.045 D/PowerHAL(  397): ###Enter interaction_other scene bgn###
08-21 11:29:27.046 D/PowerHAL(  397): ###Enter interaction_other scene end###
08-21 11:29:27.046 D/PowerHAL(  397): ###Enter interaction_other scene bgn###
08-21 11:29:27.047 D/PowerHAL(  397): ###Enter interaction_other scene end###
08-21 11:29:27.121 D/PowerHAL(  397): ###Enter interaction_other scene bgn###
08-21 11:29:27.121 D/PowerHAL(  397): ###Enter interaction_other scene end###
08-21 11:29:27.124 I/chatty  (  767): uid=1000(system) Binder:767_7 expire 1 line
08-21 11:29:27.124 V/StatusBar(  989): mStatusBarWindow: com.android.systemui.statusbar.phone.StatusBarWindowView{552d7a9 V.E...... ........ 0,0-480,36} canPanelBeCollapsed(): false expandheight: 0.0
08-21 11:29:27.125 D/PowerHAL(  397): ###Enter launch scene bgn###
08-21 11:29:27.125 D/PowerHAL(  397): ###Enter launch scene end###
08-21 11:29:27.138 D/android.hardware.power@4.0-impl(  397): Enter getSceneIdByName: sceneName:com.telpo.tpui
08-21 11:29:27.155 I/chatty  (  767): uid=1000(system) SRecogCollector expire 4 lines
08-21 11:29:27.159 I/chatty  (  767): uid=1000(system) WifiNetworkMoni expire 2 lines
08-21 11:29:27.159 I/chatty  (  767): uid=1000(system) WifiRssiLinkSpe expire 2 lines
08-21 11:29:27.256 D/mali_winsys( 1474): EGLint new_window_surface(egl_winsys_display *, void *, EGLSurface, EGLConfig, egl_winsys_surface **, EGLBoolean) returns 0x3000
08-21 11:29:27.263 I/gralloc ( 1474): gralloc_register hnd=0x7d359740, share_fd=63, format=1, internal_format=0x1, byte_stride=1920, flags=4, usage=0xb00, size=1639680, width=480, height=854, internalWidth=480, internalHeight=854, stride=480, base=0x7d0d5000, writeOwner=0, min_pgsz=4096
08-21 11:29:27.263 E/        ( 1474): Shared attribute region not available to be mapped
08-21 11:29:27.283 I/chatty  (  377): uid=1000(system) HwBinder:377_3 expire 20 lines
08-21 11:29:27.286 I/chatty  (  767): uid=1000(system) android.anim expire 3 lines
08-21 11:29:27.295 D/PowerHAL(  397): ###Enter interaction_other scene bgn###
08-21 11:29:27.295 D/PowerHAL(  397): ###Enter interaction_other scene end###
08-21 11:29:27.297 I/gralloc (  989): gralloc_register hnd=0x7c40da00, share_fd=119, format=1, internal_format=0x1, byte_stride=192, flags=4, usage=0x366, size=16320, width=48, height=85, internalWidth=48, internalHeight=85, stride=48, base=0x9ed79000, writeOwner=0, min_pgsz=4096
08-21 11:29:27.329 I/chatty  (  378): uid=1000(system) HwBinder:378_3 expire 50 lines
08-21 11:29:27.911 I/chatty  (  408): uid=1000(system) Binder:408_3 expire 5 lines
08-21 11:29:27.912 I/chatty  (  767): uid=1000(system) RenderThread expire 1 line
08-21 11:29:27.912 I/gralloc ( 2569): gralloc_unregister hnd=0x7f2ecf80, share_fd=61, format=1, internal_format=0x1, byte_stride=1920, flags=4, usage=0xb00, size=1639680, width=480, height=854, internalWidth=480, internalHeight=854, stride=480, base=0x7ee9a000, writeOwner=0, min_pgsz=4096
08-21 11:29:27.913 I/gralloc ( 2569): gralloc_unregister hnd=0x7f486300, share_fd=54, format=1, internal_format=0x1, byte_stride=1920, flags=4, usage=0xb00, size=1639680, width=480, height=854, internalWidth=480, internalHeight=854, stride=480, base=0x802f0000, writeOwner=0, min_pgsz=4096
08-21 11:29:27.913 I/gralloc ( 2569): gralloc_unregister hnd=0x7f488ac0, share_fd=56, format=1, internal_format=0x1, byte_stride=1920, flags=4, usage=0xb00, size=1639680, width=480, height=854, internalWidth=480, internalHeight=854, stride=480, base=0x8015f000, writeOwner=0, min_pgsz=4096
08-21 11:29:27.913 W/libEGL  ( 2569): EGLNativeWindowType 0x9f3b4b08 disconnect failed
08-21 11:29:28.166 I/chatty  (  767): uid=1000(system) InputReader expire 2 lines
08-21 11:29:28.166 D/PowerHAL(  397): ###Enter interaction_other scene bgn###
08-21 11:29:28.167 D/PowerHAL(  397): ###Enter interaction_other scene end###
08-21 11:29:28.167 D/PowerHAL(  397): ###Enter interaction_other scene bgn###
08-21 11:29:28.167 D/PowerHAL(  397): ###Enter interaction_other scene end###
08-21 11:29:28.190 I/gralloc ( 1474): gralloc_register hnd=0x7d359980, share_fd=65, format=1, internal_format=0x1, byte_stride=1920, flags=4, usage=0xb00, size=1639680, width=480, height=854, internalWidth=480, internalHeight=854, stride=480, base=0x7ce3b000, writeOwner=0, min_pgsz=4096
08-21 11:29:28.190 E/        ( 1474): Shared attribute region not available to be mapped
08-21 11:29:28.194 I/APM_AudioPolicyManager(  404): getOutput() stream 1 selected devices {type:0x8,@:}, output 13
08-21 11:29:28.195 I/APM_AudioPolicyManager(  404): getOutput() stream 1 selected devices {type:0x8,@:}, output 13
08-21 11:29:28.195 I/chatty  (  767): uid=1000(system) AudioService expire 1 line
08-21 11:29:28.196 V/APM_AudioPolicyManagerSPRD(  404): startOutput portId 15
08-21 11:29:28.203 I/chatty  (  767): uid=1000(system) SRecogCollector expire 5 lines
08-21 11:29:28.210 D/android.hardware.power@4.0-impl(  397): Enter getSceneIdByName: sceneName:com.android.settings
08-21 11:29:28.243 I/gralloc ( 1474): gralloc_register hnd=0x7d359a40, share_fd=66, format=1, internal_format=0x1, byte_stride=1920, flags=4, usage=0xb00, size=1639680, width=480, height=854, internalWidth=480, internalHeight=854, stride=480, base=0x7ccaa000, writeOwner=0, min_pgsz=4096
08-21 11:29:28.243 E/        ( 1474): Shared attribute region not available to be mapped
08-21 11:29:28.251 I/chatty  (  408): uid=1000(system) Binder:408_5 expire 1 line
08-21 11:29:28.277 D/PowerHAL(  397): ###Enter interaction_other scene bgn###
08-21 11:29:28.277 D/PowerHAL(  397): ###Enter interaction_other scene end###
08-21 11:29:28.293 I/chatty  (  767): uid=1000(system) android.bg expire 1 line
08-21 11:29:28.324 I/AudioTrack(  767): stop  mClientUid:1000 mClientPid:767  mSessionId:25 app name:system_server 
08-21 11:29:28.325 I/gralloc (  989): gralloc_register hnd=0x7c4a3300, share_fd=120, format=1, internal_format=0x1, byte_stride=192, flags=4, usage=0x366, size=16320, width=48, height=85, internalWidth=48, internalHeight=85, stride=48, base=0x9ed81000, writeOwner=0, min_pgsz=4096
08-21 11:29:28.364 I/APM_AudioPolicyManagerSPRD(  404): stopOutput portId 15
08-21 11:29:28.367 D/SceneRecognizer(  767): notifySceneStatusChanged: notify 1 receivers
08-21 11:29:28.427 I/chatty  ( 1147): uid=1000(system) RenderThread expire 14 lines
08-21 11:29:28.428 I/netd    (  366): trafficSwapActiveStatsMap() <79.93ms>
08-21 11:29:28.429 I/chatty  (  408): uid=1000(system) Binder:408_4 expire 8 lines
08-21 11:29:28.433 I/netd    (  366): tetherGetStats() <2.12ms>
08-21 11:29:28.478 I/chatty  (  408): uid=1000(system) Binder:408_1 expire 2 lines
08-21 11:29:28.488 I/gralloc (  767): gralloc_unregister hnd=0x6e481d80, share_fd=343, format=1, internal_format=0x1, byte_stride=1920, flags=4, usage=0x966, size=1639680, width=480, height=854, internalWidth=480, internalHeight=854, stride=480, base=0x64c52000, writeOwner=48, min_pgsz=4096
08-21 11:29:28.519 I/ActivityTaskManager(  767): Displayed com.android.settings/.homepage.SettingsHomepageActivity: +279ms
08-21 11:29:28.522 D/PowerHAL(  397): ###Enter interaction_other scene bgn###
08-21 11:29:28.522 D/PowerHAL(  397): ###Enter interaction_other scene end###
08-21 11:29:28.561 I/chatty  ( 1147): uid=1000(system) AsyncTask #6 expire 4 lines
08-21 11:29:28.566 I/chatty  ( 1147): uid=1000(system) HeapTaskDaemon expire 2 lines
08-21 11:29:28.567 I/chatty  ( 1147): uid=1000(system) pool-1-thread-1 expire 6 lines
08-21 11:29:28.673 W/DPUModule(  378): Warning: Dispc cannot support 5 layer blending(0)
08-21 11:29:28.689 I/gralloc (  378): gralloc_unregister hnd=0xa9e3d080, share_fd=25, format=1, internal_format=0x1, byte_stride=1920, flags=4, usage=0x966, size=1639680, width=480, height=854, internalWidth=480, internalHeight=854, stride=480, base=0xa70e2000, writeOwner=0, min_pgsz=4096
08-21 11:29:28.703 I/chatty  (  408): uid=1000(system) /system/bin/surfaceflinger expire 2 lines
08-21 11:29:28.709 I/system_server(  767): Background concurrent copying GC freed 17086(1521KB) AllocSpace objects, 44(1828KB) LOS objects, 9% free, 28MB/31MB, paused 170us total 243.961ms
08-21 11:29:28.712 I/gralloc (  767): gralloc_unregister hnd=0x6e4813c0, share_fd=215, format=1, internal_format=0x1, byte_stride=192, flags=4, usage=0x366, size=16320, width=48, height=85, internalWidth=48, internalHeight=85, stride=48, base=0x904ec000, writeOwner=0, min_pgsz=4096
08-21 11:29:28.739 I/gralloc (  378): gralloc_register hnd=0xa9e3c840, share_fd=29, format=1, internal_format=0x1, byte_stride=1920, flags=4, usage=0xb00, size=1639680, width=480, height=854, internalWidth=480, internalHeight=854, stride=480, base=0xa7404000, writeOwner=0, min_pgsz=4096
08-21 11:29:28.788 I/netd    (  366): trafficSwapActiveStatsMap() <53.71ms>
08-21 11:29:28.795 I/netd    (  366): tetherGetStats() <4.76ms>
08-21 11:29:28.821 I/gralloc (  378): gralloc_unregister hnd=0xa9e3cc00, share_fd=45, format=1, internal_format=0x1, byte_stride=5760, flags=4, usage=0xb00, size=7372800, width=1440, height=1280, internalWidth=1440, internalHeight=1280, stride=1440, base=0xa5651000, writeOwner=0, min_pgsz=4096
08-21 11:29:28.890 I/gralloc ( 1474): gralloc_unregister hnd=0x7d359740, share_fd=63, format=1, internal_format=0x1, byte_stride=1920, flags=4, usage=0xb00, size=1639680, width=480, height=854, internalWidth=480, internalHeight=854, stride=480, base=0x7d0d5000, writeOwner=0, min_pgsz=4096
08-21 11:29:28.890 I/gralloc ( 1474): gralloc_unregister hnd=0x7d359980, share_fd=65, format=1, internal_format=0x1, byte_stride=1920, flags=4, usage=0xb00, size=1639680, width=480, height=854, internalWidth=480, internalHeight=854, stride=480, base=0x7ce3b000, writeOwner=0, min_pgsz=4096
08-21 11:29:28.891 I/gralloc ( 1474): gralloc_unregister hnd=0x7d359a40, share_fd=66, format=1, internal_format=0x1, byte_stride=1920, flags=4, usage=0xb00, size=1639680, width=480, height=854, internalWidth=480, internalHeight=854, stride=480, base=0x7ccaa000, writeOwner=0, min_pgsz=4096
08-21 11:29:28.891 W/libEGL  ( 1474): EGLNativeWindowType 0x9f3b3848 disconnect failed
08-21 11:29:28.949 D/GNSSMGT (  493): watchdog: PowerState[UNKOWN STATE], gps_flag[4], readcount[0], idle time = 0, HeartCount = 0
08-21 11:29:28.999 D/InputReader(  767): processEventsLocked: type=3 Count=4 code=57 value=0 deviceId=2
08-21 11:29:29.001 D/PowerHAL(  397): ###Enter interaction_other scene bgn###
08-21 11:29:29.002 D/PowerHAL(  397): ###Enter interaction_other scene end###
08-21 11:29:29.002 D/PowerHAL(  397): ###Enter interaction_other scene bgn###
08-21 11:29:29.002 D/PowerHAL(  397): ###Enter interaction_other scene end###
08-21 11:29:29.112 D/PowerHAL(  397): ###Enter interaction_other scene bgn###
08-21 11:29:29.112 D/PowerHAL(  397): ###Enter interaction_other scene end###
08-21 11:29:29.112 D/PowerHAL(  397): ###Enter interaction_other scene bgn###
08-21 11:29:29.112 D/PowerHAL(  397): ###Enter interaction_other scene end###
08-21 11:29:29.186 D/InputReader(  767): processEventsLocked: type=3 Count=2 code=57 value=-1 deviceId=2
08-21 11:29:29.187 D/PowerHAL(  397): ###Enter interaction_other scene bgn###
08-21 11:29:29.187 D/PowerHAL(  397): ###Enter interaction_other scene end###
08-21 11:29:29.855 D/InputReader(  767): processEventsLocked: type=3 Count=4 code=57 value=0 deviceId=2
08-21 11:29:29.856 D/PowerHAL(  397): ###Enter interaction_other scene bgn###
08-21 11:29:29.856 D/PowerHAL(  397): ###Enter interaction_other scene end###
08-21 11:29:29.856 D/PowerHAL(  397): ###Enter interaction_other scene bgn###
08-21 11:29:29.856 D/PowerHAL(  397): ###Enter interaction_other scene end###
08-21 11:29:29.968 D/PowerHAL(  397): ###Enter interaction_other scene bgn###
08-21 11:29:29.968 D/PowerHAL(  397): ###Enter interaction_other scene end###
08-21 11:29:29.968 D/PowerHAL(  397): ###Enter interaction_other scene bgn###
08-21 11:29:29.968 D/PowerHAL(  397): ###Enter interaction_other scene end###
08-21 11:29:30.042 D/InputReader(  767): processEventsLocked: type=3 Count=2 code=57 value=-1 deviceId=2
08-21 11:29:30.042 D/PowerHAL(  397): ###Enter interaction_other scene bgn###
08-21 11:29:30.043 D/PowerHAL(  397): ###Enter interaction_other scene end###
08-21 11:29:30.168 D/WifiNetworkMonitor(  767): EVENT_WIFI_RSSI_CHANGED
08-21 11:29:30.168 D/WifiRssiLinkSpeedAndFrequencyMonitor(  767): EVENT_WIFI_RSSI_LINKSPEED_FREQUENCY_CHANGED
08-21 11:29:30.168 D/WifiRssiLinkSpeedAndFrequencyMonitor(  767): Not any Obervers!!!
08-21 11:29:30.168 E/WifiNetworkMonitor(  767): Not any Obervers!!!
08-21 11:29:30.199 D/PowerHAL(  397): ###Exit launch scene bgn###
08-21 11:29:30.200 D/PowerHAL(  397): ###Exit launch scene end###
08-21 11:29:30.570 D/NotificationMediaManager(  989): finishUpdateMediaMetaData metaDataChanged =false,allowEnterAnimation =true
08-21 11:29:30.571 D/NotificationMediaManager(  989): finishUpdateMediaMetaData need to hide the album art
08-21 11:29:30.588 V/StatusBar(  989): mStatusBarWindow: com.android.systemui.statusbar.phone.StatusBarWindowView{552d7a9 V.E...... ........ 0,0-480,36} canPanelBeCollapsed(): false expandheight: 0.0
08-21 11:29:30.950 D/GNSSMGT (  493): watchdog: PowerState[UNKOWN STATE], gps_flag[4], readcount[0], idle time = 0, HeartCount = 0
08-21 11:29:31.000 D/InputReader(  767): processEventsLocked: type=3 Count=4 code=57 value=0 deviceId=2
08-21 11:29:31.001 D/PowerHAL(  397): ###Enter interaction_other scene bgn###
08-21 11:29:31.002 D/PowerHAL(  397): ###Enter interaction_other scene end###
08-21 11:29:31.003 D/PowerHAL(  397): ###Enter interaction_other scene bgn###
08-21 11:29:31.003 D/PowerHAL(  397): ###Enter interaction_other scene end###
08-21 11:29:31.032 D/WCND    (  505): is_cp2_alive_ok: open polling interface: /proc/mdbg/loopcheck, fd = 12
08-21 11:29:31.054 D/InputReader(  767): processEventsLocked: type=3 Count=2 code=57 value=-1 deviceId=2
08-21 11:29:31.065 D/PowerHAL(  397): ###Enter launch scene bgn###
08-21 11:29:31.066 I/APM_AudioPolicyManager(  404): getOutput() stream 1 selected devices {type:0x8,@:}, output 13
08-21 11:29:31.067 I/APM_AudioPolicyManager(  404): getOutput() stream 1 selected devices {type:0x8,@:}, output 13
08-21 11:29:31.067 D/PowerHAL(  397): ###Enter launch scene end###
08-21 11:29:31.067 I/AudioTrack(  767): start  mClientUid:1000 mClientPid:767  mSessionId:25 app name:system_server 
08-21 11:29:31.067 V/APM_AudioPolicyManagerSPRD(  404): startOutput portId 15
08-21 11:29:31.076 D/SceneRecognizer(  767): notifySceneStatusChanged: notify 1 receivers
08-21 11:29:31.098 D/ip_monitor-445( 2717): 172.20.10.1 dev wlan0 lladdr f2:c3:71:40:0d:64 STALE
08-21 11:29:31.101 D/SceneRecognizer(  767): notifySceneStatusChanged: notify 1 receivers
08-21 11:29:31.101 D/AppSceneRecognizer(  767): ###handle app Event: Exit
08-21 11:29:31.101 D/SceneRecognizer(  767): notifySceneStatusChanged: notify 1 receivers
08-21 11:29:31.101 D/AppSceneRecognizer(  767): ###handle app Event: Exit
08-21 11:29:31.133 D/WCND    (  505): is_cp2_alive_ok: loop: /proc/mdbg/loopcheck is OK
08-21 11:29:31.195 I/AudioTrack(  767): stop  mClientUid:1000 mClientPid:767  mSessionId:25 app name:system_server 
08-21 11:29:31.213 I/ActivityTaskManager(  767): Fully drawn com.android.settings/.SubSettings: +146ms
08-21 11:29:31.238 I/APM_AudioPolicyManagerSPRD(  404): stopOutput portId 15
08-21 11:29:31.239 D/SceneRecognizer(  767): notifySceneStatusChanged: notify 1 receivers
08-21 11:29:31.256 I/chatty  ( 1147): uid=1000(system) com.android.settings expire 2 lines
08-21 11:29:31.259 I/gralloc (  408): gralloc_register hnd=0xa9d029c0, share_fd=76, format=1, internal_format=0x1, byte_stride=1920, flags=4, usage=0xb00, size=1639680, width=480, height=854, internalWidth=480, internalHeight=854, stride=480, base=0xa8b6e000, writeOwner=0, min_pgsz=4096
08-21 11:29:31.259 I/gralloc (  377): gralloc=>alloc hnd=0xafa3b000, share_fd=8, format=1, internal_format=0x1, byte_stride=1920, flags=4, usage=0xb00, size=1639680, width=480, height=854, internalWidth=480, internalHeight=854, stride=480, base=0xaea2c000, writeOwner=0, min_pgsz=4096
08-21 11:29:31.260 I/gralloc (  377): gralloc_unregister hnd=0xafa3b000, share_fd=8, format=1, internal_format=0x1, byte_stride=1920, flags=4, usage=0xb00, size=1639680, width=480, height=854, internalWidth=480, internalHeight=854, stride=480, base=0xaea2c000, writeOwner=0, min_pgsz=4096
08-21 11:29:31.260 I/gralloc (  408): gralloc_register hnd=0xa9d02c00, share_fd=79, format=1, internal_format=0x1, byte_stride=1920, flags=4, usage=0xb00, size=1639680, width=480, height=854, internalWidth=480, internalHeight=854, stride=480, base=0xa87b4000, writeOwner=0, min_pgsz=4096
08-21 11:29:31.260 I/gralloc (  377): gralloc=>free hnd=0xafa3b000, share_fd=8, format=1, internal_format=0x1, byte_stride=1920, flags=4, usage=0xb00, size=1639680, width=480, height=854, internalWidth=480, internalHeight=854, stride=480, base=0xaea2c000, writeOwner=0, min_pgsz=4096
08-21 11:29:31.302 E/        (  408): Shared attribute region not available to be mapped
08-21 11:29:31.326 D/PowerHAL(  397): ###Enter interaction_other scene bgn###
08-21 11:29:31.326 D/PowerHAL(  397): ###Enter interaction_other scene end###
08-21 11:29:31.354 E/        (  408): Shared attribute region not available to be mapped
08-21 11:29:31.365 E/        (  408): Shared attribute region not available to be mapped
08-21 11:29:31.394 I/gralloc (  378): gralloc_register hnd=0xa9e3cc00, share_fd=47, format=1, internal_format=0x1, byte_stride=1920, flags=4, usage=0xb00, size=1639680, width=480, height=854, internalWidth=480, internalHeight=854, stride=480, base=0xa7273000, writeOwner=0, min_pgsz=4096
08-21 11:29:31.410 I/gralloc (  378): gralloc_register hnd=0xa9e3c9c0, share_fd=46, format=1, internal_format=0x1, byte_stride=1920, flags=4, usage=0xb00, size=1639680, width=480, height=854, internalWidth=480, internalHeight=854, stride=480, base=0xa70e2000, writeOwner=0, min_pgsz=4096
08-21 11:29:31.427 I/gralloc (  378): gralloc_register hnd=0xa9e3cfc0, share_fd=44, format=1, internal_format=0x1, byte_stride=1920, flags=4, usage=0xb00, size=1639680, width=480, height=854, internalWidth=480, internalHeight=854, stride=480, base=0xa6f51000, writeOwner=0, min_pgsz=4096
08-21 11:29:31.642 I/gralloc (  378): gralloc_unregister hnd=0xa9e3d680, share_fd=38, format=1, internal_format=0x1, byte_stride=1920, flags=4, usage=0xb00, size=1639680, width=480, height=854, internalWidth=480, internalHeight=854, stride=480, base=0xa6dc0000, writeOwner=0, min_pgsz=4096
08-21 11:29:31.642 I/gralloc (  378): gralloc_unregister hnd=0xa9e3c840, share_fd=29, format=1, internal_format=0x1, byte_stride=1920, flags=4, usage=0xb00, size=1639680, width=480, height=854, internalWidth=480, internalHeight=854, stride=480, base=0xa7404000, writeOwner=0, min_pgsz=4096
08-21 11:29:31.642 I/gralloc (  378): gralloc_unregister hnd=0xa9e3d740, share_fd=32, format=1, internal_format=0x1, byte_stride=1920, flags=4, usage=0xb00, size=1639680, width=480, height=854, internalWidth=480, internalHeight=854, stride=480, base=0xa69da000, writeOwner=0, min_pgsz=4096
08-21 11:29:31.732 I/ThermalChargeDetect(  492): charge status: Discharging
08-21 11:29:31.742 I/gralloc (  408): gralloc_unregister hnd=0xa9d02840, share_fd=83, format=1, internal_format=0x1, byte_stride=1920, flags=4, usage=0xb00, size=1639680, width=480, height=854, internalWidth=480, internalHeight=854, stride=480, base=0xa8945000, writeOwner=0, min_pgsz=4096
08-21 11:29:31.742 I/gralloc (  408): gralloc_unregister hnd=0xa9d03140, share_fd=80, format=1, internal_format=0x1, byte_stride=1920, flags=4, usage=0xb00, size=1639680, width=480, height=854, internalWidth=480, internalHeight=854, stride=480, base=0xa8623000, writeOwner=0, min_pgsz=4096
08-21 11:29:31.742 I/chatty  ( 1147): uid=1000(system) RenderThread expire 4 lines
08-21 11:29:31.743 E/BufferQueueProducer(  408): [com.android.settings/com.android.settings.homepage.SettingsHomepageActivity#0] disconnect: not connected (req=1)
08-21 11:29:31.797 I/gralloc (  408): gralloc_unregister hnd=0xa9d032c0, share_fd=92, format=1, internal_format=0x1, byte_stride=1920, flags=4, usage=0xb00, size=1639680, width=480, height=854, internalWidth=480, internalHeight=854, stride=480, base=0xa7af8000, writeOwner=0, min_pgsz=4096
08-21 11:29:31.853 I/ThermalChargeDetect(  492): charge status: Discharging
08-21 11:29:31.857 D/Power-HealthInfoCallback(  397): Update charge status to: 0
08-21 11:29:31.860 I/收到广播--- logs::( 1595): android.intent.action.BATTERY_CHANGED
08-21 11:29:31.861 D/BatteryMeterDrawable(  989): onBatteryLevelChanged level=27,pluggedIn=false,charging=false
08-21 11:29:31.861 I/chatty  (  989): uid=10043(com.android.systemui) identical 2 lines
08-21 11:29:31.862 D/BatteryMeterDrawable(  989): onBatteryLevelChanged level=27,pluggedIn=false,charging=false
08-21 11:29:31.862 D/BatteryMeterDrawable(  989): onReceive action=android.intent.action.BATTERY_CHANGED
08-21 11:29:31.862 D/BatteryMeterDrawable(  989): onReceive level=27,plugType=0,status=3
08-21 11:29:31.862 D/BatteryMeterDrawable(  989): BatteryMeterViewAnimationShow level should be =27
08-21 11:29:31.862 D/BatteryMeterDrawable(  989): onReceive action=android.intent.action.BATTERY_CHANGED
08-21 11:29:31.862 D/BatteryMeterDrawable(  989): onReceive level=27,plugType=0,status=3
08-21 11:29:31.862 D/BatteryMeterDrawable(  989): BatteryMeterViewAnimationShow level should be =27
08-21 11:29:31.863 D/BatteryMeterDrawable(  989): onReceive action=android.intent.action.BATTERY_CHANGED
08-21 11:29:31.863 D/BatteryMeterDrawable(  989): onReceive level=27,plugType=0,status=3
08-21 11:29:31.863 D/BatteryMeterDrawable(  989): BatteryMeterViewAnimationShow level should be =27
08-21 11:29:31.973 D/Power-HealthInfoCallback(  397): Update charge status to: 0
08-21 11:29:31.976 D/BatteryMeterDrawable(  989): onBatteryLevelChanged level=27,pluggedIn=false,charging=false
08-21 11:29:31.977 D/BatteryMeterDrawable(  989): onBatteryLevelChanged level=27,pluggedIn=false,charging=false
08-21 11:29:31.977 I/收到广播--- logs::( 1595): android.intent.action.BATTERY_CHANGED
08-21 11:29:31.978 D/BatteryMeterDrawable(  989): onReceive action=android.intent.action.BATTERY_CHANGED
08-21 11:29:31.978 D/BatteryMeterDrawable(  989): onReceive level=27,plugType=0,status=3
08-21 11:29:31.978 D/BatteryMeterDrawable(  989): BatteryMeterViewAnimationShow level should be =27
08-21 11:29:31.989 D/BatteryMeterDrawable(  989): onReceive action=android.intent.action.BATTERY_CHANGED
08-21 11:29:31.990 D/BatteryMeterDrawable(  989): onReceive level=27,plugType=0,status=3
08-21 11:29:31.990 D/BatteryMeterDrawable(  989): BatteryMeterViewAnimationShow level should be =27
08-21 11:29:31.990 D/BatteryMeterDrawable(  989): onReceive action=android.intent.action.BATTERY_CHANGED
08-21 11:29:31.990 D/BatteryMeterDrawable(  989): onReceive level=27,plugType=0,status=3
08-21 11:29:31.990 D/BatteryMeterDrawable(  989): BatteryMeterViewAnimationShow level should be =27
08-21 11:29:32.157 D/InputReader(  767): processEventsLocked: type=3 Count=4 code=57 value=0 deviceId=2
08-21 11:29:32.157 D/PowerHAL(  397): ###Enter interaction_other scene bgn###
08-21 11:29:32.157 D/PowerHAL(  397): ###Enter interaction_other scene end###
08-21 11:29:32.158 D/PowerHAL(  397): ###Enter interaction_other scene bgn###
08-21 11:29:32.158 D/PowerHAL(  397): ###Enter interaction_other scene end###
08-21 11:29:32.194 D/InputReader(  767): processEventsLocked: type=3 Count=2 code=57 value=-1 deviceId=2
08-21 11:29:32.208 I/APM_AudioPolicyManager(  404): getOutput() stream 1 selected devices {type:0x8,@:}, output 13
08-21 11:29:32.208 I/APM_AudioPolicyManager(  404): getOutput() stream 1 selected devices {type:0x8,@:}, output 13
08-21 11:29:32.209 I/AudioTrack(  767): start  mClientUid:1000 mClientPid:767  mSessionId:25 app name:system_server 
08-21 11:29:32.209 V/APM_AudioPolicyManagerSPRD(  404): startOutput portId 15
08-21 11:29:32.211 D/SceneRecognizer(  767): notifySceneStatusChanged: notify 1 receivers
08-21 11:29:32.225 I/chatty  ( 1147): uid=1000(system) com.android.settings expire 29 lines
08-21 11:29:32.230 D/SceneRecognizer(  767): notifySceneStatusChanged: notify 1 receivers
08-21 11:29:32.230 D/AppSceneRecognizer(  767): ###handle app Event: Exit
08-21 11:29:32.233 D/SceneRecognizer(  767): notifySceneStatusChanged: notify 1 receivers
08-21 11:29:32.233 D/AppSceneRecognizer(  767): ###handle app Event: Exit
08-21 11:29:32.331 I/AudioTrack(  767): stop  mClientUid:1000 mClientPid:767  mSessionId:25 app name:system_server 
08-21 11:29:32.367 I/APM_AudioPolicyManagerSPRD(  404): stopOutput portId 15
08-21 11:29:32.368 D/SceneRecognizer(  767): notifySceneStatusChanged: notify 1 receivers
08-21 11:29:32.382 I/ActivityTaskManager(  767): Fully drawn com.android.settings/.SubSettings: +174ms
08-21 11:29:32.429 I/chatty  ( 1147): uid=1000(system) com.android.settings expire 1 line
08-21 11:29:32.448 I/chatty  ( 1147): uid=1000(system) RenderThread expire 1 line
08-21 11:29:32.449 I/gralloc (  377): gralloc=>alloc hnd=0xafa3b000, share_fd=8, format=1, internal_format=0x1, byte_stride=1920, flags=4, usage=0xb00, size=1639680, width=480, height=854, internalWidth=480, internalHeight=854, stride=480, base=0xaea2c000, writeOwner=0, min_pgsz=4096
08-21 11:29:32.450 I/gralloc (  377): gralloc_unregister hnd=0xafa3b000, share_fd=8, format=1, internal_format=0x1, byte_stride=1920, flags=4, usage=0xb00, size=1639680, width=480, height=854, internalWidth=480, internalHeight=854, stride=480, base=0xaea2c000, writeOwner=0, min_pgsz=4096
08-21 11:29:32.450 I/gralloc (  377): gralloc=>free hnd=0xafa3b000, share_fd=8, format=1, internal_format=0x1, byte_stride=1920, flags=4, usage=0xb00, size=1639680, width=480, height=854, internalWidth=480, internalHeight=854, stride=480, base=0xaea2c000, writeOwner=0, min_pgsz=4096
08-21 11:29:32.450 I/gralloc (  408): gralloc_register hnd=0xa9d02840, share_fd=75, format=1, internal_format=0x1, byte_stride=1920, flags=4, usage=0xb00, size=1639680, width=480, height=854, internalWidth=480, internalHeight=854, stride=480, base=0xa8945000, writeOwner=0, min_pgsz=4096
08-21 11:29:32.452 I/gralloc (  377): gralloc=>alloc hnd=0xafa3b000, share_fd=8, format=1, internal_format=0x1, byte_stride=1920, flags=4, usage=0xb00, size=1639680, width=480, height=854, internalWidth=480, internalHeight=854, stride=480, base=0xaea2c000, writeOwner=0, min_pgsz=4096
08-21 11:29:32.452 I/gralloc (  377): gralloc_unregister hnd=0xafa3b000, share_fd=8, format=1, internal_format=0x1, byte_stride=1920, flags=4, usage=0xb00, size=1639680, width=480, height=854, internalWidth=480, internalHeight=854, stride=480, base=0xaea2c000, writeOwner=0, min_pgsz=4096
08-21 11:29:32.452 I/gralloc (  377): gralloc=>free hnd=0xafa3b000, share_fd=8, format=1, internal_format=0x1, byte_stride=1920, flags=4, usage=0xb00, size=1639680, width=480, height=854, internalWidth=480, internalHeight=854, stride=480, base=0xaea2c000, writeOwner=0, min_pgsz=4096
08-21 11:29:32.453 I/gralloc (  408): gralloc_register hnd=0xa9d02cc0, share_fd=78, format=1, internal_format=0x1, byte_stride=1920, flags=4, usage=0xb00, size=1639680, width=480, height=854, internalWidth=480, internalHeight=854, stride=480, base=0xa8623000, writeOwner=0, min_pgsz=4096
08-21 11:29:32.470 I/gralloc (  377): gralloc=>alloc hnd=0xafa3b000, share_fd=8, format=1, internal_format=0x1, byte_stride=1920, flags=4, usage=0xb00, size=1639680, width=480, height=854, internalWidth=480, internalHeight=854, stride=480, base=0xaea2c000, writeOwner=0, min_pgsz=4096
08-21 11:29:32.471 I/gralloc (  408): gralloc_register hnd=0xa9d02d80, share_fd=84, format=1, internal_format=0x1, byte_stride=1920, flags=4, usage=0xb00, size=1639680, width=480, height=854, internalWidth=480, internalHeight=854, stride=480, base=0xa7c89000, writeOwner=0, min_pgsz=4096
08-21 11:29:32.471 I/gralloc (  377): gralloc_unregister hnd=0xafa3b000, share_fd=8, format=1, internal_format=0x1, byte_stride=1920, flags=4, usage=0xb00, size=1639680, width=480, height=854, internalWidth=480, internalHeight=854, stride=480, base=0xaea2c000, writeOwner=0, min_pgsz=4096
08-21 11:29:32.471 I/gralloc (  377): gralloc=>free hnd=0xafa3b000, share_fd=8, format=1, internal_format=0x1, byte_stride=1920, flags=4, usage=0xb00, size=1639680, width=480, height=854, internalWidth=480, internalHeight=854, stride=480, base=0xaea2c000, writeOwner=0, min_pgsz=4096
08-21 11:29:32.484 W/ProcStatsManager( 1147): No process android.process.media/10008 for service com.android.providers.media.MediaService
08-21 11:29:32.484 W/ProcStatsManager( 1147): No process com.telpo.custom:remote/1000 for service com.android.sdk.custom.CustomService
08-21 11:29:32.484 W/ProcStatsManager( 1147): No process com.android.documentsui:com.android.documentsui.services/10012 for service com.android.documentsui.services.FileOperationService
08-21 11:29:32.485 W/ProcStatsManager( 1147): No process com.pos.aimdm:remote/10031 for service com.baidu.location.f
08-21 11:29:32.485 W/ProcStatsManager( 1147): No process com.android.printspooler/10029 for service com.android.printspooler.model.PrintSpoolerService
08-21 11:29:32.485 W/ProcStatsManager( 1147): No process com.android.keychain/1000 for service com.android.keychain.KeyChainService
08-21 11:29:32.485 W/ProcStatsManager( 1147): No process android.ext.services/10014 for service android.ext.services.watchdog.ExplicitHealthCheckServiceImpl
08-21 11:29:32.485 W/ProcStatsManager( 1147): No process android.ext.services/10014 for service android.ext.services.storage.CacheQuotaServiceImpl
08-21 11:29:32.486 W/ProcStatsManager( 1147): No process com.android.permissioncontroller/10011 for service com.android.packageinstaller.permission.service.PermissionControllerServiceImpl
08-21 11:29:32.486 W/ProcStatsManager( 1147): No process com.android.permissioncontroller/10011 for service com.android.packageinstaller.permission.service.LocationAccessCheck$LocationAccessCheckJobService
08-21 11:29:32.486 W/ProcStatsManager( 1147): No process com.android.permissioncontroller/10011 for service com.android.packageinstaller.role.service.RoleControllerServiceImpl
08-21 11:29:32.486 W/ProcStatsManager( 1147): No process com.android.bluetooth/1002 for service com.android.bluetooth.btservice.AdapterService
08-21 11:29:32.523 I/gralloc ( 1147): gralloc_register hnd=0x7c255600, share_fd=81, format=1, internal_format=0x1, byte_stride=1920, flags=4, usage=0xb00, size=1639680, width=480, height=854, internalWidth=480, internalHeight=854, stride=480, base=0x7c910000, writeOwner=0, min_pgsz=4096
08-21 11:29:32.524 E/        ( 1147): Shared attribute region not available to be mapped
08-21 11:29:32.530 D/DevelopmentSettingsEnabler( 1147): settingEnabled : true hasRestriction : false
08-21 11:29:32.532 E/        (  408): Shared attribute region not available to be mapped
08-21 11:29:32.544 D/DevSettingsDashboard( 1147): WiFi Display is disabled
08-21 11:29:32.555 D/PowerHAL(  397): ###Enter interaction_other scene bgn###
08-21 11:29:32.555 D/PowerHAL(  397): ###Enter interaction_other scene end###
08-21 11:29:32.557 D/SettingsActivity( 1147): No enabled state changed, skipping updateCategory call
08-21 11:29:32.560 I/gralloc ( 1147): gralloc_register hnd=0x7c256ec0, share_fd=83, format=1, internal_format=0x1, byte_stride=1920, flags=4, usage=0xb00, size=1639680, width=480, height=854, internalWidth=480, internalHeight=854, stride=480, base=0x7bc55000, writeOwner=0, min_pgsz=4096
08-21 11:29:32.560 E/        ( 1147): Shared attribute region not available to be mapped
08-21 11:29:32.564 I/system_server(  767): Background young concurrent copying GC freed 14677(1162KB) AllocSpace objects, 32(1668KB) LOS objects, 7% free, 29MB/31MB, paused 959us total 133.024ms
08-21 11:29:32.564 E/        (  408): Shared attribute region not available to be mapped
08-21 11:29:32.584 I/gralloc ( 1147): gralloc_register hnd=0x7b38c780, share_fd=78, format=1, internal_format=0x1, byte_stride=1920, flags=4, usage=0xb00, size=1639680, width=480, height=854, internalWidth=480, internalHeight=854, stride=480, base=0x7bac4000, writeOwner=0, min_pgsz=4096
08-21 11:29:32.584 E/        ( 1147): Shared attribute region not available to be mapped
08-21 11:29:32.588 E/        (  408): Shared attribute region not available to be mapped
08-21 11:29:32.622 I/gralloc (  378): gralloc_register hnd=0xa9e3d380, share_fd=45, format=1, internal_format=0x1, byte_stride=1920, flags=4, usage=0xb00, size=1639680, width=480, height=854, internalWidth=480, internalHeight=854, stride=480, base=0xa7404000, writeOwner=0, min_pgsz=4096
08-21 11:29:32.870 I/gralloc (  378): gralloc_unregister hnd=0xa9e3cfc0, share_fd=44, format=1, internal_format=0x1, byte_stride=1920, flags=4, usage=0xb00, size=1639680, width=480, height=854, internalWidth=480, internalHeight=854, stride=480, base=0xa6f51000, writeOwner=0, min_pgsz=4096
08-21 11:29:32.870 I/gralloc (  378): gralloc_unregister hnd=0xa9e3c9c0, share_fd=46, format=1, internal_format=0x1, byte_stride=1920, flags=4, usage=0xb00, size=1639680, width=480, height=854, internalWidth=480, internalHeight=854, stride=480, base=0xa70e2000, writeOwner=0, min_pgsz=4096
08-21 11:29:32.871 I/gralloc (  378): gralloc_unregister hnd=0xa9e3cc00, share_fd=47, format=1, internal_format=0x1, byte_stride=1920, flags=4, usage=0xb00, size=1639680, width=480, height=854, internalWidth=480, internalHeight=854, stride=480, base=0xa7273000, writeOwner=0, min_pgsz=4096
08-21 11:29:32.950 D/GNSSMGT (  493): watchdog: PowerState[UNKOWN STATE], gps_flag[4], readcount[0], idle time = 0, HeartCount = 0
08-21 11:29:32.970 I/gralloc (  408): gralloc_unregister hnd=0xa9d02780, share_fd=73, format=1, internal_format=0x1, byte_stride=1920, flags=4, usage=0xb00, size=1639680, width=480, height=854, internalWidth=480, internalHeight=854, stride=480, base=0xa8cff000, writeOwner=0, min_pgsz=4096
08-21 11:29:32.970 I/gralloc (  408): gralloc_unregister hnd=0xa9d02c00, share_fd=79, format=1, internal_format=0x1, byte_stride=1920, flags=4, usage=0xb00, size=1639680, width=480, height=854, internalWidth=480, internalHeight=854, stride=480, base=0xa87b4000, writeOwner=0, min_pgsz=4096
08-21 11:29:32.970 I/gralloc ( 1147): gralloc_unregister hnd=0x7c2553c0, share_fd=82, format=1, internal_format=0x1, byte_stride=1920, flags=4, usage=0xb00, size=1639680, width=480, height=854, internalWidth=480, internalHeight=854, stride=480, base=0x7a5ef000, writeOwner=0, min_pgsz=4096
08-21 11:29:32.971 I/gralloc ( 1147): gralloc_unregister hnd=0x7be892c0, share_fd=79, format=1, internal_format=0x1, byte_stride=1920, flags=4, usage=0xb00, size=1639680, width=480, height=854, internalWidth=480, internalHeight=854, stride=480, base=0x7b1a2000, writeOwner=0, min_pgsz=4096
08-21 11:29:32.971 I/gralloc ( 1147): gralloc_unregister hnd=0x7bfcdf40, share_fd=80, format=1, internal_format=0x1, byte_stride=1920, flags=4, usage=0xb00, size=1639680, width=480, height=854, internalWidth=480, internalHeight=854, stride=480, base=0x7af08000, writeOwner=0, min_pgsz=4096
08-21 11:29:32.972 E/BufferQueueProducer(  408): [com.android.settings/com.android.settings.SubSettings#0] disconnect: not connected (req=1)
08-21 11:29:32.972 W/libEGL  ( 1147): EGLNativeWindowType 0x7d15b388 disconnect failed
08-21 11:29:33.005 I/gralloc (  408): gralloc_unregister hnd=0xa9d029c0, share_fd=76, format=1, internal_format=0x1, byte_stride=1920, flags=4, usage=0xb00, size=1639680, width=480, height=854, internalWidth=480, internalHeight=854, stride=480, base=0xa8b6e000, writeOwner=0, min_pgsz=4096
08-21 11:29:33.177 D/WifiRssiLinkSpeedAndFrequencyMonitor(  767): EVENT_WIFI_RSSI_LINKSPEED_FREQUENCY_CHANGED
08-21 11:29:33.177 D/WifiNetworkMonitor(  767): EVENT_WIFI_RSSI_CHANGED
08-21 11:29:33.177 E/WifiNetworkMonitor(  767): Not any Obervers!!!
08-21 11:29:33.177 D/WifiRssiLinkSpeedAndFrequencyMonitor(  767): Not any Obervers!!!
08-21 11:29:34.210 D/PowerHAL(  397): ###Exit launch scene bgn###
08-21 11:29:34.211 D/PowerHAL(  397): ###Exit launch scene end###
08-21 11:29:34.358 D/InputReader(  767): processEventsLocked: type=3 Count=4 code=57 value=0 deviceId=2
08-21 11:29:34.360 D/PowerHAL(  397): ###Enter interaction_other scene bgn###
08-21 11:29:34.361 D/PowerHAL(  397): ###Enter interaction_other scene end###
08-21 11:29:34.361 D/PowerHAL(  397): ###Enter interaction_other scene bgn###
08-21 11:29:34.362 D/PowerHAL(  397): ###Enter interaction_other scene end###
08-21 11:29:34.395 D/InputReader(  767): processEventsLocked: type=3 Count=2 code=57 value=-1 deviceId=2
08-21 11:29:34.414 I/APM_AudioPolicyManager(  404): getOutput() stream 1 selected devices {type:0x8,@:}, output 13
08-21 11:29:34.415 I/APM_AudioPolicyManager(  404): getOutput() stream 1 selected devices {type:0x8,@:}, output 13
08-21 11:29:34.415 I/AudioTrack(  767): start  mClientUid:1000 mClientPid:767  mSessionId:25 app name:system_server 
08-21 11:29:34.415 D/PowerHAL(  397): ###Enter launch scene bgn###
08-21 11:29:34.416 V/APM_AudioPolicyManagerSPRD(  404): startOutput portId 15
08-21 11:29:34.418 D/PowerHAL(  397): ###Enter launch scene end###
08-21 11:29:34.420 D/SceneRecognizer(  767): notifySceneStatusChanged: notify 1 receivers
08-21 11:29:34.430 I/gralloc (  378): gralloc_register hnd=0xa9e3c840, share_fd=41, format=1, internal_format=0x1, byte_stride=1920, flags=4, usage=0xb00, size=1639680, width=480, height=854, internalWidth=480, internalHeight=854, stride=480, base=0xa7273000, writeOwner=0, min_pgsz=4096
