08-21 11:28:04.137 I/ThermalChargeDetect(  492): charge status: Discharging
08-21 11:28:04.251 D/WCND    (  505): is_cp2_alive_ok: open polling interface: /proc/mdbg/loopcheck, fd = 12
08-21 11:28:04.258 D/Power-HealthInfoCallback(  397): Update charge status to: 0
08-21 11:28:04.263 I/收到广播--- logs::( 1595): android.intent.action.BATTERY_CHANGED
08-21 11:28:04.264 I/ThermalChargeDetect(  492): charge status: Discharging
08-21 11:28:04.351 D/WCND    (  505): is_cp2_alive_ok: loop: /proc/mdbg/loopcheck is OK
08-21 11:28:04.383 D/Power-HealthInfoCallback(  397): Update charge status to: 0
08-21 11:28:04.388 I/收到广播--- logs::( 1595): android.intent.action.BATTERY_CHANGED
08-21 11:28:04.808 D/checkNetWork---( 1595): false
08-21 11:28:05.831 D/sprd_halo_cali(  691): : @@@###start halo_ctrl_verify_license !!!
08-21 11:28:05.831 D/sprd_halo_cali(  691): : @@@###start halo_ctrl_verify_license !!!
08-21 11:28:05.831 D/sprd_halo_cali(  691): :  [tid:711]###@@@@ halo go halo_pipe_call
08-21 11:28:05.831 D/sprd_halo_cali(  691): 
08-21 11:28:05.831 D/sprd_halo_cali(  691): :  [tid:711]###@@@@ halo go out halo_pipe_call
08-21 11:28:05.831 D/sprd_halo_cali(  691): 
08-21 11:28:05.843 D/sprd_halo_cali(  691): : period halo_ctrl_verify_license ret [0x01]
08-21 11:28:05.843 D/sprd_halo_cali(  691): : period check ok [1]
08-21 11:28:07.848 D/checkNetWork---( 1595): false
08-21 11:28:09.335 I/ThermalChargeDetect(  492): charge status: Discharging
08-21 11:28:09.352 D/WCND    (  505): is_cp2_alive_ok: open polling interface: /proc/mdbg/loopcheck, fd = 12
08-21 11:28:09.453 D/WCND    (  505): is_cp2_alive_ok: loop: /proc/mdbg/loopcheck is OK
08-21 11:28:09.454 D/Power-HealthInfoCallback(  397): Update charge status to: 0
08-21 11:28:09.458 I/chatty  (  989): uid=10043(com.android.systemui) expire 48 lines
08-21 11:28:09.459 I/收到广播--- logs::( 1595): android.intent.action.BATTERY_CHANGED
08-21 11:28:09.460 I/ThermalChargeDetect(  492): charge status: Discharging
08-21 11:28:09.578 D/Power-HealthInfoCallback(  397): Update charge status to: 0
08-21 11:28:09.584 I/收到广播--- logs::( 1595): android.intent.action.BATTERY_CHANGED
08-21 11:28:10.887 D/checkNetWork---( 1595): false
08-21 11:28:10.947 V/fwling-MDMService( 1595): MQTT connMqttBroken Start!
08-21 11:28:10.947 V/fwling-MDMService( 1595): MQTT connect Start!
08-21 11:28:10.964 W/System.err( 1595): Unable to connect to server (32103) - java.net.ConnectException: failed to connect to /18.192.20.69 (port 1883) from /:: (port 0) after 30000ms: connect failed: ENETUNREACH (Network is unreachable)
08-21 11:28:10.964 W/System.err( 1595): 	at org.eclipse.paho.client.mqttv3.internal.TCPNetworkModule.start(TCPNetworkModule.java:80)
08-21 11:28:10.965 W/System.err( 1595): 	at org.eclipse.paho.client.mqttv3.internal.ClientComms$ConnectBG.run(ClientComms.java:724)
08-21 11:28:10.965 W/System.err( 1595): 	at java.lang.Thread.run(Thread.java:919)
08-21 11:28:10.965 W/System.err( 1595): Caused by: java.net.ConnectException: failed to connect to /18.192.20.69 (port 1883) from /:: (port 0) after 30000ms: connect failed: ENETUNREACH (Network is unreachable)
08-21 11:28:10.965 W/System.err( 1595): 	at libcore.io.IoBridge.connect(IoBridge.java:143)
08-21 11:28:10.965 W/System.err( 1595): 	at java.net.PlainSocketImpl.socketConnect(PlainSocketImpl.java:142)
08-21 11:28:10.965 W/System.err( 1595): 	at java.net.AbstractPlainSocketImpl.doConnect(AbstractPlainSocketImpl.java:390)
08-21 11:28:10.965 W/System.err( 1595): 	at java.net.AbstractPlainSocketImpl.connectToAddress(AbstractPlainSocketImpl.java:230)
08-21 11:28:10.966 W/System.err( 1595): 	at java.net.AbstractPlainSocketImpl.connect(AbstractPlainSocketImpl.java:212)
08-21 11:28:10.966 W/System.err( 1595): 	at java.net.SocksSocketImpl.connect(SocksSocketImpl.java:436)
08-21 11:28:10.966 W/System.err( 1595): 	at java.net.Socket.connect(Socket.java:621)
08-21 11:28:10.966 W/System.err( 1595): 	at org.eclipse.paho.client.mqttv3.internal.TCPNetworkModule.start(TCPNetworkModule.java:74)
08-21 11:28:10.966 W/System.err( 1595): 	... 2 more
08-21 11:28:10.966 W/System.err( 1595): Caused by: android.system.ErrnoException: connect failed: ENETUNREACH (Network is unreachable)
08-21 11:28:10.967 W/System.err( 1595): 	at libcore.io.Linux.connect(Native Method)
08-21 11:28:10.967 W/System.err( 1595): 	at libcore.io.ForwardingOs.connect(ForwardingOs.java:95)
08-21 11:28:10.967 W/System.err( 1595): 	at libcore.io.BlockGuardOs.connect(BlockGuardOs.java:136)
08-21 11:28:10.967 W/System.err( 1595): 	at libcore.io.ForwardingOs.connect(ForwardingOs.java:95)
08-21 11:28:10.967 W/System.err( 1595): 	at libcore.io.IoBridge.connectErrno(IoBridge.java:174)
08-21 11:28:10.967 W/System.err( 1595): 	at libcore.io.IoBridge.connect(IoBridge.java:135)
08-21 11:28:10.968 W/System.err( 1595): 	... 9 more
08-21 11:28:10.968 V/fwling-MDMService( 1595): MQTT connect Failure!Unable to connect to server (32103) - java.net.ConnectException: failed to connect to /18.192.20.69 (port 1883) from /:: (port 0) after 30000ms: connect failed: ENETUNREACH (Network is unreachable)
08-21 11:28:13.928 D/checkNetWork---( 1595): false
08-21 11:28:14.457 D/WCND    (  505): is_cp2_alive_ok: open polling interface: /proc/mdbg/loopcheck, fd = 12
08-21 11:28:14.460 I/ThermalChargeDetect(  492): charge status: Discharging
08-21 11:28:14.557 D/WCND    (  505): is_cp2_alive_ok: loop: /proc/mdbg/loopcheck is OK
08-21 11:28:14.582 I/ThermalChargeDetect(  492): charge status: Discharging
08-21 11:28:14.586 D/Power-HealthInfoCallback(  397): Update charge status to: 0
08-21 11:28:14.592 I/收到广播--- logs::( 1595): android.intent.action.BATTERY_CHANGED
08-21 11:28:14.712 D/Power-HealthInfoCallback(  397): Update charge status to: 0
08-21 11:28:14.722 I/收到广播--- logs::( 1595): android.intent.action.BATTERY_CHANGED
08-21 11:28:14.723 D/BatteryMeterDrawable(  989): BatteryMeterViewAnimationShow level should be =27
08-21 11:28:14.730 D/BatteryMeterDrawable(  989): onReceive action=android.intent.action.BATTERY_CHANGED
08-21 11:28:14.730 D/BatteryMeterDrawable(  989): onReceive level=27,plugType=0,status=3
08-21 11:28:14.730 D/BatteryMeterDrawable(  989): BatteryMeterViewAnimationShow level should be =27
08-21 11:28:14.731 D/BatteryMeterDrawable(  989): onReceive action=android.intent.action.BATTERY_CHANGED
08-21 11:28:14.731 D/BatteryMeterDrawable(  989): onReceive level=27,plugType=0,status=3
08-21 11:28:14.731 D/BatteryMeterDrawable(  989): BatteryMeterViewAnimationShow level should be =27
08-21 11:28:16.967 D/checkNetWork---( 1595): false
08-21 11:28:18.941 I/chatty  (  493): uid=1000(system) watchdog expire 10 lines
08-21 11:28:19.562 D/WCND    (  505): is_cp2_alive_ok: open polling interface: /proc/mdbg/loopcheck, fd = 12
08-21 11:28:19.655 I/ThermalChargeDetect(  492): charge status: Discharging
08-21 11:28:19.663 D/WCND    (  505): is_cp2_alive_ok: loop: /proc/mdbg/loopcheck is OK
08-21 11:28:19.777 D/Power-HealthInfoCallback(  397): Update charge status to: 0
08-21 11:28:19.781 I/ThermalChargeDetect(  492): charge status: Discharging
08-21 11:28:19.783 D/BatteryMeterDrawable(  989): onBatteryLevelChanged level=27,pluggedIn=false,charging=false
08-21 11:28:19.784 D/BatteryMeterDrawable(  989): onBatteryLevelChanged level=27,pluggedIn=false,charging=false
08-21 11:28:19.784 D/BatteryMeterDrawable(  989): onReceive action=android.intent.action.BATTERY_CHANGED
08-21 11:28:19.784 D/BatteryMeterDrawable(  989): onReceive level=27,plugType=0,status=3
08-21 11:28:19.784 D/BatteryMeterDrawable(  989): BatteryMeterViewAnimationShow level should be =27
08-21 11:28:19.785 D/BatteryMeterDrawable(  989): onReceive action=android.intent.action.BATTERY_CHANGED
08-21 11:28:19.785 D/BatteryMeterDrawable(  989): onReceive level=27,plugType=0,status=3
08-21 11:28:19.785 D/BatteryMeterDrawable(  989): BatteryMeterViewAnimationShow level should be =27
08-21 11:28:19.785 D/BatteryMeterDrawable(  989): onReceive action=android.intent.action.BATTERY_CHANGED
08-21 11:28:19.785 D/BatteryMeterDrawable(  989): onReceive level=27,plugType=0,status=3
08-21 11:28:19.785 D/BatteryMeterDrawable(  989): BatteryMeterViewAnimationShow level should be =27
08-21 11:28:19.785 I/收到广播--- logs::( 1595): android.intent.action.BATTERY_CHANGED
08-21 11:28:19.899 D/Power-HealthInfoCallback(  397): Update charge status to: 0
08-21 11:28:19.903 D/BatteryMeterDrawable(  989): onBatteryLevelChanged level=27,pluggedIn=false,charging=false
08-21 11:28:19.904 D/BatteryMeterDrawable(  989): onBatteryLevelChanged level=27,pluggedIn=false,charging=false
08-21 11:28:19.905 D/BatteryMeterDrawable(  989): onReceive action=android.intent.action.BATTERY_CHANGED
08-21 11:28:19.905 D/BatteryMeterDrawable(  989): onReceive level=27,plugType=0,status=3
08-21 11:28:19.905 D/BatteryMeterDrawable(  989): BatteryMeterViewAnimationShow level should be =27
08-21 11:28:19.905 I/收到广播--- logs::( 1595): android.intent.action.BATTERY_CHANGED
08-21 11:28:19.907 D/BatteryMeterDrawable(  989): onReceive action=android.intent.action.BATTERY_CHANGED
08-21 11:28:19.907 D/BatteryMeterDrawable(  989): onReceive level=27,plugType=0,status=3
08-21 11:28:19.907 D/BatteryMeterDrawable(  989): BatteryMeterViewAnimationShow level should be =27
08-21 11:28:19.908 D/BatteryMeterDrawable(  989): onReceive action=android.intent.action.BATTERY_CHANGED
08-21 11:28:19.908 D/BatteryMeterDrawable(  989): onReceive level=27,plugType=0,status=3
08-21 11:28:19.908 D/BatteryMeterDrawable(  989): BatteryMeterViewAnimationShow level should be =27
08-21 11:28:20.008 D/checkNetWork---( 1595): false
08-21 11:28:23.048 D/checkNetWork---( 1595): false
08-21 11:28:24.667 D/WCND    (  505): is_cp2_alive_ok: open polling interface: /proc/mdbg/loopcheck, fd = 12
08-21 11:28:24.767 D/WCND    (  505): is_cp2_alive_ok: loop: /proc/mdbg/loopcheck is OK
08-21 11:28:24.774 I/ThermalChargeDetect(  492): charge status: Discharging
08-21 11:28:24.891 I/ThermalChargeDetect(  492): charge status: Discharging
08-21 11:28:24.900 D/Power-HealthInfoCallback(  397): Update charge status to: 0
08-21 11:28:24.907 D/BatteryMeterDrawable(  989): onBatteryLevelChanged level=27,pluggedIn=false,charging=false
08-21 11:28:24.908 I/收到广播--- logs::( 1595): android.intent.action.BATTERY_CHANGED
08-21 11:28:24.908 D/BatteryMeterDrawable(  989): onBatteryLevelChanged level=27,pluggedIn=false,charging=false
08-21 11:28:24.908 D/BatteryMeterDrawable(  989): onBatteryLevelChanged level=27,pluggedIn=false,charging=false
08-21 11:28:24.909 D/BatteryMeterDrawable(  989): onReceive action=android.intent.action.BATTERY_CHANGED
08-21 11:28:24.909 D/BatteryMeterDrawable(  989): onReceive level=27,plugType=0,status=3
08-21 11:28:24.909 D/BatteryMeterDrawable(  989): BatteryMeterViewAnimationShow level should be =27
08-21 11:28:24.909 D/BatteryMeterDrawable(  989): onReceive action=android.intent.action.BATTERY_CHANGED
08-21 11:28:24.909 D/BatteryMeterDrawable(  989): onReceive level=27,plugType=0,status=3
08-21 11:28:24.909 D/BatteryMeterDrawable(  989): BatteryMeterViewAnimationShow level should be =27
08-21 11:28:24.909 D/BatteryMeterDrawable(  989): onReceive action=android.intent.action.BATTERY_CHANGED
08-21 11:28:24.909 D/BatteryMeterDrawable(  989): onReceive level=27,plugType=0,status=3
08-21 11:28:24.909 D/BatteryMeterDrawable(  989): BatteryMeterViewAnimationShow level should be =27
08-21 11:28:25.018 D/Power-HealthInfoCallback(  397): Update charge status to: 0
08-21 11:28:25.023 D/BatteryMeterDrawable(  989): onBatteryLevelChanged level=27,pluggedIn=false,charging=false
08-21 11:28:25.023 D/BatteryMeterDrawable(  989): onBatteryLevelChanged level=27,pluggedIn=false,charging=false
08-21 11:28:25.023 I/收到广播--- logs::( 1595): android.intent.action.BATTERY_CHANGED
08-21 11:28:25.036 D/BatteryMeterDrawable(  989): onReceive action=android.intent.action.BATTERY_CHANGED
08-21 11:28:25.036 D/BatteryMeterDrawable(  989): onReceive level=27,plugType=0,status=3
08-21 11:28:25.036 D/BatteryMeterDrawable(  989): BatteryMeterViewAnimationShow level should be =27
08-21 11:28:25.036 D/BatteryMeterDrawable(  989): onReceive action=android.intent.action.BATTERY_CHANGED
08-21 11:28:25.036 D/BatteryMeterDrawable(  989): onReceive level=27,plugType=0,status=3
08-21 11:28:25.036 D/BatteryMeterDrawable(  989): BatteryMeterViewAnimationShow level should be =27
08-21 11:28:25.036 D/BatteryMeterDrawable(  989): onReceive action=android.intent.action.BATTERY_CHANGED
08-21 11:28:25.036 D/BatteryMeterDrawable(  989): onReceive level=27,plugType=0,status=3
08-21 11:28:25.036 D/BatteryMeterDrawable(  989): BatteryMeterViewAnimationShow level should be =27
08-21 11:28:26.095 D/checkNetWork---( 1595): false
08-21 11:28:29.138 D/checkNetWork---( 1595): false
08-21 11:28:29.773 D/WCND    (  505): is_cp2_alive_ok: open polling interface: /proc/mdbg/loopcheck, fd = 12
08-21 11:28:29.873 D/WCND    (  505): is_cp2_alive_ok: loop: /proc/mdbg/loopcheck is OK
08-21 11:28:29.898 I/ThermalChargeDetect(  492): charge status: Discharging
08-21 11:28:30.022 I/ThermalChargeDetect(  492): charge status: Discharging
08-21 11:28:30.025 D/Power-HealthInfoCallback(  397): Update charge status to: 0
08-21 11:28:30.035 I/收到广播--- logs::( 1595): android.intent.action.BATTERY_CHANGED
08-21 11:28:30.036 D/BatteryMeterDrawable(  989): onBatteryLevelChanged level=27,pluggedIn=false,charging=false
08-21 11:28:30.037 D/BatteryMeterDrawable(  989): onBatteryLevelChanged level=27,pluggedIn=false,charging=false
08-21 11:28:30.037 D/BatteryMeterDrawable(  989): onReceive action=android.intent.action.BATTERY_CHANGED
08-21 11:28:30.037 D/BatteryMeterDrawable(  989): onReceive level=27,plugType=0,status=3
08-21 11:28:30.037 D/BatteryMeterDrawable(  989): BatteryMeterViewAnimationShow level should be =27
08-21 11:28:30.037 D/BatteryMeterDrawable(  989): onReceive action=android.intent.action.BATTERY_CHANGED
08-21 11:28:30.037 D/BatteryMeterDrawable(  989): onReceive level=27,plugType=0,status=3
08-21 11:28:30.037 D/BatteryMeterDrawable(  989): BatteryMeterViewAnimationShow level should be =27
08-21 11:28:30.038 D/BatteryMeterDrawable(  989): onReceive action=android.intent.action.BATTERY_CHANGED
08-21 11:28:30.038 D/BatteryMeterDrawable(  989): onReceive level=27,plugType=0,status=3
08-21 11:28:30.038 D/BatteryMeterDrawable(  989): BatteryMeterViewAnimationShow level should be =27
08-21 11:28:30.148 D/Power-HealthInfoCallback(  397): Update charge status to: 0
08-21 11:28:30.153 D/BatteryMeterDrawable(  989): onBatteryLevelChanged level=27,pluggedIn=false,charging=false
08-21 11:28:30.154 I/收到广播--- logs::( 1595): android.intent.action.BATTERY_CHANGED
08-21 11:28:30.154 D/BatteryMeterDrawable(  989): onBatteryLevelChanged level=27,pluggedIn=false,charging=false
08-21 11:28:30.154 D/BatteryMeterDrawable(  989): onBatteryLevelChanged level=27,pluggedIn=false,charging=false
08-21 11:28:30.155 D/BatteryMeterDrawable(  989): onReceive action=android.intent.action.BATTERY_CHANGED
08-21 11:28:30.155 D/BatteryMeterDrawable(  989): onReceive level=27,plugType=0,status=3
08-21 11:28:30.155 D/BatteryMeterDrawable(  989): BatteryMeterViewAnimationShow level should be =27
08-21 11:28:30.155 D/BatteryMeterDrawable(  989): onReceive action=android.intent.action.BATTERY_CHANGED
08-21 11:28:30.155 D/BatteryMeterDrawable(  989): onReceive level=27,plugType=0,status=3
08-21 11:28:30.155 D/BatteryMeterDrawable(  989): BatteryMeterViewAnimationShow level should be =27
08-21 11:28:30.155 D/BatteryMeterDrawable(  989): onReceive action=android.intent.action.BATTERY_CHANGED
08-21 11:28:30.155 D/BatteryMeterDrawable(  989): onReceive level=27,plugType=0,status=3
08-21 11:28:30.155 D/BatteryMeterDrawable(  989): BatteryMeterViewAnimationShow level should be =27
08-21 11:28:30.652 I/chatty  (  767): uid=1000(system) WifiScanningSer expire 6 lines
08-21 11:28:32.183 D/checkNetWork---( 1595): false
08-21 11:28:34.877 D/WCND    (  505): is_cp2_alive_ok: open polling interface: /proc/mdbg/loopcheck, fd = 12
08-21 11:28:34.977 D/WCND    (  505): is_cp2_alive_ok: loop: /proc/mdbg/loopcheck is OK
08-21 11:28:35.097 I/ThermalChargeDetect(  492): charge status: Discharging
08-21 11:28:35.215 I/ThermalChargeDetect(  492): charge status: Discharging
08-21 11:28:35.223 D/Power-HealthInfoCallback(  397): Update charge status to: 0
08-21 11:28:35.226 D/BatteryMeterDrawable(  989): onBatteryLevelChanged level=27,pluggedIn=false,charging=false
08-21 11:28:35.227 D/BatteryMeterDrawable(  989): onBatteryLevelChanged level=27,pluggedIn=false,charging=false
08-21 11:28:35.227 D/checkNetWork---( 1595): false
08-21 11:28:35.228 D/BatteryMeterDrawable(  989): onReceive action=android.intent.action.BATTERY_CHANGED
08-21 11:28:35.228 D/BatteryMeterDrawable(  989): onReceive level=27,plugType=0,status=3
08-21 11:28:35.228 D/BatteryMeterDrawable(  989): BatteryMeterViewAnimationShow level should be =27
08-21 11:28:35.228 D/BatteryMeterDrawable(  989): onReceive action=android.intent.action.BATTERY_CHANGED
08-21 11:28:35.228 D/BatteryMeterDrawable(  989): onReceive level=27,plugType=0,status=3
08-21 11:28:35.228 D/BatteryMeterDrawable(  989): BatteryMeterViewAnimationShow level should be =27
08-21 11:28:35.228 D/BatteryMeterDrawable(  989): onReceive action=android.intent.action.BATTERY_CHANGED
08-21 11:28:35.228 D/BatteryMeterDrawable(  989): onReceive level=27,plugType=0,status=3
08-21 11:28:35.228 D/BatteryMeterDrawable(  989): BatteryMeterViewAnimationShow level should be =27
08-21 11:28:35.232 I/收到广播--- logs::( 1595): android.intent.action.BATTERY_CHANGED
08-21 11:28:35.342 D/Power-HealthInfoCallback(  397): Update charge status to: 0
08-21 11:28:35.843 D/sprd_halo_cali(  691): : @@@###start halo_ctrl_verify_license !!!
08-21 11:28:35.843 D/sprd_halo_cali(  691): : @@@###start halo_ctrl_verify_license !!!
08-21 11:28:35.843 D/sprd_halo_cali(  691): :  [tid:711]###@@@@ halo go halo_pipe_call
08-21 11:28:35.843 D/sprd_halo_cali(  691): 
08-21 11:28:35.843 D/sprd_halo_cali(  691): :  [tid:711]###@@@@ halo go out halo_pipe_call
08-21 11:28:35.843 D/sprd_halo_cali(  691): 
08-21 11:28:35.861 D/sprd_halo_cali(  691): : period halo_ctrl_verify_license ret [0x01]
08-21 11:28:35.861 D/sprd_halo_cali(  691): : period check ok [1]
08-21 11:28:38.268 D/checkNetWork---( 1595): false
08-21 11:28:38.943 I/chatty  (  493): uid=1000(system) watchdog expire 2 lines
08-21 11:28:39.983 D/WCND    (  505): is_cp2_alive_ok: open polling interface: /proc/mdbg/loopcheck, fd = 12
08-21 11:28:40.083 D/WCND    (  505): is_cp2_alive_ok: loop: /proc/mdbg/loopcheck is OK
08-21 11:28:40.296 I/ThermalChargeDetect(  492): charge status: Discharging
08-21 11:28:40.413 I/ThermalChargeDetect(  492): charge status: Discharging
08-21 11:28:40.423 D/Power-HealthInfoCallback(  397): Update charge status to: 0
08-21 11:28:40.542 D/Power-HealthInfoCallback(  397): Update charge status to: 0
08-21 11:28:40.546 D/BatteryMeterDrawable(  989): onBatteryLevelChanged level=27,pluggedIn=false,charging=false
08-21 11:28:40.547 D/BatteryMeterDrawable(  989): onBatteryLevelChanged level=27,pluggedIn=false,charging=false
08-21 11:28:40.547 I/收到广播--- logs::( 1595): android.intent.action.BATTERY_CHANGED
08-21 11:28:40.548 D/BatteryMeterDrawable(  989): onBatteryLevelChanged level=27,pluggedIn=false,charging=false
08-21 11:28:40.551 D/BatteryMeterDrawable(  989): onReceive action=android.intent.action.BATTERY_CHANGED
08-21 11:28:40.551 D/BatteryMeterDrawable(  989): onReceive level=27,plugType=0,status=3
08-21 11:28:40.551 D/BatteryMeterDrawable(  989): BatteryMeterViewAnimationShow level should be =27
08-21 11:28:40.551 D/BatteryMeterDrawable(  989): onReceive action=android.intent.action.BATTERY_CHANGED
08-21 11:28:40.551 D/BatteryMeterDrawable(  989): onReceive level=27,plugType=0,status=3
08-21 11:28:40.551 D/BatteryMeterDrawable(  989): BatteryMeterViewAnimationShow level should be =27
08-21 11:28:40.552 D/BatteryMeterDrawable(  989): onReceive action=android.intent.action.BATTERY_CHANGED
08-21 11:28:40.552 D/BatteryMeterDrawable(  989): onReceive level=27,plugType=0,status=3
08-21 11:28:40.552 D/BatteryMeterDrawable(  989): BatteryMeterViewAnimationShow level should be =27
08-21 11:28:41.238 I/chatty  (  767): uid=1000(system) android.fg expire 21 lines
08-21 11:28:41.274 D/ip_monitor-445( 2400): 24: wlan0: <BROADCAST,MULTICAST> mtu 1500 qdisc pfifo_fast state DOWN group default
08-21 11:28:41.305 D/ip_monitor-445( 2401): link/ether 9e:ac:e7:b8:43:b8 brd ff:ff:ff:ff:ff:ff
08-21 11:28:41.308 D/checkNetWork---( 1595): false
08-21 11:28:41.338 D/ip_monitor-445( 2402): 24: wlan0: <BROADCAST,MULTICAST> mtu 1500 qdisc pfifo_fast state DOWN group default
08-21 11:28:41.376 D/ip_monitor-445( 2403): link/ether 0e:4f:2d:ec:a5:48 brd ff:ff:ff:ff:ff:ff
08-21 11:28:41.400 I/netd    (  366): interfaceGetCfg("wlan0") <0.63ms>
08-21 11:28:41.401 I/netd    (  366): interfaceGetCfg("wlan0") <0.42ms>
08-21 11:28:41.406 I/netd    (  366): interfaceGetCfg("wlan0") <0.40ms>
08-21 11:28:41.421 D/ip_monitor-445( 2404): 24: wlan0: <NO-CARRIER,BROADCAST,MULTICAST,UP> mtu 1500 qdisc pfifo_fast state DOWN group default
08-21 11:28:41.451 D/ip_monitor-445( 2405): link/ether 0e:4f:2d:ec:a5:48 brd ff:ff:ff:ff:ff:ff
08-21 11:28:41.783 I/chatty  (  767): uid=1000(system) Binder:767_7 expire 14 lines
08-21 11:28:41.784 I/wpa_supplicant( 2165): wlan0: Trying to associate with SSID 'Killha\xe2\x80\x99s Device'
08-21 11:28:41.787 I/chatty  (  767): uid=1000(system) WifiNetworkMoni expire 12 lines
08-21 11:28:41.794 I/chatty  ( 1147): uid=1000(system) com.android.settings expire 64 lines
08-21 11:28:41.914 I/wpa_supplicant( 2165): wlan0: Associated with 82:0c:64:f2:ba:1d
08-21 11:28:41.914 I/netd    (  366): interfaceGetCfg("wlan0") <1.03ms>
08-21 11:28:41.914 I/wpa_supplicant( 2165): wlan0: CTRL-EVENT-SUBNET-STATUS-UPDATE status=0
08-21 11:28:41.936 I/wpa_supplicant( 2165): wlan0: WPA: RX message 1 of 4-Way Handshake from 82:0c:64:f2:ba:1d (ver=2)
08-21 11:28:41.937 I/wpa_supplicant( 2165): wlan0: WPA: Sending EAPOL-Key 2/4
08-21 11:28:41.950 I/wpa_supplicant( 2165): wlan0: WPA: RX message 3 of 4-Way Handshake from 82:0c:64:f2:ba:1d (ver=2)
08-21 11:28:41.950 I/wpa_supplicant( 2165): wlan0: WPA: Sending EAPOL-Key 4/4
08-21 11:28:41.956 I/wpa_supplicant( 2165): wlan0: WPA: Key negotiation completed with 82:0c:64:f2:ba:1d [PTK=CCMP GTK=CCMP]
08-21 11:28:41.957 I/wpa_supplicant( 2165): wlan0: CTRL-EVENT-CONNECTED - Connection to 82:0c:64:f2:ba:1d completed [id=0 id_str=%7B%22configKey%22%3A%22%5C%22Killha%E2%80%99s+Device%5C%22WPA_PSK%22%2C%22creatorUid%22%3A%221000%22%7D]
08-21 11:28:41.962 D/ip_monitor-445( 2406): 24: wlan0: <NO-CARRIER,BROADCAST,MULTICAST,UP,LOWER_UP> mtu 1500 qdisc pfifo_fast state DORMANT group default
08-21 11:28:41.975 E/wpa_supplicant( 2165): Unknown driver cmd: BTCOEXMODE 2
08-21 11:28:41.977 E/WifiHAL (  938): wifi_get_packet_filter_capabilities: requestResponse() error: -3
08-21 11:28:41.977 I/WifiHAL (  938): Packet filtering is not supprted
08-21 11:28:41.988 I/netd    (  366): interfaceGetCfg("wlan0") <0.79ms>
08-21 11:28:41.993 D/ip_monitor-445( 2407): link/ether 0e:4f:2d:ec:a5:48 brd ff:ff:ff:ff:ff:ff
08-21 11:28:41.994 I/chatty  (  767): uid=1000(system) WifiRssiLinkSpe expire 10 lines
08-21 11:28:42.016 I/chatty  (  767): uid=1000(system) Binder:767_1 expire 3 lines
08-21 11:28:42.019 E/wpa_supplicant( 2165): Unknown driver cmd: RXFILTER-STOP
08-21 11:28:42.019 E/wpa_supplicant( 2165): Unknown driver cmd: RXFILTER-REMOVE 2
08-21 11:28:42.020 E/wpa_supplicant( 2165): Unknown driver cmd: RXFILTER-START
08-21 11:28:42.022 W/ServiceManager(  366): Permission failure: android.permission.NETWORK_STACK from uid=1073 pid=1062
08-21 11:28:42.023 I/netd    (  366): interfaceSetIPv6PrivacyExtensions("wlan0", "true") <1.06ms>
08-21 11:28:42.024 W/ServiceManager(  366): Permission failure: android.permission.NETWORK_STACK from uid=1073 pid=1062
08-21 11:28:42.024 I/netd    (  366): setIPv6AddrGenMode("wlan0", 0) <1.06ms>
08-21 11:28:42.025 W/ServiceManager(  366): Permission failure: android.permission.NETWORK_STACK from uid=1073 pid=1062
08-21 11:28:42.026 D/ip_monitor-445( 2411): 24: wlan0: <BROADCAST,MULTICAST,UP,LOWER_UP> mtu 1500 qdisc pfifo_fast state UP group default
08-21 11:28:42.031 I/netd    (  366): interfaceSetEnableIPv6("wlan0", "true") <6.09ms>
08-21 11:28:42.035 D/DhcpClient( 1062): net.hostname is empty
08-21 11:28:42.036 D/DhcpClient( 1062): get ANDROID_ID 2e6ec6eccc462e4b
08-21 11:28:42.038 W/ServiceManager(  366): Permission failure: android.permission.NETWORK_STACK from uid=1073 pid=1062
08-21 11:28:42.039 I/netd    (  366): setProcSysNet(4, 2, "wlan0", "retrans_time_ms", "750") <1.17ms>
08-21 11:28:42.040 W/ServiceManager(  366): Permission failure: android.permission.NETWORK_STACK from uid=1073 pid=1062
08-21 11:28:42.040 I/netd    (  366): setProcSysNet(4, 2, "wlan0", "ucast_solicit", "5") <0.75ms>
08-21 11:28:42.041 W/ServiceManager(  366): Permission failure: android.permission.NETWORK_STACK from uid=1073 pid=1062
08-21 11:28:42.042 I/netd    (  366): setProcSysNet(6, 2, "wlan0", "retrans_time_ms", "750") <1.05ms>
08-21 11:28:42.048 W/ServiceManager(  366): Permission failure: android.permission.NETWORK_STACK from uid=1073 pid=1062
08-21 11:28:42.050 I/netd    (  366): setProcSysNet(6, 2, "wlan0", "ucast_solicit", "5") <6.96ms>
08-21 11:28:42.060 E/Netd    (  366): no such netId 100
08-21 11:28:42.060 I/netd    (  366): networkAddInterface(100, "wlan0") -> ServiceSpecificException(64, "Machine is not on the network") <1.41ms>
08-21 11:28:42.061 D/ip_monitor-445( 2412): link/ether 0e:4f:2d:ec:a5:48 brd ff:ff:ff:ff:ff:ff
08-21 11:28:42.062 E/Netd    (  366): no such netId 100
08-21 11:28:42.063 I/netd    (  366): networkAddRoute(100, "wlan0", "fe80::/64", "") -> ServiceSpecificException(64, "Machine is not on the network") <0.09ms>
08-21 11:28:42.068 I/chatty  (  767): uid=1000(system) ConnectivitySer expire 10 lines
08-21 11:28:42.093 D/ip_monitor-445( 2413): ff00::/8 dev wlan0 table local metric 256 pref medium
08-21 11:28:42.125 D/ip_monitor-445( 2414): fe80::/64 dev wlan0 table 1024 proto kernel metric 256 pref medium
08-21 11:28:42.127 I/netd    (  366): trafficSwapActiveStatsMap() <58.49ms>
08-21 11:28:42.132 I/netd    (  366): tetherGetStats() <2.81ms>
08-21 11:28:42.141 I/chatty  (  767): uid=1000(system) NetworkPolicy expire 8 lines
08-21 11:28:42.162 D/ip_monitor-445( 2415): local fe80::c4f:2dff:feec:a548 dev wlan0 table local proto kernel metric 0 pref medium
08-21 11:28:42.164 D/DhcpClient( 1062): Receive thread started
08-21 11:28:42.165 E/wpa_supplicant( 2165): Unknown driver cmd: BTCOEXMODE 1
08-21 11:28:42.174 D/DhcpClient( 1062): Broadcasting DHCPDISCOVER
08-21 11:28:42.201 D/ip_monitor-445( 2417): 24: wlan0    inet6 fe80::c4f:2dff:feec:a548/64 scope link optimistic tentative
08-21 11:28:42.244 D/ip_monitor-445( 2418): valid_lft forever preferred_lft forever
08-21 11:28:42.308 D/DhcpClient( 1062): Received packet: 0e:4f:2d:ec:a5:48 OFFER, ip /172.20.10.13, mask /255.255.255.240, DNS servers: /172.20.10.1 , gateways [/172.20.10.1] lease time 86400, domain null
08-21 11:28:42.313 D/DhcpClient( 1062): Got pending lease: android.net.networkstack.DhcpResults@cd51341 DHCP server /172.20.10.1 Vendor info null lease 86400 seconds Servername Killhas-Device
08-21 11:28:42.319 D/DhcpClient( 1062): Broadcasting DHCPREQUEST ciaddr=0.0.0.0 request=172.20.10.13 serverid=172.20.10.1
08-21 11:28:42.345 D/DhcpClient( 1062): Received packet: 0e:4f:2d:ec:a5:48 ACK: your new IP /172.20.10.13, netmask /255.255.255.240, gateways [/172.20.10.1] DNS servers: /172.20.10.1 , lease time 86400
08-21 11:28:42.347 D/DhcpClient( 1062): Confirmed lease: android.net.networkstack.DhcpResults@5f81627 DHCP server /172.20.10.1 Vendor info null lease 86400 seconds Servername Killhas-Device
08-21 11:28:42.357 E/wpa_supplicant( 2165): Unknown driver cmd: BTCOEXMODE 2
08-21 11:28:42.369 W/ServiceManager(  366): Permission failure: android.permission.NETWORK_STACK from uid=1073 pid=1062
08-21 11:28:42.370 E/Netd    (  366): no such netId 100
08-21 11:28:42.370 I/netd    (  366): networkAddRoute(100, "wlan0", "172.20.10.0/28", "") -> ServiceSpecificException(64, "Machine is not on the network") <0.14ms>
08-21 11:28:42.371 I/netd    (  366): interfaceSetCfg() <2.98ms>
08-21 11:28:42.374 E/Netd    (  366): no such netId 100
08-21 11:28:42.374 I/netd    (  366): networkAddRoute(100, "wlan0", "0.0.0.0/0", "172.20.10.1") -> ServiceSpecificException(64, "Machine is not on the network") <0.12ms>
08-21 11:28:42.387 I/chatty  (  767): uid=1000(system) Binder:767_2 expire 5 lines
08-21 11:28:42.390 D/DhcpClient( 1062): Scheduling renewal in 43199s
08-21 11:28:42.390 D/DhcpClient( 1062): Scheduling rebind in 75599s
08-21 11:28:42.399 D/DhcpClient( 1062): Scheduling expiry in 86399s
08-21 11:28:42.425 D/ip_monitor-445( 2419): 24: wlan0    inet 172.20.10.13/28 brd 172.20.10.15 scope global wlan0
08-21 11:28:42.441 D/keymaster_worker(  448): start addRngEntropy
08-21 11:28:42.443 D/keymaster_worker(  448): finish addRngEntropy
08-21 11:28:42.443 D/keymaster_worker(  448): start begin
08-21 11:28:42.447 I/netd    (  366): trafficSwapActiveStatsMap() <63.02ms>
08-21 11:28:42.451 D/keymaster_worker(  448): begin hidl cb called
08-21 11:28:42.451 D/keymaster_worker(  448): finish begin
08-21 11:28:42.451 D/keymaster_worker(  448): callback called
08-21 11:28:42.453 D/keymaster_worker(  448): start update
08-21 11:28:42.453 D/android.hardware.keymaster@4.0-impl.unisoc.trusty(  327): There have 1st rounds to send, left:32, total:32
08-21 11:28:42.453 I/netd    (  366): tetherGetStats() <2.67ms>
08-21 11:28:42.454 D/keymaster_worker(  448): finish update
08-21 11:28:42.455 D/keymaster_worker(  448): start finish
08-21 11:28:42.456 D/keymaster_worker(  448): finish finihs
08-21 11:28:42.458 D/ip_monitor-445( 2420): valid_lft forever preferred_lft forever
08-21 11:28:42.471 I/netd    (  366): DnsResolverService::setResolverConfiguration(100, [172.20.10.1], [], 1800, 25, 8, 64, 0, 0, [], []) -> (-64) (0.2ms)
08-21 11:28:42.471 I/netd    (  366): setResolverConfiguration() -> ServiceSpecificException(64, "Machine is not on the network") <0.43ms>
08-21 11:28:42.472 D/keymaster_worker(  448): start addRngEntropy
08-21 11:28:42.473 D/keymaster_worker(  448): finish addRngEntropy
08-21 11:28:42.473 D/keymaster_worker(  448): start begin
08-21 11:28:42.477 D/keymaster_worker(  448): begin hidl cb called
08-21 11:28:42.477 D/keymaster_worker(  448): finish begin
08-21 11:28:42.477 D/keymaster_worker(  448): callback called
08-21 11:28:42.478 D/keymaster_worker(  448): start update
08-21 11:28:42.478 D/android.hardware.keymaster@4.0-impl.unisoc.trusty(  327): There have 1st rounds to send, left:32, total:32
08-21 11:28:42.479 D/keymaster_worker(  448): finish update
08-21 11:28:42.481 D/keymaster_worker(  448): start finish
08-21 11:28:42.482 D/keymaster_worker(  448): finish finihs
08-21 11:28:42.512 D/ip_monitor-445( 2426): local 172.20.10.13 dev wlan0 table local proto kernel scope host src 172.20.10.13
08-21 11:28:42.528 I/netd    (  366): trafficSwapActiveStatsMap() <51.22ms>
08-21 11:28:42.536 I/netd    (  366): tetherGetStats() <7.64ms>
08-21 11:28:42.552 D/ip_monitor-445( 2430): broadcast 172.20.10.15 dev wlan0 table local proto kernel scope link src 172.20.10.13
08-21 11:28:42.556 D/TcpSocketMonitor(  366): resuming tcpinfo polling (interval=30000ms)
08-21 11:28:42.556 I/netd    (  366): networkCreatePhysical(100, 0) <0.23ms>
08-21 11:28:42.563 I/netd    (  366): createNetworkCache(100) <0.04ms>
08-21 11:28:42.571 I/netd    (  366): DnsResolverService::setResolverConfiguration(100, [172.20.10.1], [], 1800, 25, 8, 64, 0, 0, [172.20.10.1], []) -> (0) (1ms)
08-21 11:28:42.572 I/netd    (  366): setResolverConfiguration() <1.22ms>
08-21 11:28:42.583 I/netd    (  366): networkAddInterface(100, "wlan0") <10.91ms>
08-21 11:28:42.585 I/netd    (  366): networkAddRoute(100, "wlan0", "fe80::/64", "") <0.79ms>
08-21 11:28:42.589 I/netd    (  366): networkAddRoute(100, "wlan0", "172.20.10.0/28", "") <0.42ms>
08-21 11:28:42.591 I/netd    (  366): networkAddRoute(100, "wlan0", "0.0.0.0/0", "172.20.10.1") <0.60ms>
08-21 11:28:42.593 D/ip_monitor-445( 2431): 172.20.10.0/28 dev wlan0 proto kernel scope link src 172.20.10.13
08-21 11:28:42.594 I/netd    (  366): DnsResolverService::setResolverConfiguration(100, [172.20.10.1], [], 1800, 25, 8, 64, 0, 0, [172.20.10.1], []) -> (0) (1ms)
08-21 11:28:42.594 I/netd    (  366): setResolverConfiguration() <1.29ms>
08-21 11:28:42.623 D/ip_monitor-445( 2434): broadcast 172.20.10.0 dev wlan0 table local proto kernel scope link src 172.20.10.13
08-21 11:28:42.653 D/ip_monitor-445( 2435): 13000:	from all fwmark 0x10064/0x1ffff iif lo lookup 1024
08-21 11:28:42.667 I/netd    (  366): trafficSwapActiveStatsMap() <67.28ms>
08-21 11:28:42.670 I/netd    (  366): tetherGetStats() <1.68ms>
08-21 11:28:42.682 D/ip_monitor-445( 2436): 13000:	from all fwmark 0x10064/0x1ffff iif lo lookup 1024
08-21 11:28:42.683 I/chatty  (  767): uid=1000(system) ClientModeImpl expire 3 lines
08-21 11:28:42.696 I/netd    (  366): idletimerAddInterface("wlan0", 15, "1") <10.15ms>
08-21 11:28:42.699 I/netd    (  366): networkSetDefault(100) <0.54ms>
08-21 11:28:42.700 I/netd    (  366): setTcpRWmemorySize("524288 1048576 2097152", "262144 524288 1048576") <0.25ms>
08-21 11:28:42.713 W/DnsTlsSocket(  366): SSL_connect error 5, errno=111
08-21 11:28:42.724 D/ip_monitor-445( 2437): 10500:	from all iif lo oif wlan0 uidrange 0-0 lookup 1024
08-21 11:28:42.759 D/ip_monitor-445( 2443): 10500:	from all iif lo oif wlan0 uidrange 0-0 lookup 1024
08-21 11:28:42.777 I/netd    (  366): trafficSwapActiveStatsMap() <57.71ms>
08-21 11:28:42.779 I/Binder:366_3(  366): type=1400 audit(0.0:265): avc: denied { add_name } for name="globalAlert" scontext=u:r:netd:s0 tcontext=u:object_r:proc_net:s0 tclass=dir permissive=1
08-21 11:28:42.779 I/Binder:366_3(  366): type=1400 audit(0.0:266): avc: denied { create } for name="globalAlert" scontext=u:r:netd:s0 tcontext=u:object_r:proc_net:s0 tclass=file permissive=1
08-21 11:28:42.781 I/netd    (  366): tetherGetStats() <2.30ms>
08-21 11:28:42.787 D/ip_monitor-445( 2444): 14000:	from all iif lo oif wlan0 lookup 1024
08-21 11:28:42.797 I/netd    (  366): bandwidthSetGlobalAlert(2097152) <0.61ms>
08-21 11:28:42.806 I/chatty  (  767): uid=1000(system) NetworkTimeUpda expire 4 lines
08-21 11:28:42.810 I/chatty  (  767): uid=1000 system_server expire 1 line
08-21 11:28:42.812 I/chatty  (  767): uid=1000(system) android.io expire 1 line
08-21 11:28:42.816 D/DownloadManager( 1666): mReceiver   action=android.net.conn.CONNECTIVITY_CHANGE
08-21 11:28:42.817 I/收到广播--- logs::( 1595): android.net.conn.CONNECTIVITY_CHANGE
08-21 11:28:42.818 D/DownloadManager( 1666): CONNECTIVITY_CHANGE  extraNetworkType: 1  isConnected: true  isMetered: false
08-21 11:28:42.823 D/UpgradeReceiver( 1941): action ====> android.net.conn.CONNECTIVITY_CHANGE
08-21 11:28:42.829 D/ip_monitor-445( 2445): 14000:	from all iif lo oif wlan0 lookup 1024
08-21 11:28:42.832 I/netd    (  366): bandwidthSetGlobalAlert(2097152) <0.42ms>
08-21 11:28:42.859 D/ip_monitor-445( 2447): 19000:	from all fwmark 0x64/0x1ffff iif lo lookup 1024
08-21 11:28:42.882 E/ResolverController(  366): No valid NAT64 prefix (100, <unspecified>/0)
08-21 11:28:42.888 D/NetworkMonitor/100( 1062): PROBE_DNS connectivitycheck.gstatic.com 200ms OK 142.250.184.3
08-21 11:28:42.891 D/ip_monitor-445( 2448): 19000:	from all fwmark 0x64/0x1ffff iif lo lookup 1024
08-21 11:28:42.894 D/NetworkMonitor/100( 1062): PROBE_DNS www.googleapis.cn 206ms OK 142.250.184.3
08-21 11:28:42.913 D/NetworkSecurityConfig( 1062): No Network Security Config specified, using platform default
08-21 11:28:42.918 E/ResolverController(  366): No valid NAT64 prefix (100, <unspecified>/0)
08-21 11:28:42.919 E/ResolverController(  366): No valid NAT64 prefix (100, <unspecified>/0)
08-21 11:28:42.925 D/ip_monitor-445( 2449): fe80::/64 dev wlan0 table 1024 proto static metric 1024 pref medium
08-21 11:28:42.943 D/GNSSMGT (  493): watchdog: PowerState[UNKOWN STATE], gps_flag[4], readcount[0], idle time = 0, HeartCount = 0
08-21 11:28:42.952 D/ip_monitor-445( 2453): 172.20.10.0/28 dev wlan0 table 1024 proto static scope link
08-21 11:28:42.982 D/ip_monitor-445( 2454): default via 172.20.10.1 dev wlan0 table 1024 proto static
08-21 11:28:43.015 D/ip_monitor-445( 2455): 172.20.10.1 dev wlan0 lladdr f2:c3:71:40:0d:64 REACHABLE
08-21 11:28:43.050 D/ip_monitor-445( 2456): 22000:	from all fwmark 0x0/0xffff iif lo lookup 1024
08-21 11:28:43.085 D/ip_monitor-445( 2458): 22000:	from all fwmark 0x0/0xffff iif lo lookup 1024
08-21 11:28:43.116 D/ip_monitor-445( 2459): 24: wlan0    inet6 fe80::c4f:2dff:feec:a548/64 scope link
08-21 11:28:43.150 D/NetworkMonitor/100( 1062): PROBE_HTTPS http://connectivitycheck.gstatic.com/generate_204 time=233ms ret=204 request={Connection=[close], User-Agent=[Mozilla/5.0 (X11; Linux x86_64) AppleWebKit/537.36 (KHTML, like Gecko) Chrome/60.0.3112.32 Safari/537.36]} headers={null=[HTTP/1.1 204 No Content], Connection=[close], Content-Length=[0], Cross-Origin-Resource-Policy=[cross-origin], Date=[Wed, 21 Aug 2024 10:28:43 GMT], X-Android-Received-Millis=[1724236123149], X-Android-Response-Source=[NETWORK 204], X-Android-Selected-Protocol=[http/1.1], X-Android-Sent-Millis=[1724236123029]}
08-21 11:28:43.152 D/NetworkMonitor/100( 1062): isCaptivePortal: isSuccessful()=true isPortal()=false RedirectUrl=null isPartialConnectivity()=false Time=466ms
08-21 11:28:43.152 D/ip_monitor-445( 2460): valid_lft forever preferred_lft forever
08-21 11:28:43.174 I/netd    (  366): DnsResolverService::setResolverConfiguration(100, [172.20.10.1], [], 1800, 25, 8, 64, 0, 0, [172.20.10.1], []) -> (0) (3ms)
08-21 11:28:43.175 D/GPS_HAL (  493): assist_ril_updateNetworkState: connected:1,type:1,roaming:1,extra:(null)
08-21 11:28:43.177 I/netd    (  366): setResolverConfiguration() <5.13ms>
08-21 11:28:43.179 D/GNSSMGT (  493): gnssmgt_agps_ril_updateNwState: enter
08-21 11:28:43.179 D/GNSSMGT (  493): assist_ril_update_network_state: enter, connected[1],type[1],roaming[1], extra[(null)]
08-21 11:28:43.181 W/DnsTlsSocket(  366): SSL_connect error 5, errno=111
08-21 11:28:43.182 D/GPS_HAL (  493): assist_ril_updateNetworkAvail entry avaiable:1 
08-21 11:28:43.182 D/GPS_HAL (  493): assist_ril_updateNetworkAvail entry avaiable:dummy-apn 
08-21 11:28:43.182 D/GNSSMGT (  493): gnssmgt_agps_ril_updateNwAvailability: enter
08-21 11:28:43.182 E/GNSSMGT (  493): assist_ril_update_network_availability: enter, network avaiable[1],apn[dummy-apn]
08-21 11:28:43.193 D/NetworkMonitor/100( 1062): PROBE_HTTP http://www.googleapis.cn/generate_204 time=276ms ret=204 request={Connection=[close], User-Agent=[Mozilla/5.0 (X11; Linux x86_64) AppleWebKit/537.36 (KHTML, like Gecko) Chrome/60.0.3112.32 Safari/537.36]} headers={null=[HTTP/1.1 204 No Content], Connection=[close], Content-Length=[0], Cross-Origin-Resource-Policy=[cross-origin], Date=[Wed, 21 Aug 2024 10:28:43 GMT], X-Android-Received-Millis=[1724236123192], X-Android-Response-Source=[NETWORK 204], X-Android-Selected-Protocol=[http/1.1], X-Android-Sent-Millis=[1724236123056]}
08-21 11:28:43.196 D/GPS_HAL (  493): gps_injectTime entry  time:1724236123595,timeref= 378087, uncert =90
08-21 11:28:43.196 D/GNSSMGT (  493): gnssmgt_injectTime: enter
08-21 11:28:43.196 D/GNSSMGT (  493): gps_inject_time: enter, time[1724236123595], timeref[378087], uncert[90]
08-21 11:28:43.196 D/GNSSMGT (  493): gps_sendData: enter, flag[0x41], comm_mode[2], sensorhub[0]
08-21 11:28:43.196 E/GNSSMGT (  493): gps_sendData: command will not send, because the gps engine is not working
08-21 11:28:43.212 D/keymaster_worker(  448): start addRngEntropy
08-21 11:28:43.213 D/keymaster_worker(  448): finish addRngEntropy
08-21 11:28:43.213 D/keymaster_worker(  448): start begin
08-21 11:28:43.214 D/keymaster_worker(  448): begin hidl cb called
08-21 11:28:43.214 D/keymaster_worker(  448): finish begin
08-21 11:28:43.214 D/keymaster_worker(  448): callback called
08-21 11:28:43.215 D/keymaster_worker(  448): start update
08-21 11:28:43.215 D/android.hardware.keymaster@4.0-impl.unisoc.trusty(  327): There have 1st rounds to send, left:32, total:32
08-21 11:28:43.216 D/keymaster_worker(  448): finish update
08-21 11:28:43.221 D/keymaster_worker(  448): start finish
08-21 11:28:43.222 D/keymaster_worker(  448): finish finihs
08-21 11:28:43.237 D/keymaster_worker(  448): start addRngEntropy
08-21 11:28:43.238 D/keymaster_worker(  448): finish addRngEntropy
08-21 11:28:43.238 D/keymaster_worker(  448): start begin
08-21 11:28:43.239 D/keymaster_worker(  448): begin hidl cb called
08-21 11:28:43.239 D/keymaster_worker(  448): finish begin
08-21 11:28:43.239 D/keymaster_worker(  448): callback called
08-21 11:28:43.247 D/keymaster_worker(  448): start update
08-21 11:28:43.247 D/android.hardware.keymaster@4.0-impl.unisoc.trusty(  327): There have 1st rounds to send, left:32, total:32
08-21 11:28:43.248 D/keymaster_worker(  448): finish update
08-21 11:28:43.249 D/keymaster_worker(  448): start finish
08-21 11:28:43.249 D/keymaster_worker(  448): finish finihs
08-21 11:28:43.263 D/keymaster_worker(  448): start addRngEntropy
08-21 11:28:43.263 D/keymaster_worker(  448): finish addRngEntropy
08-21 11:28:43.263 D/keymaster_worker(  448): start begin
08-21 11:28:43.264 D/keymaster_worker(  448): begin hidl cb called
08-21 11:28:43.264 D/keymaster_worker(  448): finish begin
08-21 11:28:43.264 D/keymaster_worker(  448): callback called
08-21 11:28:43.265 D/keymaster_worker(  448): start update
08-21 11:28:43.266 D/android.hardware.keymaster@4.0-impl.unisoc.trusty(  327): There have 1st rounds to send, left:32, total:32
08-21 11:28:43.266 D/keymaster_worker(  448): finish update
08-21 11:28:43.267 D/keymaster_worker(  448): start finish
08-21 11:28:43.267 D/keymaster_worker(  448): finish finihs
08-21 11:28:43.279 D/keymaster_worker(  448): start addRngEntropy
08-21 11:28:43.279 D/keymaster_worker(  448): finish addRngEntropy
08-21 11:28:43.279 D/keymaster_worker(  448): start begin
08-21 11:28:43.280 D/keymaster_worker(  448): begin hidl cb called
08-21 11:28:43.280 D/keymaster_worker(  448): finish begin
08-21 11:28:43.280 D/keymaster_worker(  448): callback called
08-21 11:28:43.282 D/keymaster_worker(  448): start update
08-21 11:28:43.282 I/ndroid.systemu(  989): NativeAlloc concurrent copying GC freed 28549(1343KB) AllocSpace objects, 0(0B) LOS objects, 42% free, 4078KB/7150KB, paused 84us total 105.395ms
08-21 11:28:43.282 D/android.hardware.keymaster@4.0-impl.unisoc.trusty(  327): There have 1st rounds to send, left:32, total:32
08-21 11:28:43.282 D/keymaster_worker(  448): finish update
08-21 11:28:43.283 D/keymaster_worker(  448): start finish
08-21 11:28:43.284 D/keymaster_worker(  448): finish finihs
08-21 11:28:43.295 I/gralloc (  989): gralloc_unregister hnd=0x7e7f6b00, share_fd=108, format=1, internal_format=0x1, byte_stride=192, flags=4, usage=0x100, size=16320, width=48, height=85, internalWidth=48, internalHeight=85, stride=48, base=0xa7859000, writeOwner=0, min_pgsz=4096
08-21 11:28:44.349 D/checkNetWork---( 1595): true
08-21 11:28:44.944 D/GNSSMGT (  493): watchdog: PowerState[UNKOWN STATE], gps_flag[4], readcount[0], idle time = 0, HeartCount = 0
08-21 11:28:45.087 D/WCND    (  505): is_cp2_alive_ok: open polling interface: /proc/mdbg/loopcheck, fd = 12
08-21 11:28:45.187 D/WCND    (  505): is_cp2_alive_ok: loop: /proc/mdbg/loopcheck is OK
08-21 11:28:45.423 I/ThermalChargeDetect(  492): charge status: Discharging
08-21 11:28:45.551 I/ThermalChargeDetect(  492): charge status: Discharging
08-21 11:28:45.551 D/Power-HealthInfoCallback(  397): Update charge status to: 0
08-21 11:28:45.555 D/BatteryMeterDrawable(  989): onBatteryLevelChanged level=27,pluggedIn=false,charging=false
08-21 11:28:45.556 D/BatteryMeterDrawable(  989): onBatteryLevelChanged level=27,pluggedIn=false,charging=false
08-21 11:28:45.557 D/BatteryMeterDrawable(  989): onReceive action=android.intent.action.BATTERY_CHANGED
08-21 11:28:45.557 I/收到广播--- logs::( 1595): android.intent.action.BATTERY_CHANGED
08-21 11:28:45.558 D/BatteryMeterDrawable(  989): onReceive level=27,plugType=0,status=3
08-21 11:28:45.558 D/BatteryMeterDrawable(  989): BatteryMeterViewAnimationShow level should be =27
08-21 11:28:45.558 D/BatteryMeterDrawable(  989): onReceive action=android.intent.action.BATTERY_CHANGED
08-21 11:28:45.558 D/BatteryMeterDrawable(  989): onReceive level=27,plugType=0,status=3
08-21 11:28:45.558 D/BatteryMeterDrawable(  989): BatteryMeterViewAnimationShow level should be =27
08-21 11:28:45.562 D/BatteryMeterDrawable(  989): onReceive action=android.intent.action.BATTERY_CHANGED
08-21 11:28:45.562 D/BatteryMeterDrawable(  989): onReceive level=27,plugType=0,status=3
08-21 11:28:45.562 D/BatteryMeterDrawable(  989): BatteryMeterViewAnimationShow level should be =27
08-21 11:28:45.672 D/Power-HealthInfoCallback(  397): Update charge status to: 0
08-21 11:28:45.677 D/BatteryMeterDrawable(  989): onBatteryLevelChanged level=27,pluggedIn=false,charging=false
08-21 11:28:45.678 D/BatteryMeterDrawable(  989): onBatteryLevelChanged level=27,pluggedIn=false,charging=false
08-21 11:28:45.678 I/收到广播--- logs::( 1595): android.intent.action.BATTERY_CHANGED
08-21 11:28:45.678 D/BatteryMeterDrawable(  989): onBatteryLevelChanged level=27,pluggedIn=false,charging=false
08-21 11:28:45.679 D/BatteryMeterDrawable(  989): onReceive action=android.intent.action.BATTERY_CHANGED
08-21 11:28:45.679 D/BatteryMeterDrawable(  989): onReceive level=27,plugType=0,status=3
08-21 11:28:45.680 D/BatteryMeterDrawable(  989): BatteryMeterViewAnimationShow level should be =27
08-21 11:28:45.680 D/BatteryMeterDrawable(  989): onReceive action=android.intent.action.BATTERY_CHANGED
08-21 11:28:45.680 D/BatteryMeterDrawable(  989): onReceive level=27,plugType=0,status=3
08-21 11:28:45.680 D/BatteryMeterDrawable(  989): BatteryMeterViewAnimationShow level should be =27
08-21 11:28:45.680 D/BatteryMeterDrawable(  989): onReceive action=android.intent.action.BATTERY_CHANGED
08-21 11:28:45.680 D/BatteryMeterDrawable(  989): onReceive level=27,plugType=0,status=3
08-21 11:28:45.680 D/BatteryMeterDrawable(  989): BatteryMeterViewAnimationShow level should be =27
08-21 11:28:45.862 V/getsn---( 1595): getSerialNumber = C39P008D00300721
08-21 11:28:45.865 V/getsn---( 1595): getSerialNumber = C39P008D00300721
08-21 11:28:45.866 V/fwling  ( 1595): Constants.SN:C39P008D00300721
08-21 11:28:45.872 V/getsn---( 1595): getSerialNumber = C39P008D00300721
08-21 11:28:45.875 V/getsn---( 1595): getSerialNumber = C39P008D00300721
08-21 11:28:45.879 E/getSP   ( 1595): sn:C39P008D00300721
08-21 11:28:45.953 D/HandledSubscribe( 1595): checkNetWork-----true
08-21 11:28:46.335 E/ResolverController(  366): No valid NAT64 prefix (100, <unspecified>/0)
08-21 11:28:46.632 D/PowerHAL(  397): ###Enter interaction_other scene bgn###
08-21 11:28:46.634 I/chatty  (  767): uid=1000(system) InputDispatcher expire 8 lines
08-21 11:28:46.634 D/PowerHAL(  397): ###Enter interaction_other scene end###
08-21 11:28:46.635 D/PowerHAL(  397): ###Enter interaction_other scene bgn###
08-21 11:28:46.635 D/PowerHAL(  397): ###Enter interaction_other scene end###
08-21 11:28:46.742 D/PowerHAL(  397): ###Enter interaction_other scene bgn###
08-21 11:28:46.742 D/PowerHAL(  397): ###Enter interaction_other scene end###
08-21 11:28:46.742 D/PowerHAL(  397): ###Enter interaction_other scene bgn###
08-21 11:28:46.742 D/PowerHAL(  397): ###Enter interaction_other scene end###
08-21 11:28:46.748 D/PowerHAL(  397): ###Enter interaction_other scene bgn###
08-21 11:28:46.748 D/PowerHAL(  397): ###Enter interaction_other scene end###
08-21 11:28:46.749 V/StatusBar(  989): mStatusBarWindow: com.android.systemui.statusbar.phone.StatusBarWindowView{552d7a9 V.E...... ........ 0,0-480,36} canPanelBeCollapsed(): false expandheight: 0.0
08-21 11:28:46.750 D/PowerHAL(  397): ###Enter launch scene bgn###
08-21 11:28:46.750 D/PowerHAL(  397): ###Enter launch scene end###
08-21 11:28:46.830 D/android.hardware.power@4.0-impl(  397): Enter getSceneIdByName: sceneName:com.telpo.tpui
08-21 11:28:46.935 D/mali_winsys( 1474): EGLint new_window_surface(egl_winsys_display *, void *, EGLSurface, EGLConfig, egl_winsys_surface **, EGLBoolean) returns 0x3000
08-21 11:28:46.942 I/chatty  (  377): uid=1000(system) HwBinder:377_1 expire 52 lines
08-21 11:28:46.943 I/gralloc ( 1474): gralloc_register hnd=0x936c0a00, share_fd=63, format=1, internal_format=0x1, byte_stride=1920, flags=4, usage=0xb00, size=1639680, width=480, height=854, internalWidth=480, internalHeight=854, stride=480, base=0x7d0d5000, writeOwner=0, min_pgsz=4096
08-21 11:28:46.943 E/        ( 1474): Shared attribute region not available to be mapped
08-21 11:28:46.944 I/chatty  (  408): uid=1000(system) Binder:408_5 expire 12 lines
08-21 11:28:46.944 D/GNSSMGT (  493): watchdog: PowerState[UNKOWN STATE], gps_flag[4], readcount[0], idle time = 0, HeartCount = 0
08-21 11:28:46.968 I/chatty  (  767): uid=1000(system) android.anim expire 10 lines
08-21 11:28:46.971 D/PowerHAL(  397): ###Enter interaction_other scene bgn###
08-21 11:28:46.971 D/PowerHAL(  397): ###Enter interaction_other scene end###
08-21 11:28:46.996 I/gralloc (  989): gralloc_register hnd=0x936c0d00, share_fd=105, format=1, internal_format=0x1, byte_stride=192, flags=4, usage=0x366, size=16320, width=48, height=85, internalWidth=48, internalHeight=85, stride=48, base=0xa78ad000, writeOwner=0, min_pgsz=4096
08-21 11:28:46.997 I/gralloc (  989): gralloc_register hnd=0x7e8dd000, share_fd=104, format=1, internal_format=0x1, byte_stride=192, flags=4, usage=0x366, size=16320, width=48, height=85, internalWidth=48, internalHeight=85, stride=48, base=0xa78a9000, writeOwner=0, min_pgsz=4096
